{
  "Entries": [
    {
      "RequestUri": "https://management.azure.com/subscriptions/00000000-0000-0000-0000-000000000000/resourcegroups/create62422767?api-version=2021-04-01",
      "RequestMethod": "PUT",
      "RequestHeaders": {
        "Accept": "application/json",
        "Accept-Encoding": "gzip",
        "Authorization": "Sanitized",
        "Content-Length": "21",
        "Content-Type": "application/json",
        "User-Agent": "azsdk-go-armresources/v0.3.1 azsdk-go-azcore/v0.21.0 (go1.17; Windows_NT)"
      },
      "RequestBody": {
        "location": "westus"
      },
      "StatusCode": 201,
      "ResponseHeaders": {
        "Cache-Control": "no-cache",
        "Content-Length": "225",
        "Content-Type": "application/json; charset=utf-8",
        "Date": "Mon, 28 Feb 2022 08:43:44 GMT",
        "Expires": "-1",
        "Pragma": "no-cache",
        "Strict-Transport-Security": "max-age=31536000; includeSubDomains",
        "X-Content-Type-Options": "nosniff",
        "x-ms-correlation-request-id": "999a9413-b48d-4833-a387-2a05aa03cf80",
        "x-ms-ratelimit-remaining-subscription-writes": "1183",
        "x-ms-request-id": "999a9413-b48d-4833-a387-2a05aa03cf80",
        "x-ms-routing-request-id": "SOUTHEASTASIA:20220228T084345Z:999a9413-b48d-4833-a387-2a05aa03cf80"
      },
      "ResponseBody": {
        "id": "/subscriptions/00000000-0000-0000-0000-000000000000/resourceGroups/create62422767",
        "name": "create62422767",
        "type": "Microsoft.Resources/resourceGroups",
        "location": "westus",
        "properties": {
          "provisioningState": "Succeeded"
        }
      }
    },
    {
      "RequestUri": "https://management.azure.com/subscriptions/00000000-0000-0000-0000-000000000000/resourceGroups/create62422767/providers/Microsoft.Storage/storageAccounts/account62422767?api-version=2021-08-01",
      "RequestMethod": "PUT",
      "RequestHeaders": {
        "Accept": "application/json",
        "Accept-Encoding": "gzip",
        "Authorization": "Sanitized",
        "Content-Length": "274",
        "Content-Type": "application/json",
        "User-Agent": "azsdk-go-armstorage/v0.4.1 azsdk-go-azcore/v0.21.0 (go1.17; Windows_NT)"
      },
      "RequestBody": {
        "kind": "StorageV2",
        "location": "westus",
        "properties": {
          "encryption": {
            "keySource": "Microsoft.Storage",
            "services": {
              "blob": {
                "enabled": true,
                "keyType": "Account"
              },
              "file": {
                "enabled": true,
                "keyType": "Account"
              }
            }
          }
        },
        "sku": {
          "name": "Standard_GRS"
        },
        "tags": {
          "key1": "value1",
          "key2": "value2"
        }
      },
      "StatusCode": 202,
      "ResponseHeaders": {
        "Cache-Control": "no-cache",
        "Content-Length": "0",
        "Content-Type": "text/plain; charset=utf-8",
        "Date": "Mon, 28 Feb 2022 08:43:49 GMT",
        "Expires": "-1",
        "Location": "https://management.azure.com/subscriptions/00000000-0000-0000-0000-000000000000/providers/Microsoft.Storage/locations/westus/asyncoperations/067e23f5-b96f-4c72-8e4d-6ccf3719acd0?monitor=true\u0026api-version=2021-08-01",
        "Pragma": "no-cache",
        "Retry-After": "17",
        "Server": "Microsoft-Azure-Storage-Resource-Provider/1.0,Microsoft-HTTPAPI/2.0 Microsoft-HTTPAPI/2.0",
        "Strict-Transport-Security": "max-age=31536000; includeSubDomains",
        "X-Content-Type-Options": "nosniff",
        "x-ms-correlation-request-id": "e10454a5-6041-4925-b921-dd36a28293f6",
        "x-ms-ratelimit-remaining-subscription-writes": "1182",
        "x-ms-request-id": "067e23f5-b96f-4c72-8e4d-6ccf3719acd0",
        "x-ms-routing-request-id": "SOUTHEASTASIA:20220228T084349Z:e10454a5-6041-4925-b921-dd36a28293f6"
      },
      "ResponseBody": null
    },
    {
      "RequestUri": "https://management.azure.com/subscriptions/00000000-0000-0000-0000-000000000000/providers/Microsoft.Storage/locations/westus/asyncoperations/067e23f5-b96f-4c72-8e4d-6ccf3719acd0?monitor=true\u0026api-version=2021-08-01",
      "RequestMethod": "GET",
      "RequestHeaders": {
        ":method": "GET",
        "Accept-Encoding": "gzip",
        "Authorization": "Sanitized",
        "User-Agent": "azsdk-go-armstorage/v0.4.1 azsdk-go-azcore/v0.21.0 (go1.17; Windows_NT)"
      },
      "RequestBody": null,
      "StatusCode": 200,
      "ResponseHeaders": {
        "Cache-Control": "no-cache",
        "Content-Encoding": "gzip",
        "Content-Type": "application/json",
        "Date": "Mon, 28 Feb 2022 08:44:06 GMT",
        "Expires": "-1",
        "Pragma": "no-cache",
        "Server": "Microsoft-Azure-Storage-Resource-Provider/1.0,Microsoft-HTTPAPI/2.0 Microsoft-HTTPAPI/2.0",
        "Strict-Transport-Security": "max-age=31536000; includeSubDomains",
        "Transfer-Encoding": "chunked",
        "Vary": "Accept-Encoding",
        "X-Content-Type-Options": "nosniff",
        "x-ms-correlation-request-id": "bd1da348-7a61-474a-af1b-ab4228cf8d04",
        "x-ms-ratelimit-remaining-subscription-reads": "11990",
        "x-ms-request-id": "28cc3c5e-1f9d-4bf7-8901-a8bf6068d2f8",
        "x-ms-routing-request-id": "SOUTHEASTASIA:20220228T084406Z:bd1da348-7a61-474a-af1b-ab4228cf8d04"
      },
      "ResponseBody": {
        "sku": {
          "name": "Standard_GRS",
          "tier": "Standard"
        },
        "kind": "StorageV2",
        "id": "/subscriptions/00000000-0000-0000-0000-000000000000/resourceGroups/create62422767/providers/Microsoft.Storage/storageAccounts/account62422767",
        "name": "account62422767",
        "type": "Microsoft.Storage/storageAccounts",
        "location": "westus",
        "tags": {
          "key1": "value1",
          "key2": "value2"
        },
        "properties": {
          "keyCreationTime": {
            "key1": "2022-02-28T08:43:47.6055778Z",
            "key2": "2022-02-28T08:43:47.6055778Z"
          },
          "privateEndpointConnections": [],
          "minimumTlsVersion": "TLS1_0",
          "allowBlobPublicAccess": true,
          "networkAcls": {
            "bypass": "AzureServices",
            "virtualNetworkRules": [],
            "ipRules": [],
            "defaultAction": "Allow"
          },
          "supportsHttpsTrafficOnly": true,
          "encryption": {
            "services": {
              "file": {
                "keyType": "Account",
                "enabled": true,
                "lastEnabledTime": "2022-02-28T08:43:47.6211909Z"
              },
              "blob": {
                "keyType": "Account",
                "enabled": true,
                "lastEnabledTime": "2022-02-28T08:43:47.6211909Z"
              }
            },
            "keySource": "Microsoft.Storage"
          },
          "accessTier": "Hot",
          "provisioningState": "Succeeded",
          "creationTime": "2022-02-28T08:43:47.5117949Z",
          "primaryEndpoints": {
            "dfs": "https://account62422767.dfs.core.windows.net/",
            "web": "https://account62422767.z22.web.core.windows.net/",
            "blob": "https://account62422767.blob.core.windows.net/",
            "queue": "https://account62422767.queue.core.windows.net/",
            "table": "https://account62422767.table.core.windows.net/",
            "file": "https://account62422767.file.core.windows.net/"
          },
          "primaryLocation": "westus",
          "statusOfPrimary": "available",
          "secondaryLocation": "eastus",
          "statusOfSecondary": "available"
        }
      }
    },
    {
      "RequestUri": "https://management.azure.com/subscriptions/00000000-0000-0000-0000-000000000000/resourceGroups/create62422767/providers/Microsoft.Storage/storageAccounts/account62422767/blobServices/default/containers/container62422767?api-version=2021-08-01",
      "RequestMethod": "PUT",
      "RequestHeaders": {
        "Accept": "application/json",
        "Accept-Encoding": "gzip",
        "Authorization": "Sanitized",
        "Content-Length": "2",
        "Content-Type": "application/json",
        "User-Agent": "azsdk-go-armstorage/v0.4.1 azsdk-go-azcore/v0.21.0 (go1.17; Windows_NT)"
      },
      "RequestBody": {},
      "StatusCode": 201,
      "ResponseHeaders": {
        "Cache-Control": "no-cache",
        "Content-Length": "294",
        "Content-Type": "application/json",
        "Date": "Mon, 28 Feb 2022 08:44:07 GMT",
        "ETag": "\u00220x8D9FA967B728F42\u0022",
        "Expires": "-1",
        "Pragma": "no-cache",
        "Server": "Microsoft-Azure-Storage-Resource-Provider/1.0,Microsoft-HTTPAPI/2.0 Microsoft-HTTPAPI/2.0",
        "Strict-Transport-Security": "max-age=31536000; includeSubDomains",
        "X-Content-Type-Options": "nosniff",
        "x-ms-correlation-request-id": "722ae1d6-ec49-4a03-a66b-db461228b475",
        "x-ms-ratelimit-remaining-subscription-writes": "1181",
        "x-ms-request-id": "2fba1bd8-58f9-4d74-8543-0ca5c9016e7b",
        "x-ms-routing-request-id": "SOUTHEASTASIA:20220228T084407Z:722ae1d6-ec49-4a03-a66b-db461228b475"
      },
      "ResponseBody": {
        "id": "/subscriptions/00000000-0000-0000-0000-000000000000/resourceGroups/create62422767/providers/Microsoft.Storage/storageAccounts/account62422767/blobServices/default/containers/container62422767",
        "name": "container62422767",
        "type": "Microsoft.Storage/storageAccounts/blobServices/containers"
      }
    },
    {
      "RequestUri": "https://management.azure.com/subscriptions/00000000-0000-0000-0000-000000000000/resourceGroups/create62422767/providers/Microsoft.Storage/storageAccounts/account62422767/blobServices/default/containers/container62422767?api-version=2021-08-01",
      "RequestMethod": "PATCH",
      "RequestHeaders": {
        "Accept": "application/json",
        "Accept-Encoding": "gzip",
        "Authorization": "Sanitized",
        "Content-Length": "74",
        "Content-Type": "application/json",
        "User-Agent": "azsdk-go-armstorage/v0.4.1 azsdk-go-azcore/v0.21.0 (go1.17; Windows_NT)"
      },
      "RequestBody": {
        "properties": {
          "metadata": {
            "metadata": "true"
          },
          "publicAccess": "Container"
        }
      },
      "StatusCode": 200,
      "ResponseHeaders": {
        "Cache-Control": "no-cache",
        "Content-Encoding": "gzip",
        "Content-Type": "application/json",
        "Date": "Mon, 28 Feb 2022 08:44:07 GMT",
        "ETag": "\u00220x8D9FA967BB50CCD\u0022",
        "Expires": "-1",
        "Pragma": "no-cache",
        "Server": "Microsoft-Azure-Storage-Resource-Provider/1.0,Microsoft-HTTPAPI/2.0 Microsoft-HTTPAPI/2.0",
        "Strict-Transport-Security": "max-age=31536000; includeSubDomains",
        "Transfer-Encoding": "chunked",
        "Vary": "Accept-Encoding",
        "X-Content-Type-Options": "nosniff",
        "x-ms-correlation-request-id": "00118078-9f6a-427e-b188-86a63acc755f",
        "x-ms-ratelimit-remaining-subscription-writes": "1180",
        "x-ms-request-id": "d1389248-080b-48e2-b1ed-a685d2dfea68",
        "x-ms-routing-request-id": "SOUTHEASTASIA:20220228T084407Z:00118078-9f6a-427e-b188-86a63acc755f"
      },
      "ResponseBody": {
        "id": "/subscriptions/00000000-0000-0000-0000-000000000000/resourceGroups/create62422767/providers/Microsoft.Storage/storageAccounts/account62422767/blobServices/default/containers/container62422767",
        "name": "container62422767",
        "type": "Microsoft.Storage/storageAccounts/blobServices/containers",
        "properties": {
          "deleted": false,
          "remainingRetentionDays": 0,
          "metadata": {
            "metadata": "true"
          },
          "publicAccess": "Container",
          "hasImmutabilityPolicy": false,
          "hasLegalHold": false
        }
      }
    },
    {
      "RequestUri": "https://management.azure.com/subscriptions/00000000-0000-0000-0000-000000000000/resourcegroups/create62422767?api-version=2021-04-01",
      "RequestMethod": "DELETE",
      "RequestHeaders": {
        "Accept": "application/json",
        "Accept-Encoding": "gzip",
        "Authorization": "Sanitized",
        "User-Agent": "azsdk-go-armresources/v0.3.1 azsdk-go-azcore/v0.21.0 (go1.17; Windows_NT)"
      },
      "RequestBody": null,
      "StatusCode": 202,
      "ResponseHeaders": {
        "Cache-Control": "no-cache",
        "Content-Length": "0",
        "Date": "Mon, 28 Feb 2022 08:44:09 GMT",
        "Expires": "-1",
        "Location": "https://management.azure.com/subscriptions/00000000-0000-0000-0000-000000000000/operationresults/eyJqb2JJZCI6IlJFU09VUkNFR1JPVVBERUxFVElPTkpPQi1DUkVBVEU2MjQyMjc2Ny1XRVNUVVMiLCJqb2JMb2NhdGlvbiI6Indlc3R1cyJ9?api-version=2021-04-01",
        "Pragma": "no-cache",
        "Retry-After": "15",
        "Strict-Transport-Security": "max-age=31536000; includeSubDomains",
        "X-Content-Type-Options": "nosniff",
        "x-ms-correlation-request-id": "eb6c9583-7ddc-4dcd-86cc-51d99064ba1c",
        "x-ms-ratelimit-remaining-subscription-deletes": "14994",
        "x-ms-request-id": "eb6c9583-7ddc-4dcd-86cc-51d99064ba1c",
        "x-ms-routing-request-id": "SOUTHEASTASIA:20220228T084409Z:eb6c9583-7ddc-4dcd-86cc-51d99064ba1c"
      },
      "ResponseBody": null
    }
  ],
  "Variables": {}
}
