{
  "Entries": [
    {
      "RequestUri": "https://management.azure.com/subscriptions/00000000-0000-0000-0000-000000000000/resourcegroups/create1500930274?api-version=2021-04-01",
      "RequestMethod": "PUT",
      "RequestHeaders": {
        "Accept": "application/json",
        "Accept-Encoding": "gzip",
        "Authorization": "Sanitized",
        "Content-Length": "21",
        "Content-Type": "application/json",
        "User-Agent": "azsdk-go-armresources/v0.3.1 azsdk-go-azcore/v0.21.0 (go1.17; Windows_NT)"
      },
      "RequestBody": {
        "location": "westus"
      },
      "StatusCode": 201,
      "ResponseHeaders": {
        "Cache-Control": "no-cache",
        "Content-Length": "229",
        "Content-Type": "application/json; charset=utf-8",
        "Date": "Mon, 28 Feb 2022 08:41:55 GMT",
        "Expires": "-1",
        "Pragma": "no-cache",
        "Strict-Transport-Security": "max-age=31536000; includeSubDomains",
        "X-Content-Type-Options": "nosniff",
        "x-ms-correlation-request-id": "6a635cda-fa60-4110-ab61-43c5f1d6ab80",
        "x-ms-ratelimit-remaining-subscription-writes": "1196",
        "x-ms-request-id": "6a635cda-fa60-4110-ab61-43c5f1d6ab80",
        "x-ms-routing-request-id": "SOUTHEASTASIA:20220228T084156Z:6a635cda-fa60-4110-ab61-43c5f1d6ab80"
      },
      "ResponseBody": {
        "id": "/subscriptions/00000000-0000-0000-0000-000000000000/resourceGroups/create1500930274",
        "name": "create1500930274",
        "type": "Microsoft.Resources/resourceGroups",
        "location": "westus",
        "properties": {
          "provisioningState": "Succeeded"
        }
      }
    },
    {
      "RequestUri": "https://management.azure.com/subscriptions/00000000-0000-0000-0000-000000000000/resourceGroups/create1500930274/providers/Microsoft.Storage/storageAccounts/account1500930274?api-version=2021-08-01",
      "RequestMethod": "PUT",
      "RequestHeaders": {
        "Accept": "application/json",
        "Accept-Encoding": "gzip",
        "Authorization": "Sanitized",
        "Content-Length": "274",
        "Content-Type": "application/json",
        "User-Agent": "azsdk-go-armstorage/v0.4.1 azsdk-go-azcore/v0.21.0 (go1.17; Windows_NT)"
      },
      "RequestBody": {
        "kind": "StorageV2",
        "location": "westus",
        "properties": {
          "encryption": {
            "keySource": "Microsoft.Storage",
            "services": {
              "blob": {
                "enabled": true,
                "keyType": "Account"
              },
              "file": {
                "enabled": true,
                "keyType": "Account"
              }
            }
          }
        },
        "sku": {
          "name": "Standard_GRS"
        },
        "tags": {
          "key1": "value1",
          "key2": "value2"
        }
      },
      "StatusCode": 202,
      "ResponseHeaders": {
        "Cache-Control": "no-cache",
        "Content-Length": "0",
        "Content-Type": "text/plain; charset=utf-8",
        "Date": "Mon, 28 Feb 2022 08:42:01 GMT",
        "Expires": "-1",
        "Location": "https://management.azure.com/subscriptions/00000000-0000-0000-0000-000000000000/providers/Microsoft.Storage/locations/westus/asyncoperations/0b63bdda-ecae-4c4a-9c14-ea3adb07c39c?monitor=true\u0026api-version=2021-08-01",
        "Pragma": "no-cache",
        "Retry-After": "17",
        "Server": "Microsoft-Azure-Storage-Resource-Provider/1.0,Microsoft-HTTPAPI/2.0 Microsoft-HTTPAPI/2.0",
        "Strict-Transport-Security": "max-age=31536000; includeSubDomains",
        "X-Content-Type-Options": "nosniff",
        "x-ms-correlation-request-id": "af219b56-06d2-4989-8895-f3eea96d9825",
        "x-ms-ratelimit-remaining-subscription-writes": "1195",
        "x-ms-request-id": "0b63bdda-ecae-4c4a-9c14-ea3adb07c39c",
        "x-ms-routing-request-id": "SOUTHEASTASIA:20220228T084201Z:af219b56-06d2-4989-8895-f3eea96d9825"
      },
      "ResponseBody": null
    },
    {
      "RequestUri": "https://management.azure.com/subscriptions/00000000-0000-0000-0000-000000000000/providers/Microsoft.Storage/locations/westus/asyncoperations/0b63bdda-ecae-4c4a-9c14-ea3adb07c39c?monitor=true\u0026api-version=2021-08-01",
      "RequestMethod": "GET",
      "RequestHeaders": {
        ":method": "GET",
        "Accept-Encoding": "gzip",
        "Authorization": "Sanitized",
        "User-Agent": "azsdk-go-armstorage/v0.4.1 azsdk-go-azcore/v0.21.0 (go1.17; Windows_NT)"
      },
      "RequestBody": null,
      "StatusCode": 202,
      "ResponseHeaders": {
        "Cache-Control": "no-cache",
        "Content-Length": "0",
        "Content-Type": "text/plain; charset=utf-8",
        "Date": "Mon, 28 Feb 2022 08:42:18 GMT",
        "Expires": "-1",
        "Location": "https://management.azure.com/subscriptions/00000000-0000-0000-0000-000000000000/providers/Microsoft.Storage/locations/westus/asyncoperations/0b63bdda-ecae-4c4a-9c14-ea3adb07c39c?monitor=true\u0026api-version=2021-08-01",
        "Pragma": "no-cache",
        "Retry-After": "3",
        "Server": "Microsoft-Azure-Storage-Resource-Provider/1.0,Microsoft-HTTPAPI/2.0 Microsoft-HTTPAPI/2.0",
        "Strict-Transport-Security": "max-age=31536000; includeSubDomains",
        "X-Content-Type-Options": "nosniff",
        "x-ms-correlation-request-id": "72e6fbaf-198f-426c-9596-f2647c97f600",
        "x-ms-ratelimit-remaining-subscription-reads": "11997",
        "x-ms-request-id": "b411e279-7c90-4eb4-861c-654f3697225b",
        "x-ms-routing-request-id": "SOUTHEASTASIA:20220228T084219Z:72e6fbaf-198f-426c-9596-f2647c97f600"
      },
      "ResponseBody": null
    },
    {
      "RequestUri": "https://management.azure.com/subscriptions/00000000-0000-0000-0000-000000000000/providers/Microsoft.Storage/locations/westus/asyncoperations/0b63bdda-ecae-4c4a-9c14-ea3adb07c39c?monitor=true\u0026api-version=2021-08-01",
      "RequestMethod": "GET",
      "RequestHeaders": {
        ":method": "GET",
        "Accept-Encoding": "gzip",
        "Authorization": "Sanitized",
        "User-Agent": "azsdk-go-armstorage/v0.4.1 azsdk-go-azcore/v0.21.0 (go1.17; Windows_NT)"
      },
      "RequestBody": null,
      "StatusCode": 200,
      "ResponseHeaders": {
        "Cache-Control": "no-cache",
        "Content-Encoding": "gzip",
        "Content-Type": "application/json",
        "Date": "Mon, 28 Feb 2022 08:42:22 GMT",
        "Expires": "-1",
        "Pragma": "no-cache",
        "Server": "Microsoft-Azure-Storage-Resource-Provider/1.0,Microsoft-HTTPAPI/2.0 Microsoft-HTTPAPI/2.0",
        "Strict-Transport-Security": "max-age=31536000; includeSubDomains",
        "Transfer-Encoding": "chunked",
        "Vary": "Accept-Encoding",
        "X-Content-Type-Options": "nosniff",
        "x-ms-correlation-request-id": "fd2abe60-777f-4b7d-845b-1f6ce9a577df",
        "x-ms-ratelimit-remaining-subscription-reads": "11996",
        "x-ms-request-id": "32a4ed2a-383f-4cf4-8f1c-a34dabf7b623",
        "x-ms-routing-request-id": "SOUTHEASTASIA:20220228T084222Z:fd2abe60-777f-4b7d-845b-1f6ce9a577df"
      },
      "ResponseBody": {
        "sku": {
          "name": "Standard_GRS",
          "tier": "Standard"
        },
        "kind": "StorageV2",
        "id": "/subscriptions/00000000-0000-0000-0000-000000000000/resourceGroups/create1500930274/providers/Microsoft.Storage/storageAccounts/account1500930274",
        "name": "account1500930274",
        "type": "Microsoft.Storage/storageAccounts",
        "location": "westus",
        "tags": {
          "key1": "value1",
          "key2": "value2"
        },
        "properties": {
          "keyCreationTime": {
            "key1": "2022-02-28T08:41:59.6979175Z",
            "key2": "2022-02-28T08:41:59.6979175Z"
          },
          "privateEndpointConnections": [],
          "minimumTlsVersion": "TLS1_0",
          "allowBlobPublicAccess": true,
          "networkAcls": {
            "bypass": "AzureServices",
            "virtualNetworkRules": [],
            "ipRules": [],
            "defaultAction": "Allow"
          },
          "supportsHttpsTrafficOnly": true,
          "encryption": {
            "services": {
              "file": {
                "keyType": "Account",
                "enabled": true,
                "lastEnabledTime": "2022-02-28T08:41:59.6979175Z"
              },
              "blob": {
                "keyType": "Account",
                "enabled": true,
                "lastEnabledTime": "2022-02-28T08:41:59.6979175Z"
              }
            },
            "keySource": "Microsoft.Storage"
          },
          "accessTier": "Hot",
          "provisioningState": "Succeeded",
          "creationTime": "2022-02-28T08:41:59.6042130Z",
          "primaryEndpoints": {
            "dfs": "https://account1500930274.dfs.core.windows.net/",
            "web": "https://account1500930274.z22.web.core.windows.net/",
            "blob": "https://account1500930274.blob.core.windows.net/",
            "queue": "https://account1500930274.queue.core.windows.net/",
            "table": "https://account1500930274.table.core.windows.net/",
            "file": "https://account1500930274.file.core.windows.net/"
          },
          "primaryLocation": "westus",
          "statusOfPrimary": "available",
          "secondaryLocation": "eastus",
          "statusOfSecondary": "available"
        }
      }
    },
    {
      "RequestUri": "https://management.azure.com/subscriptions/00000000-0000-0000-0000-000000000000/resourceGroups/create1500930274/providers/Microsoft.Storage/storageAccounts/account1500930274/blobServices/default/containers/container1500930274?api-version=2021-08-01",
      "RequestMethod": "PUT",
      "RequestHeaders": {
        "Accept": "application/json",
        "Accept-Encoding": "gzip",
        "Authorization": "Sanitized",
        "Content-Length": "2",
        "Content-Type": "application/json",
        "User-Agent": "azsdk-go-armstorage/v0.4.1 azsdk-go-azcore/v0.21.0 (go1.17; Windows_NT)"
      },
      "RequestBody": {},
      "StatusCode": 201,
      "ResponseHeaders": {
        "Cache-Control": "no-cache",
        "Content-Length": "302",
        "Content-Type": "application/json",
        "Date": "Mon, 28 Feb 2022 08:42:22 GMT",
        "ETag": "\u00220x8D9FA963D29F0CD\u0022",
        "Expires": "-1",
        "Pragma": "no-cache",
        "Server": "Microsoft-Azure-Storage-Resource-Provider/1.0,Microsoft-HTTPAPI/2.0 Microsoft-HTTPAPI/2.0",
        "Strict-Transport-Security": "max-age=31536000; includeSubDomains",
        "X-Content-Type-Options": "nosniff",
        "x-ms-correlation-request-id": "2afc651c-3c93-4835-8314-57f236402ebc",
        "x-ms-ratelimit-remaining-subscription-writes": "1194",
        "x-ms-request-id": "be4bdf99-ddd8-4a03-ba21-1bdbcfc92396",
        "x-ms-routing-request-id": "SOUTHEASTASIA:20220228T084222Z:2afc651c-3c93-4835-8314-57f236402ebc"
      },
      "ResponseBody": {
        "id": "/subscriptions/00000000-0000-0000-0000-000000000000/resourceGroups/create1500930274/providers/Microsoft.Storage/storageAccounts/account1500930274/blobServices/default/containers/container1500930274",
        "name": "container1500930274",
        "type": "Microsoft.Storage/storageAccounts/blobServices/containers"
      }
    },
    {
      "RequestUri": "https://management.azure.com/subscriptions/00000000-0000-0000-0000-000000000000/resourceGroups/create1500930274/providers/Microsoft.Storage/storageAccounts/account1500930274/blobServices/default/containers/container1500930274?api-version=2021-08-01",
      "RequestMethod": "GET",
      "RequestHeaders": {
        ":method": "GET",
        "Accept": "application/json",
        "Accept-Encoding": "gzip",
        "Authorization": "Sanitized",
        "User-Agent": "azsdk-go-armstorage/v0.4.1 azsdk-go-azcore/v0.21.0 (go1.17; Windows_NT)"
      },
      "RequestBody": null,
      "StatusCode": 200,
      "ResponseHeaders": {
        "Cache-Control": "no-cache",
        "Content-Encoding": "gzip",
        "Content-Type": "application/json",
        "Date": "Mon, 28 Feb 2022 08:42:23 GMT",
        "ETag": "\u00220x8D9FA963D29F0CD\u0022",
        "Expires": "-1",
        "Pragma": "no-cache",
        "Server": "Microsoft-Azure-Storage-Resource-Provider/1.0,Microsoft-HTTPAPI/2.0 Microsoft-HTTPAPI/2.0",
        "Strict-Transport-Security": "max-age=31536000; includeSubDomains",
        "Transfer-Encoding": "chunked",
        "Vary": "Accept-Encoding",
        "X-Content-Type-Options": "nosniff",
        "x-ms-correlation-request-id": "fae68da2-4fe0-47d6-97d0-36e5e58727b5",
        "x-ms-ratelimit-remaining-subscription-reads": "11995",
        "x-ms-request-id": "28031dbc-0a27-4e0b-85f3-b84523d2a752",
        "x-ms-routing-request-id": "SOUTHEASTASIA:20220228T084223Z:fae68da2-4fe0-47d6-97d0-36e5e58727b5"
      },
      "ResponseBody": {
        "id": "/subscriptions/00000000-0000-0000-0000-000000000000/resourceGroups/create1500930274/providers/Microsoft.Storage/storageAccounts/account1500930274/blobServices/default/containers/container1500930274",
        "name": "container1500930274",
        "type": "Microsoft.Storage/storageAccounts/blobServices/containers",
        "etag": "\u00220x8D9FA963D29F0CD\u0022",
        "properties": {
          "deleted": false,
          "remainingRetentionDays": 0,
          "defaultEncryptionScope": "$account-encryption-key",
          "denyEncryptionScopeOverride": false,
          "publicAccess": "None",
          "leaseStatus": "Unlocked",
          "leaseState": "Available",
          "lastModifiedTime": "2022-02-28T08:42:22.0000000Z",
          "legalHold": {
            "hasLegalHold": false,
            "tags": []
          },
          "hasImmutabilityPolicy": false,
          "hasLegalHold": false
        }
      }
    },
    {
      "RequestUri": "https://management.azure.com/subscriptions/00000000-0000-0000-0000-000000000000/resourcegroups/create1500930274?api-version=2021-04-01",
      "RequestMethod": "DELETE",
      "RequestHeaders": {
        "Accept": "application/json",
        "Accept-Encoding": "gzip",
        "Authorization": "Sanitized",
        "User-Agent": "azsdk-go-armresources/v0.3.1 azsdk-go-azcore/v0.21.0 (go1.17; Windows_NT)"
      },
      "RequestBody": null,
      "StatusCode": 202,
      "ResponseHeaders": {
        "Cache-Control": "no-cache",
        "Content-Length": "0",
        "Date": "Mon, 28 Feb 2022 08:42:24 GMT",
        "Expires": "-1",
        "Location": "https://management.azure.com/subscriptions/00000000-0000-0000-0000-000000000000/operationresults/eyJqb2JJZCI6IlJFU09VUkNFR1JPVVBERUxFVElPTkpPQi1DUkVBVEUxNTAwOTMwMjc0LVdFU1RVUyIsImpvYkxvY2F0aW9uIjoid2VzdHVzIn0?api-version=2021-04-01",
        "Pragma": "no-cache",
        "Retry-After": "15",
        "Strict-Transport-Security": "max-age=31536000; includeSubDomains",
        "X-Content-Type-Options": "nosniff",
        "x-ms-correlation-request-id": "162ab37d-bd19-429b-8d8e-62f19dd07dc8",
        "x-ms-ratelimit-remaining-subscription-deletes": "14998",
        "x-ms-request-id": "162ab37d-bd19-429b-8d8e-62f19dd07dc8",
        "x-ms-routing-request-id": "SOUTHEASTASIA:20220228T084224Z:162ab37d-bd19-429b-8d8e-62f19dd07dc8"
      },
      "ResponseBody": null
    }
  ],
  "Variables": {}
}
