{
  "Entries": [
    {
      "RequestUri": "https://management.azure.com/subscriptions/00000000-0000-0000-0000-000000000000/resourceGroups/testRG-createIPG2918392337/providers/Microsoft.Network/ipGroups/ipg2918392337?api-version=2021-05-01",
      "RequestMethod": "PUT",
      "RequestHeaders": {
        ":authority": "localhost:5001",
        ":method": "PUT",
        ":path": "/subscriptions/00000000-0000-0000-0000-000000000000/resourceGroups/testRG-createIPG2918392337/providers/Microsoft.Network/ipGroups/ipg2918392337?api-version=2021-05-01",
        ":scheme": "https",
        "Accept": "application/json",
        "Accept-Encoding": "gzip",
        "Authorization": "Sanitized",
        "Content-Length": "105",
        "Content-Type": "application/json",
        "User-Agent": "azsdk-go-armnetwork/v0.3.0 azsdk-go-azcore/v0.21.0 (go1.17; Windows_NT)"
      },
      "RequestBody": {
        "location": "westus",
        "properties": {
          "ipAddresses": [
            "13.64.39.16/32",
            "40.74.146.80/31",
            "40.74.147.32/28"
          ]
        }
      },
      "StatusCode": 201,
      "ResponseHeaders": {
        "Azure-AsyncOperation": "https://management.azure.com/subscriptions/00000000-0000-0000-0000-000000000000/providers/Microsoft.Network/locations/westus/nfvOperations/9b87970f-f374-44c6-81ee-502bf738ad05?api-version=2021-05-01",
        "Cache-Control": "no-cache",
        "Content-Length": "524",
        "Content-Type": "application/json; charset=utf-8",
        "Date": "Mon, 14 Feb 2022 04:37:43 GMT",
        "Expires": "-1",
        "Pragma": "no-cache",
        "Retry-After": "10",
        "Server": "Microsoft-HTTPAPI/2.0",
        "Strict-Transport-Security": "max-age=31536000; includeSubDomains",
        "X-Content-Type-Options": "nosniff",
        "x-ms-correlation-request-id": "bc725e0e-ebe7-42db-b7d7-716047a2ff86",
        "x-ms-ratelimit-remaining-subscription-writes": "1199",
        "x-ms-request-id": [
          "9b87970f-f374-44c6-81ee-502bf738ad05",
          "9b87970f-f374-44c6-81ee-502bf738ad05"
        ],
        "x-ms-routing-request-id": "SOUTHEASTASIA:20220214T043744Z:bc725e0e-ebe7-42db-b7d7-716047a2ff86"
      },
      "ResponseBody": [
        "{\r\n",
        "  \u0022properties\u0022: {\r\n",
        "    \u0022firewalls\u0022: [],\r\n",
        "    \u0022firewallPolicies\u0022: [],\r\n",
        "    \u0022ipAddresses\u0022: [\r\n",
        "      \u002213.64.39.16/32\u0022,\r\n",
        "      \u002240.74.146.80/31\u0022,\r\n",
        "      \u002240.74.147.32/28\u0022\r\n",
        "    ],\r\n",
        "    \u0022provisioningState\u0022: \u0022Updating\u0022\r\n",
        "  },\r\n",
        "  \u0022id\u0022: \u0022/subscriptions/00000000-0000-0000-0000-000000000000/resourceGroups/testRG-createIPG2918392337/providers/Microsoft.Network/ipGroups/ipg2918392337\u0022,\r\n",
        "  \u0022name\u0022: \u0022ipg2918392337\u0022,\r\n",
        "  \u0022type\u0022: \u0022Microsoft.Network/IpGroups\u0022,\r\n",
        "  \u0022etag\u0022: \u0022159aa045-f8d0-4710-871c-bf84a3701d99\u0022,\r\n",
        "  \u0022location\u0022: \u0022westus\u0022\r\n",
        "}"
      ]
    },
    {
      "RequestUri": "https://management.azure.com/subscriptions/00000000-0000-0000-0000-000000000000/providers/Microsoft.Network/locations/westus/nfvOperations/9b87970f-f374-44c6-81ee-502bf738ad05?api-version=2021-05-01",
      "RequestMethod": "GET",
      "RequestHeaders": {
        ":authority": "localhost:5001",
        ":method": "GET",
        ":path": "/subscriptions/00000000-0000-0000-0000-000000000000/providers/Microsoft.Network/locations/westus/nfvOperations/9b87970f-f374-44c6-81ee-502bf738ad05?api-version=2021-05-01",
        ":scheme": "https",
        "Accept-Encoding": "gzip",
        "Authorization": "Sanitized",
        "User-Agent": "azsdk-go-armnetwork/v0.3.0 azsdk-go-azcore/v0.21.0 (go1.17; Windows_NT)"
      },
      "RequestBody": null,
      "StatusCode": 200,
      "ResponseHeaders": {
        "Cache-Control": "no-cache",
        "Content-Encoding": "gzip",
        "Content-Type": "application/json; charset=utf-8",
        "Date": "Mon, 14 Feb 2022 04:37:53 GMT",
        "Expires": "-1",
        "Pragma": "no-cache",
        "Server": "Microsoft-HTTPAPI/2.0",
        "Strict-Transport-Security": "max-age=31536000; includeSubDomains",
        "Transfer-Encoding": "chunked",
        "Vary": "Accept-Encoding",
        "X-Content-Type-Options": "nosniff",
        "x-ms-correlation-request-id": "d6957929-b2ee-4bfd-b2f2-8b063057dcc3",
        "x-ms-ratelimit-remaining-subscription-reads": "11999",
        "x-ms-request-id": [
          "3c67c6b9-0250-4a3e-b94b-79ce4dc9bfb2",
          "3c67c6b9-0250-4a3e-b94b-79ce4dc9bfb2"
        ],
        "x-ms-routing-request-id": "SOUTHEASTASIA:20220214T043754Z:d6957929-b2ee-4bfd-b2f2-8b063057dcc3"
      },
      "ResponseBody": [
        "{\r\n",
        "  \u0022status\u0022: \u0022Succeeded\u0022\r\n",
        "}"
      ]
    },
    {
      "RequestUri": "https://management.azure.com/subscriptions/00000000-0000-0000-0000-000000000000/resourceGroups/testRG-createIPG2918392337/providers/Microsoft.Network/ipGroups/ipg2918392337?api-version=2021-05-01",
      "RequestMethod": "GET",
      "RequestHeaders": {
        ":authority": "localhost:5001",
        ":method": "GET",
        ":path": "/subscriptions/00000000-0000-0000-0000-000000000000/resourceGroups/testRG-createIPG2918392337/providers/Microsoft.Network/ipGroups/ipg2918392337?api-version=2021-05-01",
        ":scheme": "https",
        "Accept-Encoding": "gzip",
        "Authorization": "Sanitized",
        "User-Agent": "azsdk-go-armnetwork/v0.3.0 azsdk-go-azcore/v0.21.0 (go1.17; Windows_NT)"
      },
      "RequestBody": null,
      "StatusCode": 200,
      "ResponseHeaders": {
        "Cache-Control": "no-cache",
        "Content-Encoding": "gzip",
        "Content-Type": "application/json; charset=utf-8",
        "Date": "Mon, 14 Feb 2022 04:37:54 GMT",
        "ETag": "\u0022159aa045-f8d0-4710-871c-bf84a3701d99\u0022",
        "Expires": "-1",
        "Pragma": "no-cache",
        "Server": "Microsoft-HTTPAPI/2.0",
        "Strict-Transport-Security": "max-age=31536000; includeSubDomains",
        "Transfer-Encoding": "chunked",
        "Vary": "Accept-Encoding",
        "X-Content-Type-Options": "nosniff",
        "x-ms-correlation-request-id": "a1dfdd88-e429-49e5-b3bd-9d0165e9e4b2",
        "x-ms-ratelimit-remaining-subscription-reads": "11998",
        "x-ms-request-id": "a1dfdd88-e429-49e5-b3bd-9d0165e9e4b2",
        "x-ms-routing-request-id": "SOUTHEASTASIA:20220214T043754Z:a1dfdd88-e429-49e5-b3bd-9d0165e9e4b2"
      },
      "ResponseBody": [
        "{\r\n",
        "  \u0022properties\u0022: {\r\n",
        "    \u0022firewalls\u0022: [],\r\n",
        "    \u0022firewallPolicies\u0022: [],\r\n",
        "    \u0022ipAddresses\u0022: [\r\n",
        "      \u002213.64.39.16/32\u0022,\r\n",
        "      \u002240.74.146.80/31\u0022,\r\n",
        "      \u002240.74.147.32/28\u0022\r\n",
        "    ],\r\n",
        "    \u0022provisioningState\u0022: \u0022Succeeded\u0022\r\n",
        "  },\r\n",
        "  \u0022id\u0022: \u0022/subscriptions/00000000-0000-0000-0000-000000000000/resourceGroups/testRG-createIPG2918392337/providers/Microsoft.Network/ipGroups/ipg2918392337\u0022,\r\n",
        "  \u0022name\u0022: \u0022ipg2918392337\u0022,\r\n",
        "  \u0022type\u0022: \u0022Microsoft.Network/IpGroups\u0022,\r\n",
        "  \u0022etag\u0022: \u0022159aa045-f8d0-4710-871c-bf84a3701d99\u0022,\r\n",
        "  \u0022location\u0022: \u0022westus\u0022\r\n",
        "}"
      ]
    }
  ],
  "Variables": {}
}
