{
  "Entries": [
    {
      "RequestUri": "https://management.azure.com/subscriptions/00000000-0000-0000-0000-000000000000/resourceGroups/testRG-deleteSUB3932738539/providers/Microsoft.Network/virtualNetworks/network3932738539?api-version=2021-05-01",
      "RequestMethod": "PUT",
      "RequestHeaders": {
        ":authority": "localhost:5001",
        ":method": "PUT",
        ":path": "/subscriptions/00000000-0000-0000-0000-000000000000/resourceGroups/testRG-deleteSUB3932738539/providers/Microsoft.Network/virtualNetworks/network3932738539?api-version=2021-05-01",
        ":scheme": "https",
        "Accept": "application/json",
        "Accept-Encoding": "gzip",
        "Authorization": "Sanitized",
        "Content-Length": "87",
        "Content-Type": "application/json",
        "User-Agent": "azsdk-go-armnetwork/v0.3.1 azsdk-go-azcore/v0.21.1 (go1.17; Windows_NT)"
      },
      "RequestBody": {
        "location": "westus",
        "properties": {
          "addressSpace": {
            "addressPrefixes": [
              "10.1.0.0/16"
            ]
          }
        }
      },
      "StatusCode": 201,
      "ResponseHeaders": {
        "Azure-AsyncNotification": "Enabled",
        "Azure-AsyncOperation": "https://management.azure.com/subscriptions/00000000-0000-0000-0000-000000000000/providers/Microsoft.Network/locations/westus/operations/1fa4264d-8eb7-4b62-81df-41047945670e?api-version=2021-05-01",
        "Cache-Control": "no-cache",
        "Content-Length": "638",
        "Content-Type": "application/json; charset=utf-8",
        "Date": "Wed, 23 Feb 2022 05:28:20 GMT",
        "Expires": "-1",
        "Pragma": "no-cache",
        "Retry-After": "3",
        "Server": [
          "Microsoft-HTTPAPI/2.0",
          "Microsoft-HTTPAPI/2.0"
        ],
        "Strict-Transport-Security": "max-age=31536000; includeSubDomains",
        "X-Content-Type-Options": "nosniff",
        "x-ms-arm-service-request-id": "718f5c9e-4902-4325-96b0-e4eb4a215941",
        "x-ms-correlation-request-id": "b1b77099-e231-4810-9cc3-4ee6bbf295ff",
        "x-ms-ratelimit-remaining-subscription-writes": "1189",
        "x-ms-request-id": "1fa4264d-8eb7-4b62-81df-41047945670e",
        "x-ms-routing-request-id": "SOUTHEASTASIA:20220223T052821Z:b1b77099-e231-4810-9cc3-4ee6bbf295ff"
      },
      "ResponseBody": [
        "{\r\n",
        "  \u0022name\u0022: \u0022network3932738539\u0022,\r\n",
        "  \u0022id\u0022: \u0022/subscriptions/00000000-0000-0000-0000-000000000000/resourceGroups/testRG-deleteSUB3932738539/providers/Microsoft.Network/virtualNetworks/network3932738539\u0022,\r\n",
        "  \u0022etag\u0022: \u0022W/\\\u0022e3d8fcb6-f95f-4185-9e10-f0be54dad7c8\\\u0022\u0022,\r\n",
        "  \u0022type\u0022: \u0022Microsoft.Network/virtualNetworks\u0022,\r\n",
        "  \u0022location\u0022: \u0022westus\u0022,\r\n",
        "  \u0022properties\u0022: {\r\n",
        "    \u0022provisioningState\u0022: \u0022Updating\u0022,\r\n",
        "    \u0022resourceGuid\u0022: \u0022d5a2d69f-48d0-4beb-bc57-9766b8860dbf\u0022,\r\n",
        "    \u0022addressSpace\u0022: {\r\n",
        "      \u0022addressPrefixes\u0022: [\r\n",
        "        \u002210.1.0.0/16\u0022\r\n",
        "      ]\r\n",
        "    },\r\n",
        "    \u0022subnets\u0022: [],\r\n",
        "    \u0022virtualNetworkPeerings\u0022: [],\r\n",
        "    \u0022enableDdosProtection\u0022: false\r\n",
        "  }\r\n",
        "}"
      ]
    },
    {
      "RequestUri": "https://management.azure.com/subscriptions/00000000-0000-0000-0000-000000000000/providers/Microsoft.Network/locations/westus/operations/1fa4264d-8eb7-4b62-81df-41047945670e?api-version=2021-05-01",
      "RequestMethod": "GET",
      "RequestHeaders": {
        ":authority": "localhost:5001",
        ":method": "GET",
        ":path": "/subscriptions/00000000-0000-0000-0000-000000000000/providers/Microsoft.Network/locations/westus/operations/1fa4264d-8eb7-4b62-81df-41047945670e?api-version=2021-05-01",
        ":scheme": "https",
        "Accept-Encoding": "gzip",
        "Authorization": "Sanitized",
        "User-Agent": "azsdk-go-armnetwork/v0.3.1 azsdk-go-azcore/v0.21.1 (go1.17; Windows_NT)"
      },
      "RequestBody": null,
      "StatusCode": 200,
      "ResponseHeaders": {
        "Cache-Control": "no-cache",
        "Content-Encoding": "gzip",
        "Content-Type": "application/json; charset=utf-8",
        "Date": "Wed, 23 Feb 2022 05:28:24 GMT",
        "Expires": "-1",
        "Pragma": "no-cache",
        "Server": [
          "Microsoft-HTTPAPI/2.0",
          "Microsoft-HTTPAPI/2.0"
        ],
        "Strict-Transport-Security": "max-age=31536000; includeSubDomains",
        "Transfer-Encoding": "chunked",
        "Vary": "Accept-Encoding",
        "X-Content-Type-Options": "nosniff",
        "x-ms-arm-service-request-id": "4952714d-34aa-4148-bcc7-7c0ac80c7f27",
        "x-ms-correlation-request-id": "cd34e1d4-e008-4110-9304-9903cd901c10",
        "x-ms-ratelimit-remaining-subscription-reads": "11975",
        "x-ms-request-id": "8f9f7437-05f1-4d87-81e2-999d000d2abb",
        "x-ms-routing-request-id": "SOUTHEASTASIA:20220223T052824Z:cd34e1d4-e008-4110-9304-9903cd901c10"
      },
      "ResponseBody": [
        "{\r\n",
        "  \u0022status\u0022: \u0022Succeeded\u0022\r\n",
        "}"
      ]
    },
    {
      "RequestUri": "https://management.azure.com/subscriptions/00000000-0000-0000-0000-000000000000/resourceGroups/testRG-deleteSUB3932738539/providers/Microsoft.Network/virtualNetworks/network3932738539?api-version=2021-05-01",
      "RequestMethod": "GET",
      "RequestHeaders": {
        ":authority": "localhost:5001",
        ":method": "GET",
        ":path": "/subscriptions/00000000-0000-0000-0000-000000000000/resourceGroups/testRG-deleteSUB3932738539/providers/Microsoft.Network/virtualNetworks/network3932738539?api-version=2021-05-01",
        ":scheme": "https",
        "Accept-Encoding": "gzip",
        "Authorization": "Sanitized",
        "User-Agent": "azsdk-go-armnetwork/v0.3.1 azsdk-go-azcore/v0.21.1 (go1.17; Windows_NT)"
      },
      "RequestBody": null,
      "StatusCode": 200,
      "ResponseHeaders": {
        "Cache-Control": "no-cache",
        "Content-Encoding": "gzip",
        "Content-Type": "application/json; charset=utf-8",
        "Date": "Wed, 23 Feb 2022 05:28:24 GMT",
        "ETag": "W/\u0022c3d15924-13ae-4a90-abd4-847112bbf617\u0022",
        "Expires": "-1",
        "Pragma": "no-cache",
        "Server": [
          "Microsoft-HTTPAPI/2.0",
          "Microsoft-HTTPAPI/2.0"
        ],
        "Strict-Transport-Security": "max-age=31536000; includeSubDomains",
        "Transfer-Encoding": "chunked",
        "Vary": "Accept-Encoding",
        "X-Content-Type-Options": "nosniff",
        "x-ms-arm-service-request-id": "9688eb29-c2a6-4d1a-9a51-13c1584d4409",
        "x-ms-correlation-request-id": "167ada32-569f-4bb3-9278-7df03ff0383e",
        "x-ms-ratelimit-remaining-subscription-reads": "11974",
        "x-ms-request-id": "e1127beb-cefd-437e-bdca-3997664ff5aa",
        "x-ms-routing-request-id": "SOUTHEASTASIA:20220223T052824Z:167ada32-569f-4bb3-9278-7df03ff0383e"
      },
      "ResponseBody": [
        "{\r\n",
        "  \u0022name\u0022: \u0022network3932738539\u0022,\r\n",
        "  \u0022id\u0022: \u0022/subscriptions/00000000-0000-0000-0000-000000000000/resourceGroups/testRG-deleteSUB3932738539/providers/Microsoft.Network/virtualNetworks/network3932738539\u0022,\r\n",
        "  \u0022etag\u0022: \u0022W/\\\u0022c3d15924-13ae-4a90-abd4-847112bbf617\\\u0022\u0022,\r\n",
        "  \u0022type\u0022: \u0022Microsoft.Network/virtualNetworks\u0022,\r\n",
        "  \u0022location\u0022: \u0022westus\u0022,\r\n",
        "  \u0022properties\u0022: {\r\n",
        "    \u0022provisioningState\u0022: \u0022Succeeded\u0022,\r\n",
        "    \u0022resourceGuid\u0022: \u0022d5a2d69f-48d0-4beb-bc57-9766b8860dbf\u0022,\r\n",
        "    \u0022addressSpace\u0022: {\r\n",
        "      \u0022addressPrefixes\u0022: [\r\n",
        "        \u002210.1.0.0/16\u0022\r\n",
        "      ]\r\n",
        "    },\r\n",
        "    \u0022subnets\u0022: [],\r\n",
        "    \u0022virtualNetworkPeerings\u0022: [],\r\n",
        "    \u0022enableDdosProtection\u0022: false\r\n",
        "  }\r\n",
        "}"
      ]
    },
    {
      "RequestUri": "https://management.azure.com/subscriptions/00000000-0000-0000-0000-000000000000/resourceGroups/testRG-deleteSUB3932738539/providers/Microsoft.Network/virtualNetworks/network3932738539/subnets/subnet3932738539?api-version=2021-05-01",
      "RequestMethod": "PUT",
      "RequestHeaders": {
        ":authority": "localhost:5001",
        ":method": "PUT",
        ":path": "/subscriptions/00000000-0000-0000-0000-000000000000/resourceGroups/testRG-deleteSUB3932738539/providers/Microsoft.Network/virtualNetworks/network3932738539/subnets/subnet3932738539?api-version=2021-05-01",
        ":scheme": "https",
        "Accept": "application/json",
        "Accept-Encoding": "gzip",
        "Authorization": "Sanitized",
        "Content-Length": "47",
        "Content-Type": "application/json",
        "User-Agent": "azsdk-go-armnetwork/v0.3.1 azsdk-go-azcore/v0.21.1 (go1.17; Windows_NT)"
      },
      "RequestBody": {
        "properties": {
          "addressPrefix": "10.1.10.0/24"
        }
      },
      "StatusCode": 201,
      "ResponseHeaders": {
        "Azure-AsyncOperation": "https://management.azure.com/subscriptions/00000000-0000-0000-0000-000000000000/providers/Microsoft.Network/locations/westus/operations/03ca4707-d959-4e63-b9a8-00ed04d06a9b?api-version=2021-05-01",
        "Cache-Control": "no-cache",
        "Content-Length": "567",
        "Content-Type": "application/json; charset=utf-8",
        "Date": "Wed, 23 Feb 2022 05:28:24 GMT",
        "Expires": "-1",
        "Pragma": "no-cache",
        "Retry-After": "3",
        "Server": [
          "Microsoft-HTTPAPI/2.0",
          "Microsoft-HTTPAPI/2.0"
        ],
        "Strict-Transport-Security": "max-age=31536000; includeSubDomains",
        "X-Content-Type-Options": "nosniff",
        "x-ms-arm-service-request-id": "7748da85-2317-4f1d-ad3e-0458b7f828b1",
        "x-ms-correlation-request-id": "3fd4d249-3baf-45ea-8a8e-aa4d82cf46ec",
        "x-ms-ratelimit-remaining-subscription-writes": "1188",
        "x-ms-request-id": "03ca4707-d959-4e63-b9a8-00ed04d06a9b",
        "x-ms-routing-request-id": "SOUTHEASTASIA:20220223T052825Z:3fd4d249-3baf-45ea-8a8e-aa4d82cf46ec"
      },
      "ResponseBody": [
        "{\r\n",
        "  \u0022name\u0022: \u0022subnet3932738539\u0022,\r\n",
        "  \u0022id\u0022: \u0022/subscriptions/00000000-0000-0000-0000-000000000000/resourceGroups/testRG-deleteSUB3932738539/providers/Microsoft.Network/virtualNetworks/network3932738539/subnets/subnet3932738539\u0022,\r\n",
        "  \u0022etag\u0022: \u0022W/\\\u00222a2c8377-7d88-4b0c-8a0a-0bd815f37366\\\u0022\u0022,\r\n",
        "  \u0022properties\u0022: {\r\n",
        "    \u0022provisioningState\u0022: \u0022Updating\u0022,\r\n",
        "    \u0022addressPrefix\u0022: \u002210.1.10.0/24\u0022,\r\n",
        "    \u0022delegations\u0022: [],\r\n",
        "    \u0022privateEndpointNetworkPolicies\u0022: \u0022Enabled\u0022,\r\n",
        "    \u0022privateLinkServiceNetworkPolicies\u0022: \u0022Enabled\u0022\r\n",
        "  },\r\n",
        "  \u0022type\u0022: \u0022Microsoft.Network/virtualNetworks/subnets\u0022\r\n",
        "}"
      ]
    },
    {
      "RequestUri": "https://management.azure.com/subscriptions/00000000-0000-0000-0000-000000000000/providers/Microsoft.Network/locations/westus/operations/03ca4707-d959-4e63-b9a8-00ed04d06a9b?api-version=2021-05-01",
      "RequestMethod": "GET",
      "RequestHeaders": {
        ":authority": "localhost:5001",
        ":method": "GET",
        ":path": "/subscriptions/00000000-0000-0000-0000-000000000000/providers/Microsoft.Network/locations/westus/operations/03ca4707-d959-4e63-b9a8-00ed04d06a9b?api-version=2021-05-01",
        ":scheme": "https",
        "Accept-Encoding": "gzip",
        "Authorization": "Sanitized",
        "User-Agent": "azsdk-go-armnetwork/v0.3.1 azsdk-go-azcore/v0.21.1 (go1.17; Windows_NT)"
      },
      "RequestBody": null,
      "StatusCode": 200,
      "ResponseHeaders": {
        "Cache-Control": "no-cache",
        "Content-Encoding": "gzip",
        "Content-Type": "application/json; charset=utf-8",
        "Date": "Wed, 23 Feb 2022 05:28:27 GMT",
        "Expires": "-1",
        "Pragma": "no-cache",
        "Server": [
          "Microsoft-HTTPAPI/2.0",
          "Microsoft-HTTPAPI/2.0"
        ],
        "Strict-Transport-Security": "max-age=31536000; includeSubDomains",
        "Transfer-Encoding": "chunked",
        "Vary": "Accept-Encoding",
        "X-Content-Type-Options": "nosniff",
        "x-ms-arm-service-request-id": "3458e58f-9e7a-4121-8a5f-2a14e1516d0b",
        "x-ms-correlation-request-id": "451b58b9-c607-4b4d-8f7d-0855e0cf3a24",
        "x-ms-ratelimit-remaining-subscription-reads": "11973",
        "x-ms-request-id": "aa0622aa-a6cc-4dc1-bab0-5e3d51392762",
        "x-ms-routing-request-id": "SOUTHEASTASIA:20220223T052828Z:451b58b9-c607-4b4d-8f7d-0855e0cf3a24"
      },
      "ResponseBody": [
        "{\r\n",
        "  \u0022status\u0022: \u0022Succeeded\u0022\r\n",
        "}"
      ]
    },
    {
      "RequestUri": "https://management.azure.com/subscriptions/00000000-0000-0000-0000-000000000000/resourceGroups/testRG-deleteSUB3932738539/providers/Microsoft.Network/virtualNetworks/network3932738539/subnets/subnet3932738539?api-version=2021-05-01",
      "RequestMethod": "GET",
      "RequestHeaders": {
        ":authority": "localhost:5001",
        ":method": "GET",
        ":path": "/subscriptions/00000000-0000-0000-0000-000000000000/resourceGroups/testRG-deleteSUB3932738539/providers/Microsoft.Network/virtualNetworks/network3932738539/subnets/subnet3932738539?api-version=2021-05-01",
        ":scheme": "https",
        "Accept-Encoding": "gzip",
        "Authorization": "Sanitized",
        "User-Agent": "azsdk-go-armnetwork/v0.3.1 azsdk-go-azcore/v0.21.1 (go1.17; Windows_NT)"
      },
      "RequestBody": null,
      "StatusCode": 200,
      "ResponseHeaders": {
        "Cache-Control": "no-cache",
        "Content-Encoding": "gzip",
        "Content-Type": "application/json; charset=utf-8",
        "Date": "Wed, 23 Feb 2022 05:28:28 GMT",
        "ETag": "W/\u0022e4dfeba7-cbc7-48dd-be7a-13c6391da3c3\u0022",
        "Expires": "-1",
        "Pragma": "no-cache",
        "Server": [
          "Microsoft-HTTPAPI/2.0",
          "Microsoft-HTTPAPI/2.0"
        ],
        "Strict-Transport-Security": "max-age=31536000; includeSubDomains",
        "Transfer-Encoding": "chunked",
        "Vary": "Accept-Encoding",
        "X-Content-Type-Options": "nosniff",
        "x-ms-arm-service-request-id": "cb3836c5-4f40-4325-9d51-bea1982b27ac",
        "x-ms-correlation-request-id": "a1d3f2f9-4d75-4ee6-9069-eb6a0bb6c248",
        "x-ms-ratelimit-remaining-subscription-reads": "11972",
        "x-ms-request-id": "f154597f-ae05-4109-b8fd-16cbd7e291e7",
        "x-ms-routing-request-id": "SOUTHEASTASIA:20220223T052828Z:a1d3f2f9-4d75-4ee6-9069-eb6a0bb6c248"
      },
      "ResponseBody": [
        "{\r\n",
        "  \u0022name\u0022: \u0022subnet3932738539\u0022,\r\n",
        "  \u0022id\u0022: \u0022/subscriptions/00000000-0000-0000-0000-000000000000/resourceGroups/testRG-deleteSUB3932738539/providers/Microsoft.Network/virtualNetworks/network3932738539/subnets/subnet3932738539\u0022,\r\n",
        "  \u0022etag\u0022: \u0022W/\\\u0022e4dfeba7-cbc7-48dd-be7a-13c6391da3c3\\\u0022\u0022,\r\n",
        "  \u0022properties\u0022: {\r\n",
        "    \u0022provisioningState\u0022: \u0022Succeeded\u0022,\r\n",
        "    \u0022addressPrefix\u0022: \u002210.1.10.0/24\u0022,\r\n",
        "    \u0022delegations\u0022: [],\r\n",
        "    \u0022privateEndpointNetworkPolicies\u0022: \u0022Enabled\u0022,\r\n",
        "    \u0022privateLinkServiceNetworkPolicies\u0022: \u0022Enabled\u0022\r\n",
        "  },\r\n",
        "  \u0022type\u0022: \u0022Microsoft.Network/virtualNetworks/subnets\u0022\r\n",
        "}"
      ]
    },
    {
      "RequestUri": "https://management.azure.com/subscriptions/00000000-0000-0000-0000-000000000000/resourceGroups/testRG-deleteSUB3932738539/providers/Microsoft.Network/virtualNetworks/network3932738539/subnets/subnet3932738539?api-version=2021-05-01",
      "RequestMethod": "DELETE",
      "RequestHeaders": {
        ":authority": "localhost:5001",
        ":method": "DELETE",
        ":path": "/subscriptions/00000000-0000-0000-0000-000000000000/resourceGroups/testRG-deleteSUB3932738539/providers/Microsoft.Network/virtualNetworks/network3932738539/subnets/subnet3932738539?api-version=2021-05-01",
        ":scheme": "https",
        "Accept": "application/json",
        "Accept-Encoding": "gzip",
        "Authorization": "Sanitized",
        "User-Agent": "azsdk-go-armnetwork/v0.3.1 azsdk-go-azcore/v0.21.1 (go1.17; Windows_NT)"
      },
      "RequestBody": null,
      "StatusCode": 202,
      "ResponseHeaders": {
        "Azure-AsyncOperation": "https://management.azure.com/subscriptions/00000000-0000-0000-0000-000000000000/providers/Microsoft.Network/locations/westus/operations/7d04b8f4-0458-4cf3-8cd5-68982e5b4ec9?api-version=2021-05-01",
        "Cache-Control": "no-cache",
        "Content-Length": "0",
        "Date": "Wed, 23 Feb 2022 05:28:28 GMT",
        "Expires": "-1",
        "Location": "https://management.azure.com/subscriptions/00000000-0000-0000-0000-000000000000/providers/Microsoft.Network/locations/westus/operationResults/7d04b8f4-0458-4cf3-8cd5-68982e5b4ec9?api-version=2021-05-01",
        "Pragma": "no-cache",
        "Retry-After": "10",
        "Server": [
          "Microsoft-HTTPAPI/2.0",
          "Microsoft-HTTPAPI/2.0"
        ],
        "Strict-Transport-Security": "max-age=31536000; includeSubDomains",
        "X-Content-Type-Options": "nosniff",
        "x-ms-arm-service-request-id": "1e32996d-ed12-40c5-ad73-04c0180b724f",
        "x-ms-correlation-request-id": "f8c0030c-ef42-49b3-a3bd-06c613642b25",
        "x-ms-ratelimit-remaining-subscription-deletes": "14998",
        "x-ms-request-id": "7d04b8f4-0458-4cf3-8cd5-68982e5b4ec9",
        "x-ms-routing-request-id": "SOUTHEASTASIA:20220223T052829Z:f8c0030c-ef42-49b3-a3bd-06c613642b25"
      },
      "ResponseBody": null
    },
    {
      "RequestUri": "https://management.azure.com/subscriptions/00000000-0000-0000-0000-000000000000/providers/Microsoft.Network/locations/westus/operations/7d04b8f4-0458-4cf3-8cd5-68982e5b4ec9?api-version=2021-05-01",
      "RequestMethod": "GET",
      "RequestHeaders": {
        ":authority": "localhost:5001",
        ":method": "GET",
        ":path": "/subscriptions/00000000-0000-0000-0000-000000000000/providers/Microsoft.Network/locations/westus/operations/7d04b8f4-0458-4cf3-8cd5-68982e5b4ec9?api-version=2021-05-01",
        ":scheme": "https",
        "Accept-Encoding": "gzip",
        "Authorization": "Sanitized",
        "User-Agent": "azsdk-go-armnetwork/v0.3.1 azsdk-go-azcore/v0.21.1 (go1.17; Windows_NT)"
      },
      "RequestBody": null,
      "StatusCode": 200,
      "ResponseHeaders": {
        "Cache-Control": "no-cache",
        "Content-Encoding": "gzip",
        "Content-Type": "application/json; charset=utf-8",
        "Date": "Wed, 23 Feb 2022 05:28:39 GMT",
        "Expires": "-1",
        "Pragma": "no-cache",
        "Server": [
          "Microsoft-HTTPAPI/2.0",
          "Microsoft-HTTPAPI/2.0"
        ],
        "Strict-Transport-Security": "max-age=31536000; includeSubDomains",
        "Transfer-Encoding": "chunked",
        "Vary": "Accept-Encoding",
        "X-Content-Type-Options": "nosniff",
        "x-ms-arm-service-request-id": "12cf7851-6962-40ca-9ec4-df57f36c8307",
        "x-ms-correlation-request-id": "8d406194-7ffb-4eda-b8b5-02e2b0b60258",
        "x-ms-ratelimit-remaining-subscription-reads": "11971",
        "x-ms-request-id": "5b18a85c-8c35-407e-bc93-c094f1e052f9",
        "x-ms-routing-request-id": "SOUTHEASTASIA:20220223T052839Z:8d406194-7ffb-4eda-b8b5-02e2b0b60258"
      },
      "ResponseBody": [
        "{\r\n",
        "  \u0022status\u0022: \u0022Succeeded\u0022\r\n",
        "}"
      ]
    }
  ],
  "Variables": {}
}
