{
  "Entries": [
    {
      "RequestUri": "https://management.azure.com/subscriptions/00000000-0000-0000-0000-000000000000/resourcegroups/rg2936915798?api-version=2021-04-01",
      "RequestMethod": "PUT",
      "RequestHeaders": {
        ":authority": "localhost:5001",
        ":method": "PUT",
        ":path": "/subscriptions/00000000-0000-0000-0000-000000000000/resourcegroups/rg2936915798?api-version=2021-04-01",
        ":scheme": "https",
        "Accept": "application/json",
        "Accept-Encoding": "gzip",
        "Authorization": "Sanitized",
        "Content-Length": "21",
        "Content-Type": "application/json",
        "User-Agent": "azsdk-go-armresources/v0.3.0 azsdk-go-azcore/v0.21.0 (go1.17; Windows_NT)"
      },
      "RequestBody": {
        "location": "westus"
      },
      "StatusCode": 201,
      "ResponseHeaders": {
        "Cache-Control": "no-cache",
        "Content-Length": "221",
        "Content-Type": "application/json; charset=utf-8",
        "Date": "Tue, 15 Feb 2022 05:40:34 GMT",
        "Expires": "-1",
        "Pragma": "no-cache",
        "Strict-Transport-Security": "max-age=31536000; includeSubDomains",
        "X-Content-Type-Options": "nosniff",
        "x-ms-correlation-request-id": "78a284c2-2429-4d04-bca0-a5c18b321e0c",
        "x-ms-ratelimit-remaining-subscription-writes": "1185",
        "x-ms-request-id": "78a284c2-2429-4d04-bca0-a5c18b321e0c",
        "x-ms-routing-request-id": "SOUTHEASTASIA:20220215T054034Z:78a284c2-2429-4d04-bca0-a5c18b321e0c"
      },
      "ResponseBody": {
        "id": "/subscriptions/00000000-0000-0000-0000-000000000000/resourceGroups/rg2936915798",
        "name": "rg2936915798",
        "type": "Microsoft.Resources/resourceGroups",
        "location": "westus",
        "properties": {
          "provisioningState": "Succeeded"
        }
      }
    },
    {
      "RequestUri": "https://management.azure.com/subscriptions/00000000-0000-0000-0000-000000000000/resourceGroups/rg2936915798/providers/Microsoft.KeyVault/vaults/vault2936915798?api-version=2021-11-01-preview",
      "RequestMethod": "PUT",
      "RequestHeaders": {
        ":authority": "localhost:5001",
        ":method": "PUT",
        ":path": "/subscriptions/00000000-0000-0000-0000-000000000000/resourceGroups/rg2936915798/providers/Microsoft.KeyVault/vaults/vault2936915798?api-version=2021-11-01-preview",
        ":scheme": "https",
        "Accept": "application/json",
        "Accept-Encoding": "gzip",
        "Authorization": "Sanitized",
        "Content-Length": "357",
        "Content-Type": "application/json",
        "User-Agent": "azsdk-go-armkeyvault/v0.3.0 azsdk-go-azcore/v0.21.0 (go1.17; Windows_NT)"
      },
      "RequestBody": {
        "location": "westus",
        "properties": {
          "accessPolicies": [
            {
              "objectId": "22222222-2222-2222-2222-222222222222",
              "permissions": {
                "certificates": [
                  "get",
                  "list",
                  "create"
                ],
                "keys": [
                  "get",
                  "list",
                  "create"
                ],
                "secrets": [
                  "get",
                  "list"
                ]
              },
              "tenantId": "11111111-1111-1111-1111-111111111111"
            }
          ],
          "sku": {
            "family": "A",
            "name": "standard"
          },
          "tenantId": "11111111-1111-1111-1111-111111111111"
        }
      },
      "StatusCode": 200,
      "ResponseHeaders": {
        "Cache-Control": "no-cache",
        "Content-Encoding": "gzip",
        "Content-Type": "application/json; charset=utf-8",
        "Date": "Tue, 15 Feb 2022 05:40:37 GMT",
        "Expires": "-1",
        "Pragma": "no-cache",
        "Server": "Microsoft-IIS/10.0",
        "Strict-Transport-Security": "max-age=31536000; includeSubDomains",
        "Transfer-Encoding": "chunked",
        "Vary": "Accept-Encoding",
        "X-AspNet-Version": "4.0.30319",
        "X-Content-Type-Options": "nosniff",
        "x-ms-client-request-id": "6e148499-aa88-4eb7-911f-6348ced2a215",
        "x-ms-correlation-request-id": "314a2ba4-92e8-4bb7-97a1-1ec6c73e6297",
        "x-ms-keyvault-service-version": "1.5.273.0",
        "x-ms-ratelimit-remaining-subscription-writes": "1184",
        "x-ms-request-id": "98c3e2a7-a8da-45b3-9f03-f863b14628e3",
        "x-ms-routing-request-id": "SOUTHEASTASIA:20220215T054038Z:314a2ba4-92e8-4bb7-97a1-1ec6c73e6297",
        "X-Powered-By": "ASP.NET"
      },
      "ResponseBody": {
        "id": "/subscriptions/00000000-0000-0000-0000-000000000000/resourceGroups/rg2936915798/providers/Microsoft.KeyVault/vaults/vault2936915798",
        "name": "vault2936915798",
        "type": "Microsoft.KeyVault/vaults",
        "location": "westus",
        "tags": {},
        "systemData": {
          "createdBy": "a1fc368b-7f40-4802-8fa1-260d3a6ec34b",
          "createdByType": "Application",
          "createdAt": "2022-02-15T05:33:26.009Z",
          "lastModifiedBy": "a1fc368b-7f40-4802-8fa1-260d3a6ec34b",
          "lastModifiedByType": "Application",
          "lastModifiedAt": "2022-02-15T05:40:37.044Z"
        },
        "properties": {
          "sku": {
            "family": "A",
            "name": "standard"
          },
          "tenantId": "11111111-1111-1111-1111-111111111111",
          "accessPolicies": [
            {
              "tenantId": "11111111-1111-1111-1111-111111111111",
              "objectId": "22222222-2222-2222-2222-222222222222",
              "permissions": {
                "certificates": [
                  "get",
                  "list",
                  "create"
                ],
                "keys": [
                  "get",
                  "list",
                  "create"
                ],
                "secrets": [
                  "get",
                  "list"
                ]
              }
            }
          ],
          "enabledForDeployment": false,
          "enableSoftDelete": true,
          "vaultUri": "https://vault2936915798.vault.azure.net/",
          "provisioningState": "Succeeded",
          "publicNetworkAccess": "Enabled"
        }
      }
    },
    {
      "RequestUri": "https://management.azure.com/subscriptions/00000000-0000-0000-0000-000000000000/resourceGroups/rg2936915798/providers/Microsoft.KeyVault/vaults/vault2936915798/secrets/secret2936915798?api-version=2021-11-01-preview",
      "RequestMethod": "PUT",
      "RequestHeaders": {
        ":authority": "localhost:5001",
        ":method": "PUT",
        ":path": "/subscriptions/00000000-0000-0000-0000-000000000000/resourceGroups/rg2936915798/providers/Microsoft.KeyVault/vaults/vault2936915798/secrets/secret2936915798?api-version=2021-11-01-preview",
        ":scheme": "https",
        "Accept": "application/json",
        "Accept-Encoding": "gzip",
        "Authorization": "Sanitized",
        "Content-Length": "76",
        "Content-Type": "application/json",
        "User-Agent": "azsdk-go-armkeyvault/v0.3.0 azsdk-go-azcore/v0.21.0 (go1.17; Windows_NT)"
      },
      "RequestBody": {
        "properties": {
          "attributes": {
            "enabled": true
          },
          "value": "sample-secret-value"
        }
      },
      "StatusCode": 200,
      "ResponseHeaders": {
        "Cache-Control": "no-cache",
        "Content-Encoding": "gzip",
        "Content-Type": "application/json; charset=utf-8",
        "Date": "Tue, 15 Feb 2022 05:40:38 GMT",
        "Expires": "-1",
        "Pragma": "no-cache",
        "Server": "Microsoft-IIS/10.0",
        "Strict-Transport-Security": "max-age=31536000; includeSubDomains",
        "Transfer-Encoding": "chunked",
        "Vary": "Accept-Encoding",
        "X-AspNet-Version": "4.0.30319",
        "X-Content-Type-Options": "nosniff",
        "x-ms-client-request-id": "66161436-9f1c-4ba2-b0ea-bfef21dcabad",
        "x-ms-correlation-request-id": "66fa61fa-4a05-4d9f-893c-f23c152206b5",
        "x-ms-keyvault-service-version": "1.5.273.0",
        "x-ms-ratelimit-remaining-subscription-writes": "1183",
        "x-ms-request-id": "5027543f-75e1-4e0b-8c73-ef1c0a1f438e",
        "x-ms-routing-request-id": "SOUTHEASTASIA:20220215T054038Z:66fa61fa-4a05-4d9f-893c-f23c152206b5",
        "X-Powered-By": "ASP.NET"
      },
      "ResponseBody": {
        "id": "/subscriptions/00000000-0000-0000-0000-000000000000/resourceGroups/rg2936915798/providers/Microsoft.KeyVault/vaults/vault2936915798/secrets/secret2936915798",
        "name": "secret2936915798",
        "type": "Microsoft.KeyVault/vaults/secrets",
        "location": "westus",
        "properties": {
          "attributes": {
            "enabled": true,
            "created": 1644903638,
            "updated": 1644903638
          },
          "secretUri": "https://vault2936915798.vault.azure.net/secrets/secret2936915798",
          "secretUriWithVersion": "https://vault2936915798.vault.azure.net/secrets/secret2936915798/215666e82d3c4dbf9fde8ae3d46e3575"
        }
      }
    },
    {
      "RequestUri": "https://management.azure.com/subscriptions/00000000-0000-0000-0000-000000000000/resourcegroups/rg2936915798?api-version=2021-04-01",
      "RequestMethod": "DELETE",
      "RequestHeaders": {
        ":authority": "localhost:5001",
        ":method": "DELETE",
        ":path": "/subscriptions/00000000-0000-0000-0000-000000000000/resourcegroups/rg2936915798?api-version=2021-04-01",
        ":scheme": "https",
        "Accept": "application/json",
        "Accept-Encoding": "gzip",
        "Authorization": "Sanitized",
        "User-Agent": "azsdk-go-armresources/v0.3.0 azsdk-go-azcore/v0.21.0 (go1.17; Windows_NT)"
      },
      "RequestBody": null,
      "StatusCode": 202,
      "ResponseHeaders": {
        "Cache-Control": "no-cache",
        "Content-Length": "0",
        "Date": "Tue, 15 Feb 2022 05:40:39 GMT",
        "Expires": "-1",
        "Location": "https://management.azure.com/subscriptions/00000000-0000-0000-0000-000000000000/operationresults/eyJqb2JJZCI6IlJFU09VUkNFR1JPVVBERUxFVElPTkpPQi1SRzI5MzY5MTU3OTgtV0VTVFVTIiwiam9iTG9jYXRpb24iOiJ3ZXN0dXMifQ?api-version=2021-04-01",
        "Pragma": "no-cache",
        "Retry-After": "15",
        "Strict-Transport-Security": "max-age=31536000; includeSubDomains",
        "X-Content-Type-Options": "nosniff",
        "x-ms-correlation-request-id": "3245a85d-29e4-4f9e-893a-56e03d716621",
        "x-ms-ratelimit-remaining-subscription-deletes": "14995",
        "x-ms-request-id": "3245a85d-29e4-4f9e-893a-56e03d716621",
        "x-ms-routing-request-id": "SOUTHEASTASIA:20220215T054040Z:3245a85d-29e4-4f9e-893a-56e03d716621"
      },
      "ResponseBody": null
    }
  ],
  "Variables": {}
}
