{
  "Entries": [
    {
      "RequestUri": "https://management.azure.com/subscriptions/00000000-0000-0000-0000-000000000000/resourcegroups/rg3319576696?api-version=2021-04-01",
      "RequestMethod": "PUT",
      "RequestHeaders": {
        ":authority": "localhost:5001",
        ":method": "PUT",
        ":path": "/subscriptions/00000000-0000-0000-0000-000000000000/resourcegroups/rg3319576696?api-version=2021-04-01",
        ":scheme": "https",
        "Accept": "application/json",
        "Accept-Encoding": "gzip",
        "Authorization": "Sanitized",
        "Content-Length": "21",
        "Content-Type": "application/json",
        "User-Agent": "azsdk-go-armresources/v0.3.0 azsdk-go-azcore/v0.21.0 (go1.17; Windows_NT)"
      },
      "RequestBody": {
        "location": "westus"
      },
      "StatusCode": 201,
      "ResponseHeaders": {
        "Cache-Control": "no-cache",
        "Content-Length": "221",
        "Content-Type": "application/json; charset=utf-8",
        "Date": "Tue, 15 Feb 2022 10:00:45 GMT",
        "Expires": "-1",
        "Pragma": "no-cache",
        "Strict-Transport-Security": "max-age=31536000; includeSubDomains",
        "X-Content-Type-Options": "nosniff",
        "x-ms-correlation-request-id": "5b0cddd4-0775-443f-bd69-a87f1a4c7f11",
        "x-ms-ratelimit-remaining-subscription-writes": "1180",
        "x-ms-request-id": "5b0cddd4-0775-443f-bd69-a87f1a4c7f11",
        "x-ms-routing-request-id": "SOUTHEASTASIA:20220215T100045Z:5b0cddd4-0775-443f-bd69-a87f1a4c7f11"
      },
      "ResponseBody": {
        "id": "/subscriptions/00000000-0000-0000-0000-000000000000/resourceGroups/rg3319576696",
        "name": "rg3319576696",
        "type": "Microsoft.Resources/resourceGroups",
        "location": "westus",
        "properties": {
          "provisioningState": "Succeeded"
        }
      }
    },
    {
      "RequestUri": "https://management.azure.com/subscriptions/00000000-0000-0000-0000-000000000000/resourceGroups/rg3319576696/providers/Microsoft.KeyVault/vaults/vaultx3353131934?api-version=2021-11-01-preview",
      "RequestMethod": "PUT",
      "RequestHeaders": {
        ":authority": "localhost:5001",
        ":method": "PUT",
        ":path": "/subscriptions/00000000-0000-0000-0000-000000000000/resourceGroups/rg3319576696/providers/Microsoft.KeyVault/vaults/vaultx3353131934?api-version=2021-11-01-preview",
        ":scheme": "https",
        "Accept": "application/json",
        "Accept-Encoding": "gzip",
        "Authorization": "Sanitized",
        "Content-Length": "357",
        "Content-Type": "application/json",
        "User-Agent": "azsdk-go-armkeyvault/v0.3.0 azsdk-go-azcore/v0.21.0 (go1.17; Windows_NT)"
      },
      "RequestBody": {
        "location": "westus",
        "properties": {
          "accessPolicies": [
            {
              "objectId": "22222222-2222-2222-2222-222222222222",
              "permissions": {
                "certificates": [
                  "get",
                  "list",
                  "create"
                ],
                "keys": [
                  "get",
                  "list",
                  "create"
                ],
                "secrets": [
                  "get",
                  "list"
                ]
              },
              "tenantId": "11111111-1111-1111-1111-111111111111"
            }
          ],
          "sku": {
            "family": "A",
            "name": "standard"
          },
          "tenantId": "11111111-1111-1111-1111-111111111111"
        }
      },
      "StatusCode": 200,
      "ResponseHeaders": {
        "Cache-Control": "no-cache",
        "Content-Encoding": "gzip",
        "Content-Type": "application/json; charset=utf-8",
        "Date": "Tue, 15 Feb 2022 10:00:49 GMT",
        "Expires": "-1",
        "Pragma": "no-cache",
        "Server": "Microsoft-IIS/10.0",
        "Strict-Transport-Security": "max-age=31536000; includeSubDomains",
        "Transfer-Encoding": "chunked",
        "Vary": "Accept-Encoding",
        "X-AspNet-Version": "4.0.30319",
        "X-Content-Type-Options": "nosniff",
        "x-ms-client-request-id": "5f338694-85b6-4571-9686-dd8a5bfdaadd",
        "x-ms-correlation-request-id": "91b5c273-4430-49a6-8458-fe11478cb842",
        "x-ms-keyvault-service-version": "1.5.273.0",
        "x-ms-ratelimit-remaining-subscription-writes": "1179",
        "x-ms-request-id": "8233be4d-7d97-40a1-8b51-d9a3fbea3b0d",
        "x-ms-routing-request-id": "SOUTHEASTASIA:20220215T100050Z:91b5c273-4430-49a6-8458-fe11478cb842",
        "X-Powered-By": "ASP.NET"
      },
      "ResponseBody": {
        "id": "/subscriptions/00000000-0000-0000-0000-000000000000/resourceGroups/rg3319576696/providers/Microsoft.KeyVault/vaults/vaultx3353131934",
        "name": "vaultx3353131934",
        "type": "Microsoft.KeyVault/vaults",
        "location": "westus",
        "tags": {},
        "systemData": {
          "createdBy": "a1fc368b-7f40-4802-8fa1-260d3a6ec34b",
          "createdByType": "Application",
          "createdAt": "2022-02-15T10:00:47.644Z",
          "lastModifiedBy": "a1fc368b-7f40-4802-8fa1-260d3a6ec34b",
          "lastModifiedByType": "Application",
          "lastModifiedAt": "2022-02-15T10:00:47.644Z"
        },
        "properties": {
          "sku": {
            "family": "A",
            "name": "standard"
          },
          "tenantId": "11111111-1111-1111-1111-111111111111",
          "accessPolicies": [
            {
              "tenantId": "11111111-1111-1111-1111-111111111111",
              "objectId": "22222222-2222-2222-2222-222222222222",
              "permissions": {
                "certificates": [
                  "get",
                  "list",
                  "create"
                ],
                "keys": [
                  "get",
                  "list",
                  "create"
                ],
                "secrets": [
                  "get",
                  "list"
                ]
              }
            }
          ],
          "enabledForDeployment": false,
          "enableSoftDelete": true,
          "vaultUri": "https://vaultx3353131934.vault.azure.net",
          "provisioningState": "RegisteringDns",
          "publicNetworkAccess": "Enabled"
        }
      }
    },
    {
      "RequestUri": "https://management.azure.com/subscriptions/00000000-0000-0000-0000-000000000000/resourceGroups/rg3319576696/providers/Microsoft.KeyVault/vaults/vaultx3353131934?api-version=2021-11-01-preview",
      "RequestMethod": "GET",
      "RequestHeaders": {
        ":authority": "localhost:5001",
        ":method": "GET",
        ":path": "/subscriptions/00000000-0000-0000-0000-000000000000/resourceGroups/rg3319576696/providers/Microsoft.KeyVault/vaults/vaultx3353131934?api-version=2021-11-01-preview",
        ":scheme": "https",
        "Accept-Encoding": "gzip",
        "Authorization": "Sanitized",
        "User-Agent": "azsdk-go-armkeyvault/v0.3.0 azsdk-go-azcore/v0.21.0 (go1.17; Windows_NT)"
      },
      "RequestBody": null,
      "StatusCode": 200,
      "ResponseHeaders": {
        "Cache-Control": "no-cache",
        "Content-Encoding": "gzip",
        "Content-Type": "application/json; charset=utf-8",
        "Date": "Tue, 15 Feb 2022 10:00:50 GMT",
        "Expires": "-1",
        "Pragma": "no-cache",
        "Server": "Microsoft-IIS/10.0",
        "Strict-Transport-Security": "max-age=31536000; includeSubDomains",
        "Transfer-Encoding": "chunked",
        "Vary": "Accept-Encoding",
        "X-AspNet-Version": "4.0.30319",
        "X-Content-Type-Options": "nosniff",
        "x-ms-client-request-id": "657df467-1177-47b3-b83c-d08e082076d1",
        "x-ms-correlation-request-id": "bb3297e9-4400-4a28-865d-213ecf122dc3",
        "x-ms-keyvault-service-version": "1.5.273.0",
        "x-ms-ratelimit-remaining-subscription-reads": "11980",
        "x-ms-request-id": "d78fc0db-4c29-4dbe-82ee-387bf2e200d9",
        "x-ms-routing-request-id": "SOUTHEASTASIA:20220215T100050Z:bb3297e9-4400-4a28-865d-213ecf122dc3",
        "X-Powered-By": "ASP.NET"
      },
      "ResponseBody": {
        "id": "/subscriptions/00000000-0000-0000-0000-000000000000/resourceGroups/rg3319576696/providers/Microsoft.KeyVault/vaults/vaultx3353131934",
        "name": "vaultx3353131934",
        "type": "Microsoft.KeyVault/vaults",
        "location": "westus",
        "tags": {},
        "systemData": {
          "createdBy": "a1fc368b-7f40-4802-8fa1-260d3a6ec34b",
          "createdByType": "Application",
          "createdAt": "2022-02-15T10:00:47.644Z",
          "lastModifiedBy": "a1fc368b-7f40-4802-8fa1-260d3a6ec34b",
          "lastModifiedByType": "Application",
          "lastModifiedAt": "2022-02-15T10:00:47.644Z"
        },
        "properties": {
          "sku": {
            "family": "A",
            "name": "standard"
          },
          "tenantId": "11111111-1111-1111-1111-111111111111",
          "accessPolicies": [
            {
              "tenantId": "11111111-1111-1111-1111-111111111111",
              "objectId": "22222222-2222-2222-2222-222222222222",
              "permissions": {
                "certificates": [
                  "get",
                  "list",
                  "create"
                ],
                "keys": [
                  "get",
                  "list",
                  "create"
                ],
                "secrets": [
                  "get",
                  "list"
                ]
              }
            }
          ],
          "enabledForDeployment": false,
          "enableSoftDelete": true,
          "vaultUri": "https://vaultx3353131934.vault.azure.net/",
          "provisioningState": "RegisteringDns",
          "publicNetworkAccess": "Enabled"
        }
      }
    },
    {
      "RequestUri": "https://management.azure.com/subscriptions/00000000-0000-0000-0000-000000000000/resourceGroups/rg3319576696/providers/Microsoft.KeyVault/vaults/vaultx3353131934?api-version=2021-11-01-preview",
      "RequestMethod": "GET",
      "RequestHeaders": {
        ":authority": "localhost:5001",
        ":method": "GET",
        ":path": "/subscriptions/00000000-0000-0000-0000-000000000000/resourceGroups/rg3319576696/providers/Microsoft.KeyVault/vaults/vaultx3353131934?api-version=2021-11-01-preview",
        ":scheme": "https",
        "Accept-Encoding": "gzip",
        "Authorization": "Sanitized",
        "User-Agent": "azsdk-go-armkeyvault/v0.3.0 azsdk-go-azcore/v0.21.0 (go1.17; Windows_NT)"
      },
      "RequestBody": null,
      "StatusCode": 200,
      "ResponseHeaders": {
        "Cache-Control": "no-cache",
        "Content-Encoding": "gzip",
        "Content-Type": "application/json; charset=utf-8",
        "Date": "Tue, 15 Feb 2022 10:01:00 GMT",
        "Expires": "-1",
        "Pragma": "no-cache",
        "Server": "Microsoft-IIS/10.0",
        "Strict-Transport-Security": "max-age=31536000; includeSubDomains",
        "Transfer-Encoding": "chunked",
        "Vary": "Accept-Encoding",
        "X-AspNet-Version": "4.0.30319",
        "X-Content-Type-Options": "nosniff",
        "x-ms-client-request-id": "164ad143-b165-46a9-afdd-4c08f7489ddb",
        "x-ms-correlation-request-id": "ae6a78e2-7a62-480b-9669-df1ba5056900",
        "x-ms-keyvault-service-version": "1.5.273.0",
        "x-ms-ratelimit-remaining-subscription-reads": "11979",
        "x-ms-request-id": "cdc44035-564a-4ddb-be25-c8d782bca25d",
        "x-ms-routing-request-id": "SOUTHEASTASIA:20220215T100101Z:ae6a78e2-7a62-480b-9669-df1ba5056900",
        "X-Powered-By": "ASP.NET"
      },
      "ResponseBody": {
        "id": "/subscriptions/00000000-0000-0000-0000-000000000000/resourceGroups/rg3319576696/providers/Microsoft.KeyVault/vaults/vaultx3353131934",
        "name": "vaultx3353131934",
        "type": "Microsoft.KeyVault/vaults",
        "location": "westus",
        "tags": {},
        "systemData": {
          "createdBy": "a1fc368b-7f40-4802-8fa1-260d3a6ec34b",
          "createdByType": "Application",
          "createdAt": "2022-02-15T10:00:47.644Z",
          "lastModifiedBy": "a1fc368b-7f40-4802-8fa1-260d3a6ec34b",
          "lastModifiedByType": "Application",
          "lastModifiedAt": "2022-02-15T10:00:47.644Z"
        },
        "properties": {
          "sku": {
            "family": "A",
            "name": "standard"
          },
          "tenantId": "11111111-1111-1111-1111-111111111111",
          "accessPolicies": [
            {
              "tenantId": "11111111-1111-1111-1111-111111111111",
              "objectId": "22222222-2222-2222-2222-222222222222",
              "permissions": {
                "certificates": [
                  "get",
                  "list",
                  "create"
                ],
                "keys": [
                  "get",
                  "list",
                  "create"
                ],
                "secrets": [
                  "get",
                  "list"
                ]
              }
            }
          ],
          "enabledForDeployment": false,
          "enableSoftDelete": true,
          "vaultUri": "https://vaultx3353131934.vault.azure.net/",
          "provisioningState": "RegisteringDns",
          "publicNetworkAccess": "Enabled"
        }
      }
    },
    {
      "RequestUri": "https://management.azure.com/subscriptions/00000000-0000-0000-0000-000000000000/resourceGroups/rg3319576696/providers/Microsoft.KeyVault/vaults/vaultx3353131934?api-version=2021-11-01-preview",
      "RequestMethod": "GET",
      "RequestHeaders": {
        ":authority": "localhost:5001",
        ":method": "GET",
        ":path": "/subscriptions/00000000-0000-0000-0000-000000000000/resourceGroups/rg3319576696/providers/Microsoft.KeyVault/vaults/vaultx3353131934?api-version=2021-11-01-preview",
        ":scheme": "https",
        "Accept-Encoding": "gzip",
        "Authorization": "Sanitized",
        "User-Agent": "azsdk-go-armkeyvault/v0.3.0 azsdk-go-azcore/v0.21.0 (go1.17; Windows_NT)"
      },
      "RequestBody": null,
      "StatusCode": 200,
      "ResponseHeaders": {
        "Cache-Control": "no-cache",
        "Content-Encoding": "gzip",
        "Content-Type": "application/json; charset=utf-8",
        "Date": "Tue, 15 Feb 2022 10:01:10 GMT",
        "Expires": "-1",
        "Pragma": "no-cache",
        "Server": "Microsoft-IIS/10.0",
        "Strict-Transport-Security": "max-age=31536000; includeSubDomains",
        "Transfer-Encoding": "chunked",
        "Vary": "Accept-Encoding",
        "X-AspNet-Version": "4.0.30319",
        "X-Content-Type-Options": "nosniff",
        "x-ms-client-request-id": "5563b4d2-c86d-4ff3-b7bc-8f1c98ae2b22",
        "x-ms-correlation-request-id": "8fcb40eb-f83a-4829-9039-6da8daf64e3a",
        "x-ms-keyvault-service-version": "1.5.273.0",
        "x-ms-ratelimit-remaining-subscription-reads": "11978",
        "x-ms-request-id": "8d3ce218-3d92-4ac5-ad6c-98c1f2447174",
        "x-ms-routing-request-id": "SOUTHEASTASIA:20220215T100111Z:8fcb40eb-f83a-4829-9039-6da8daf64e3a",
        "X-Powered-By": "ASP.NET"
      },
      "ResponseBody": {
        "id": "/subscriptions/00000000-0000-0000-0000-000000000000/resourceGroups/rg3319576696/providers/Microsoft.KeyVault/vaults/vaultx3353131934",
        "name": "vaultx3353131934",
        "type": "Microsoft.KeyVault/vaults",
        "location": "westus",
        "tags": {},
        "systemData": {
          "createdBy": "a1fc368b-7f40-4802-8fa1-260d3a6ec34b",
          "createdByType": "Application",
          "createdAt": "2022-02-15T10:00:47.644Z",
          "lastModifiedBy": "a1fc368b-7f40-4802-8fa1-260d3a6ec34b",
          "lastModifiedByType": "Application",
          "lastModifiedAt": "2022-02-15T10:00:47.644Z"
        },
        "properties": {
          "sku": {
            "family": "A",
            "name": "standard"
          },
          "tenantId": "11111111-1111-1111-1111-111111111111",
          "accessPolicies": [
            {
              "tenantId": "11111111-1111-1111-1111-111111111111",
              "objectId": "22222222-2222-2222-2222-222222222222",
              "permissions": {
                "certificates": [
                  "get",
                  "list",
                  "create"
                ],
                "keys": [
                  "get",
                  "list",
                  "create"
                ],
                "secrets": [
                  "get",
                  "list"
                ]
              }
            }
          ],
          "enabledForDeployment": false,
          "enableSoftDelete": true,
          "vaultUri": "https://vaultx3353131934.vault.azure.net/",
          "provisioningState": "Succeeded",
          "publicNetworkAccess": "Enabled"
        }
      }
    },
    {
      "RequestUri": "https://management.azure.com/subscriptions/00000000-0000-0000-0000-000000000000/resourceGroups/rg3319576696/providers/Microsoft.KeyVault/vaults/vaultx3353131934/secrets/secret1038364965?api-version=2021-11-01-preview",
      "RequestMethod": "PUT",
      "RequestHeaders": {
        ":authority": "localhost:5001",
        ":method": "PUT",
        ":path": "/subscriptions/00000000-0000-0000-0000-000000000000/resourceGroups/rg3319576696/providers/Microsoft.KeyVault/vaults/vaultx3353131934/secrets/secret1038364965?api-version=2021-11-01-preview",
        ":scheme": "https",
        "Accept": "application/json",
        "Accept-Encoding": "gzip",
        "Authorization": "Sanitized",
        "Content-Length": "76",
        "Content-Type": "application/json",
        "User-Agent": "azsdk-go-armkeyvault/v0.3.0 azsdk-go-azcore/v0.21.0 (go1.17; Windows_NT)"
      },
      "RequestBody": {
        "properties": {
          "attributes": {
            "enabled": true
          },
          "value": "sample-secret-value"
        }
      },
      "StatusCode": 200,
      "ResponseHeaders": {
        "Cache-Control": "no-cache",
        "Content-Encoding": "gzip",
        "Content-Type": "application/json; charset=utf-8",
        "Date": "Tue, 15 Feb 2022 10:01:11 GMT",
        "Expires": "-1",
        "Pragma": "no-cache",
        "Server": "Microsoft-IIS/10.0",
        "Strict-Transport-Security": "max-age=31536000; includeSubDomains",
        "Transfer-Encoding": "chunked",
        "Vary": "Accept-Encoding",
        "X-AspNet-Version": "4.0.30319",
        "X-Content-Type-Options": "nosniff",
        "x-ms-client-request-id": "e099e106-5a58-4ebe-9001-b7d92370e567",
        "x-ms-correlation-request-id": "2df84851-cc1f-4a56-94e1-610241da9086",
        "x-ms-keyvault-service-version": "1.5.273.0",
        "x-ms-ratelimit-remaining-subscription-writes": "1178",
        "x-ms-request-id": "69d215a4-755c-430e-8f83-c8dd3061f26d",
        "x-ms-routing-request-id": "SOUTHEASTASIA:20220215T100111Z:2df84851-cc1f-4a56-94e1-610241da9086",
        "X-Powered-By": "ASP.NET"
      },
      "ResponseBody": {
        "id": "/subscriptions/00000000-0000-0000-0000-000000000000/resourceGroups/rg3319576696/providers/Microsoft.KeyVault/vaults/vaultx3353131934/secrets/secret1038364965",
        "name": "secret1038364965",
        "type": "Microsoft.KeyVault/vaults/secrets",
        "location": "westus",
        "properties": {
          "attributes": {
            "enabled": true,
            "created": 1644919271,
            "updated": 1644919271
          },
          "secretUri": "https://vaultx3353131934.vault.azure.net/secrets/secret1038364965",
          "secretUriWithVersion": "https://vaultx3353131934.vault.azure.net/secrets/secret1038364965/2fab5839439a465aa8a7a73ab79ce560"
        }
      }
    },
    {
      "RequestUri": "https://management.azure.com/subscriptions/00000000-0000-0000-0000-000000000000/resourceGroups/rg3319576696/providers/Microsoft.KeyVault/vaults/vaultx3353131934/secrets/secret1038364965?api-version=2021-11-01-preview",
      "RequestMethod": "GET",
      "RequestHeaders": {
        ":authority": "localhost:5001",
        ":method": "GET",
        ":path": "/subscriptions/00000000-0000-0000-0000-000000000000/resourceGroups/rg3319576696/providers/Microsoft.KeyVault/vaults/vaultx3353131934/secrets/secret1038364965?api-version=2021-11-01-preview",
        ":scheme": "https",
        "Accept": "application/json",
        "Accept-Encoding": "gzip",
        "Authorization": "Sanitized",
        "User-Agent": "azsdk-go-armkeyvault/v0.3.0 azsdk-go-azcore/v0.21.0 (go1.17; Windows_NT)"
      },
      "RequestBody": null,
      "StatusCode": 200,
      "ResponseHeaders": {
        "Cache-Control": "no-cache",
        "Content-Encoding": "gzip",
        "Content-Type": "application/json; charset=utf-8",
        "Date": "Tue, 15 Feb 2022 10:01:11 GMT",
        "Expires": "-1",
        "Pragma": "no-cache",
        "Server": "Microsoft-IIS/10.0",
        "Strict-Transport-Security": "max-age=31536000; includeSubDomains",
        "Transfer-Encoding": "chunked",
        "Vary": "Accept-Encoding",
        "X-AspNet-Version": "4.0.30319",
        "X-Content-Type-Options": "nosniff",
        "x-ms-client-request-id": "b8d0d5f2-2ac8-4737-8b6f-abf9d0c74c7b",
        "x-ms-correlation-request-id": "5652d272-5b72-4dff-b5bc-e3bb838e755d",
        "x-ms-keyvault-service-version": "1.5.273.0",
        "x-ms-ratelimit-remaining-subscription-reads": "11977",
        "x-ms-request-id": "9ca70794-d853-41e5-833a-fdf84655b2f8",
        "x-ms-routing-request-id": "SOUTHEASTASIA:20220215T100112Z:5652d272-5b72-4dff-b5bc-e3bb838e755d",
        "X-Powered-By": "ASP.NET"
      },
      "ResponseBody": {
        "id": "/subscriptions/00000000-0000-0000-0000-000000000000/resourceGroups/rg3319576696/providers/Microsoft.KeyVault/vaults/vaultx3353131934/secrets/secret1038364965",
        "name": "secret1038364965",
        "type": "Microsoft.KeyVault/vaults/secrets",
        "location": "westus",
        "properties": {
          "attributes": {
            "enabled": true,
            "created": 1644919271,
            "updated": 1644919271
          },
          "secretUri": "https://vaultx3353131934.vault.azure.net/secrets/secret1038364965",
          "secretUriWithVersion": "https://vaultx3353131934.vault.azure.net/secrets/secret1038364965/2fab5839439a465aa8a7a73ab79ce560"
        }
      }
    },
    {
      "RequestUri": "https://management.azure.com/subscriptions/00000000-0000-0000-0000-000000000000/resourcegroups/rg3319576696?api-version=2021-04-01",
      "RequestMethod": "DELETE",
      "RequestHeaders": {
        ":authority": "localhost:5001",
        ":method": "DELETE",
        ":path": "/subscriptions/00000000-0000-0000-0000-000000000000/resourcegroups/rg3319576696?api-version=2021-04-01",
        ":scheme": "https",
        "Accept": "application/json",
        "Accept-Encoding": "gzip",
        "Authorization": "Sanitized",
        "User-Agent": "azsdk-go-armresources/v0.3.0 azsdk-go-azcore/v0.21.0 (go1.17; Windows_NT)"
      },
      "RequestBody": null,
      "StatusCode": 202,
      "ResponseHeaders": {
        "Cache-Control": "no-cache",
        "Content-Length": "0",
        "Date": "Tue, 15 Feb 2022 10:01:13 GMT",
        "Expires": "-1",
        "Location": "https://management.azure.com/subscriptions/00000000-0000-0000-0000-000000000000/operationresults/eyJqb2JJZCI6IlJFU09VUkNFR1JPVVBERUxFVElPTkpPQi1SRzMzMTk1NzY2OTYtV0VTVFVTIiwiam9iTG9jYXRpb24iOiJ3ZXN0dXMifQ?api-version=2021-04-01",
        "Pragma": "no-cache",
        "Retry-After": "15",
        "Strict-Transport-Security": "max-age=31536000; includeSubDomains",
        "X-Content-Type-Options": "nosniff",
        "x-ms-correlation-request-id": "76de466c-ee04-4238-ae47-460a99e947a2",
        "x-ms-ratelimit-remaining-subscription-deletes": "14994",
        "x-ms-request-id": "76de466c-ee04-4238-ae47-460a99e947a2",
        "x-ms-routing-request-id": "SOUTHEASTASIA:20220215T100113Z:76de466c-ee04-4238-ae47-460a99e947a2"
      },
      "ResponseBody": null
    }
  ],
  "Variables": {}
}
