{
  "Entries": [
    {
      "RequestUri": "https://management.azure.com/subscriptions/00000000-0000-0000-0000-000000000000/resourcegroups/rg965052935?api-version=2021-04-01",
      "RequestMethod": "PUT",
      "RequestHeaders": {
        ":authority": "localhost:5001",
        ":method": "PUT",
        ":path": "/subscriptions/00000000-0000-0000-0000-000000000000/resourcegroups/rg965052935?api-version=2021-04-01",
        ":scheme": "https",
        "Accept": "application/json",
        "Accept-Encoding": "gzip",
        "Authorization": "Sanitized",
        "Content-Length": "21",
        "Content-Type": "application/json",
        "User-Agent": "azsdk-go-armresources/v0.3.0 azsdk-go-azcore/v0.21.0 (go1.17; Windows_NT)"
      },
      "RequestBody": {
        "location": "westus"
      },
      "StatusCode": 201,
      "ResponseHeaders": {
        "Cache-Control": "no-cache",
        "Content-Length": "219",
        "Content-Type": "application/json; charset=utf-8",
        "Date": "Tue, 15 Feb 2022 10:01:45 GMT",
        "Expires": "-1",
        "Pragma": "no-cache",
        "Strict-Transport-Security": "max-age=31536000; includeSubDomains",
        "X-Content-Type-Options": "nosniff",
        "x-ms-correlation-request-id": "1deb071e-2e11-4057-9f01-fa36a433b5b0",
        "x-ms-ratelimit-remaining-subscription-writes": "1174",
        "x-ms-request-id": "1deb071e-2e11-4057-9f01-fa36a433b5b0",
        "x-ms-routing-request-id": "SOUTHEASTASIA:20220215T100146Z:1deb071e-2e11-4057-9f01-fa36a433b5b0"
      },
      "ResponseBody": {
        "id": "/subscriptions/00000000-0000-0000-0000-000000000000/resourceGroups/rg965052935",
        "name": "rg965052935",
        "type": "Microsoft.Resources/resourceGroups",
        "location": "westus",
        "properties": {
          "provisioningState": "Succeeded"
        }
      }
    },
    {
      "RequestUri": "https://management.azure.com/subscriptions/00000000-0000-0000-0000-000000000000/resourceGroups/rg965052935/providers/Microsoft.KeyVault/vaults/vault998608173?api-version=2021-11-01-preview",
      "RequestMethod": "PUT",
      "RequestHeaders": {
        ":authority": "localhost:5001",
        ":method": "PUT",
        ":path": "/subscriptions/00000000-0000-0000-0000-000000000000/resourceGroups/rg965052935/providers/Microsoft.KeyVault/vaults/vault998608173?api-version=2021-11-01-preview",
        ":scheme": "https",
        "Accept": "application/json",
        "Accept-Encoding": "gzip",
        "Authorization": "Sanitized",
        "Content-Length": "357",
        "Content-Type": "application/json",
        "User-Agent": "azsdk-go-armkeyvault/v0.3.0 azsdk-go-azcore/v0.21.0 (go1.17; Windows_NT)"
      },
      "RequestBody": {
        "location": "westus",
        "properties": {
          "accessPolicies": [
            {
              "objectId": "22222222-2222-2222-2222-222222222222",
              "permissions": {
                "certificates": [
                  "get",
                  "list",
                  "create"
                ],
                "keys": [
                  "get",
                  "list",
                  "create"
                ],
                "secrets": [
                  "get",
                  "list"
                ]
              },
              "tenantId": "11111111-1111-1111-1111-111111111111"
            }
          ],
          "sku": {
            "family": "A",
            "name": "standard"
          },
          "tenantId": "11111111-1111-1111-1111-111111111111"
        }
      },
      "StatusCode": 200,
      "ResponseHeaders": {
        "Cache-Control": "no-cache",
        "Content-Encoding": "gzip",
        "Content-Type": "application/json; charset=utf-8",
        "Date": "Tue, 15 Feb 2022 10:01:50 GMT",
        "Expires": "-1",
        "Pragma": "no-cache",
        "Server": "Microsoft-IIS/10.0",
        "Strict-Transport-Security": "max-age=31536000; includeSubDomains",
        "Transfer-Encoding": "chunked",
        "Vary": "Accept-Encoding",
        "X-AspNet-Version": "4.0.30319",
        "X-Content-Type-Options": "nosniff",
        "x-ms-client-request-id": "02c1d27c-e949-42f5-8644-37b6589f2712",
        "x-ms-correlation-request-id": "67c3f529-c04d-42ea-b9e9-15a7bf08cc66",
        "x-ms-keyvault-service-version": "1.5.273.0",
        "x-ms-ratelimit-remaining-subscription-writes": "1173",
        "x-ms-request-id": "650e56ff-a475-47f8-b2c1-0af50fae4c52",
        "x-ms-routing-request-id": "SOUTHEASTASIA:20220215T100151Z:67c3f529-c04d-42ea-b9e9-15a7bf08cc66",
        "X-Powered-By": "ASP.NET"
      },
      "ResponseBody": {
        "id": "/subscriptions/00000000-0000-0000-0000-000000000000/resourceGroups/rg965052935/providers/Microsoft.KeyVault/vaults/vault998608173",
        "name": "vault998608173",
        "type": "Microsoft.KeyVault/vaults",
        "location": "westus",
        "tags": {},
        "systemData": {
          "createdBy": "a1fc368b-7f40-4802-8fa1-260d3a6ec34b",
          "createdByType": "Application",
          "createdAt": "2022-02-15T10:01:48.389Z",
          "lastModifiedBy": "a1fc368b-7f40-4802-8fa1-260d3a6ec34b",
          "lastModifiedByType": "Application",
          "lastModifiedAt": "2022-02-15T10:01:48.389Z"
        },
        "properties": {
          "sku": {
            "family": "A",
            "name": "standard"
          },
          "tenantId": "11111111-1111-1111-1111-111111111111",
          "accessPolicies": [
            {
              "tenantId": "11111111-1111-1111-1111-111111111111",
              "objectId": "22222222-2222-2222-2222-222222222222",
              "permissions": {
                "certificates": [
                  "get",
                  "list",
                  "create"
                ],
                "keys": [
                  "get",
                  "list",
                  "create"
                ],
                "secrets": [
                  "get",
                  "list"
                ]
              }
            }
          ],
          "enabledForDeployment": false,
          "enableSoftDelete": true,
          "vaultUri": "https://vault998608173.vault.azure.net",
          "provisioningState": "RegisteringDns",
          "publicNetworkAccess": "Enabled"
        }
      }
    },
    {
      "RequestUri": "https://management.azure.com/subscriptions/00000000-0000-0000-0000-000000000000/resourceGroups/rg965052935/providers/Microsoft.KeyVault/vaults/vault998608173?api-version=2021-11-01-preview",
      "RequestMethod": "GET",
      "RequestHeaders": {
        ":authority": "localhost:5001",
        ":method": "GET",
        ":path": "/subscriptions/00000000-0000-0000-0000-000000000000/resourceGroups/rg965052935/providers/Microsoft.KeyVault/vaults/vault998608173?api-version=2021-11-01-preview",
        ":scheme": "https",
        "Accept-Encoding": "gzip",
        "Authorization": "Sanitized",
        "User-Agent": "azsdk-go-armkeyvault/v0.3.0 azsdk-go-azcore/v0.21.0 (go1.17; Windows_NT)"
      },
      "RequestBody": null,
      "StatusCode": 200,
      "ResponseHeaders": {
        "Cache-Control": "no-cache",
        "Content-Encoding": "gzip",
        "Content-Type": "application/json; charset=utf-8",
        "Date": "Tue, 15 Feb 2022 10:01:50 GMT",
        "Expires": "-1",
        "Pragma": "no-cache",
        "Server": "Microsoft-IIS/10.0",
        "Strict-Transport-Security": "max-age=31536000; includeSubDomains",
        "Transfer-Encoding": "chunked",
        "Vary": "Accept-Encoding",
        "X-AspNet-Version": "4.0.30319",
        "X-Content-Type-Options": "nosniff",
        "x-ms-client-request-id": "e9a75c4d-ba73-4219-a3ed-1c96996f26a1",
        "x-ms-correlation-request-id": "92b72530-d660-42ef-93fa-fb600058b628",
        "x-ms-keyvault-service-version": "1.5.273.0",
        "x-ms-ratelimit-remaining-subscription-reads": "11973",
        "x-ms-request-id": "b05d2370-e86e-4e08-b2ea-f4a456964f4e",
        "x-ms-routing-request-id": "SOUTHEASTASIA:20220215T100151Z:92b72530-d660-42ef-93fa-fb600058b628",
        "X-Powered-By": "ASP.NET"
      },
      "ResponseBody": {
        "id": "/subscriptions/00000000-0000-0000-0000-000000000000/resourceGroups/rg965052935/providers/Microsoft.KeyVault/vaults/vault998608173",
        "name": "vault998608173",
        "type": "Microsoft.KeyVault/vaults",
        "location": "westus",
        "tags": {},
        "systemData": {
          "createdBy": "a1fc368b-7f40-4802-8fa1-260d3a6ec34b",
          "createdByType": "Application",
          "createdAt": "2022-02-15T10:01:48.389Z",
          "lastModifiedBy": "a1fc368b-7f40-4802-8fa1-260d3a6ec34b",
          "lastModifiedByType": "Application",
          "lastModifiedAt": "2022-02-15T10:01:48.389Z"
        },
        "properties": {
          "sku": {
            "family": "A",
            "name": "standard"
          },
          "tenantId": "11111111-1111-1111-1111-111111111111",
          "accessPolicies": [
            {
              "tenantId": "11111111-1111-1111-1111-111111111111",
              "objectId": "22222222-2222-2222-2222-222222222222",
              "permissions": {
                "certificates": [
                  "get",
                  "list",
                  "create"
                ],
                "keys": [
                  "get",
                  "list",
                  "create"
                ],
                "secrets": [
                  "get",
                  "list"
                ]
              }
            }
          ],
          "enabledForDeployment": false,
          "enableSoftDelete": true,
          "vaultUri": "https://vault998608173.vault.azure.net/",
          "provisioningState": "RegisteringDns",
          "publicNetworkAccess": "Enabled"
        }
      }
    },
    {
      "RequestUri": "https://management.azure.com/subscriptions/00000000-0000-0000-0000-000000000000/resourceGroups/rg965052935/providers/Microsoft.KeyVault/vaults/vault998608173?api-version=2021-11-01-preview",
      "RequestMethod": "GET",
      "RequestHeaders": {
        ":authority": "localhost:5001",
        ":method": "GET",
        ":path": "/subscriptions/00000000-0000-0000-0000-000000000000/resourceGroups/rg965052935/providers/Microsoft.KeyVault/vaults/vault998608173?api-version=2021-11-01-preview",
        ":scheme": "https",
        "Accept-Encoding": "gzip",
        "Authorization": "Sanitized",
        "User-Agent": "azsdk-go-armkeyvault/v0.3.0 azsdk-go-azcore/v0.21.0 (go1.17; Windows_NT)"
      },
      "RequestBody": null,
      "StatusCode": 200,
      "ResponseHeaders": {
        "Cache-Control": "no-cache",
        "Content-Encoding": "gzip",
        "Content-Type": "application/json; charset=utf-8",
        "Date": "Tue, 15 Feb 2022 10:02:01 GMT",
        "Expires": "-1",
        "Pragma": "no-cache",
        "Server": "Microsoft-IIS/10.0",
        "Strict-Transport-Security": "max-age=31536000; includeSubDomains",
        "Transfer-Encoding": "chunked",
        "Vary": "Accept-Encoding",
        "X-AspNet-Version": "4.0.30319",
        "X-Content-Type-Options": "nosniff",
        "x-ms-client-request-id": "444a4c01-909a-40a2-91b7-75707de5a2c2",
        "x-ms-correlation-request-id": "a76c3c4d-7d68-498d-b33a-28e7e6ed4caf",
        "x-ms-keyvault-service-version": "1.5.273.0",
        "x-ms-ratelimit-remaining-subscription-reads": "11972",
        "x-ms-request-id": "7392d947-2ffa-4eb9-b2ab-7822c43d87fb",
        "x-ms-routing-request-id": "SOUTHEASTASIA:20220215T100201Z:a76c3c4d-7d68-498d-b33a-28e7e6ed4caf",
        "X-Powered-By": "ASP.NET"
      },
      "ResponseBody": {
        "id": "/subscriptions/00000000-0000-0000-0000-000000000000/resourceGroups/rg965052935/providers/Microsoft.KeyVault/vaults/vault998608173",
        "name": "vault998608173",
        "type": "Microsoft.KeyVault/vaults",
        "location": "westus",
        "tags": {},
        "systemData": {
          "createdBy": "a1fc368b-7f40-4802-8fa1-260d3a6ec34b",
          "createdByType": "Application",
          "createdAt": "2022-02-15T10:01:48.389Z",
          "lastModifiedBy": "a1fc368b-7f40-4802-8fa1-260d3a6ec34b",
          "lastModifiedByType": "Application",
          "lastModifiedAt": "2022-02-15T10:01:48.389Z"
        },
        "properties": {
          "sku": {
            "family": "A",
            "name": "standard"
          },
          "tenantId": "11111111-1111-1111-1111-111111111111",
          "accessPolicies": [
            {
              "tenantId": "11111111-1111-1111-1111-111111111111",
              "objectId": "22222222-2222-2222-2222-222222222222",
              "permissions": {
                "certificates": [
                  "get",
                  "list",
                  "create"
                ],
                "keys": [
                  "get",
                  "list",
                  "create"
                ],
                "secrets": [
                  "get",
                  "list"
                ]
              }
            }
          ],
          "enabledForDeployment": false,
          "enableSoftDelete": true,
          "vaultUri": "https://vault998608173.vault.azure.net/",
          "provisioningState": "RegisteringDns",
          "publicNetworkAccess": "Enabled"
        }
      }
    },
    {
      "RequestUri": "https://management.azure.com/subscriptions/00000000-0000-0000-0000-000000000000/resourceGroups/rg965052935/providers/Microsoft.KeyVault/vaults/vault998608173?api-version=2021-11-01-preview",
      "RequestMethod": "GET",
      "RequestHeaders": {
        ":authority": "localhost:5001",
        ":method": "GET",
        ":path": "/subscriptions/00000000-0000-0000-0000-000000000000/resourceGroups/rg965052935/providers/Microsoft.KeyVault/vaults/vault998608173?api-version=2021-11-01-preview",
        ":scheme": "https",
        "Accept-Encoding": "gzip",
        "Authorization": "Sanitized",
        "User-Agent": "azsdk-go-armkeyvault/v0.3.0 azsdk-go-azcore/v0.21.0 (go1.17; Windows_NT)"
      },
      "RequestBody": null,
      "StatusCode": 200,
      "ResponseHeaders": {
        "Cache-Control": "no-cache",
        "Content-Encoding": "gzip",
        "Content-Type": "application/json; charset=utf-8",
        "Date": "Tue, 15 Feb 2022 10:02:12 GMT",
        "Expires": "-1",
        "Pragma": "no-cache",
        "Server": "Microsoft-IIS/10.0",
        "Strict-Transport-Security": "max-age=31536000; includeSubDomains",
        "Transfer-Encoding": "chunked",
        "Vary": "Accept-Encoding",
        "X-AspNet-Version": "4.0.30319",
        "X-Content-Type-Options": "nosniff",
        "x-ms-client-request-id": "140b3cfc-389f-4fd6-8033-936c60d144d7",
        "x-ms-correlation-request-id": "7183a7d5-de46-4f81-aa94-780f72060a2c",
        "x-ms-keyvault-service-version": "1.5.273.0",
        "x-ms-ratelimit-remaining-subscription-reads": "11971",
        "x-ms-request-id": "3eacf27e-0b56-46e0-b28b-45c69884e899",
        "x-ms-routing-request-id": "SOUTHEASTASIA:20220215T100212Z:7183a7d5-de46-4f81-aa94-780f72060a2c",
        "X-Powered-By": "ASP.NET"
      },
      "ResponseBody": {
        "id": "/subscriptions/00000000-0000-0000-0000-000000000000/resourceGroups/rg965052935/providers/Microsoft.KeyVault/vaults/vault998608173",
        "name": "vault998608173",
        "type": "Microsoft.KeyVault/vaults",
        "location": "westus",
        "tags": {},
        "systemData": {
          "createdBy": "a1fc368b-7f40-4802-8fa1-260d3a6ec34b",
          "createdByType": "Application",
          "createdAt": "2022-02-15T10:01:48.389Z",
          "lastModifiedBy": "a1fc368b-7f40-4802-8fa1-260d3a6ec34b",
          "lastModifiedByType": "Application",
          "lastModifiedAt": "2022-02-15T10:01:48.389Z"
        },
        "properties": {
          "sku": {
            "family": "A",
            "name": "standard"
          },
          "tenantId": "11111111-1111-1111-1111-111111111111",
          "accessPolicies": [
            {
              "tenantId": "11111111-1111-1111-1111-111111111111",
              "objectId": "22222222-2222-2222-2222-222222222222",
              "permissions": {
                "certificates": [
                  "get",
                  "list",
                  "create"
                ],
                "keys": [
                  "get",
                  "list",
                  "create"
                ],
                "secrets": [
                  "get",
                  "list"
                ]
              }
            }
          ],
          "enabledForDeployment": false,
          "enableSoftDelete": true,
          "vaultUri": "https://vault998608173.vault.azure.net/",
          "provisioningState": "Succeeded",
          "publicNetworkAccess": "Enabled"
        }
      }
    },
    {
      "RequestUri": "https://management.azure.com/subscriptions/00000000-0000-0000-0000-000000000000/resourcegroups/rg965052935?api-version=2021-04-01",
      "RequestMethod": "DELETE",
      "RequestHeaders": {
        ":authority": "localhost:5001",
        ":method": "DELETE",
        ":path": "/subscriptions/00000000-0000-0000-0000-000000000000/resourcegroups/rg965052935?api-version=2021-04-01",
        ":scheme": "https",
        "Accept": "application/json",
        "Accept-Encoding": "gzip",
        "Authorization": "Sanitized",
        "User-Agent": "azsdk-go-armresources/v0.3.0 azsdk-go-azcore/v0.21.0 (go1.17; Windows_NT)"
      },
      "RequestBody": null,
      "StatusCode": 202,
      "ResponseHeaders": {
        "Cache-Control": "no-cache",
        "Content-Length": "0",
        "Date": "Tue, 15 Feb 2022 10:02:13 GMT",
        "Expires": "-1",
        "Location": "https://management.azure.com/subscriptions/00000000-0000-0000-0000-000000000000/operationresults/eyJqb2JJZCI6IlJFU09VUkNFR1JPVVBERUxFVElPTkpPQi1SRzk2NTA1MjkzNS1XRVNUVVMiLCJqb2JMb2NhdGlvbiI6Indlc3R1cyJ9?api-version=2021-04-01",
        "Pragma": "no-cache",
        "Retry-After": "15",
        "Strict-Transport-Security": "max-age=31536000; includeSubDomains",
        "X-Content-Type-Options": "nosniff",
        "x-ms-correlation-request-id": "99ddc6d3-d06a-451e-af96-6f3706365dd2",
        "x-ms-ratelimit-remaining-subscription-deletes": "14992",
        "x-ms-request-id": "99ddc6d3-d06a-451e-af96-6f3706365dd2",
        "x-ms-routing-request-id": "SOUTHEASTASIA:20220215T100214Z:99ddc6d3-d06a-451e-af96-6f3706365dd2"
      },
      "ResponseBody": null
    }
  ],
  "Variables": {}
}
