{
  "Entries": [
    {
      "RequestUri": "https://management.azure.com/subscriptions/00000000-0000-0000-0000-000000000000/resourcegroups/go-sdk-test-rg?api-version=2021-04-01",
      "RequestMethod": "PUT",
      "RequestHeaders": {
        "Accept": "application/json",
        "Accept-Encoding": "gzip",
        "Authorization": "Sanitized",
        "Content-Length": "21",
        "Content-Type": "application/json",
        "User-Agent": "azsdk-go-armresources/v1.0.0 (go1.18.3; Windows_NT)"
      },
      "RequestBody": {
        "location": "westus"
      },
      "StatusCode": 201,
      "ResponseHeaders": {
        "Cache-Control": "no-cache",
        "Content-Length": "225",
        "Content-Type": "application/json; charset=utf-8",
        "Date": "Thu, 25 Aug 2022 06:15:33 GMT",
        "Expires": "-1",
        "Pragma": "no-cache",
        "Strict-Transport-Security": "max-age=31536000; includeSubDomains",
        "X-Content-Type-Options": "nosniff",
        "x-ms-correlation-request-id": "00000000-0000-0000-0000-000000000000",
        "x-ms-ratelimit-remaining-subscription-writes": "1194",
        "x-ms-request-id": "00000000-0000-0000-0000-000000000000",
        "x-ms-routing-request-id": "SOUTHEASTASIA:20220825T061534Z:00000000-0000-0000-0000-000000000000"
      },
      "ResponseBody": {
        "id": "/subscriptions/00000000-0000-0000-0000-000000000000/resourceGroups/go-sdk-test-rg",
        "name": "go-sdk-test-rg",
        "type": "Microsoft.Resources/resourceGroups",
        "location": "westus",
        "properties": {
          "provisioningState": "Succeeded"
        }
      }
    },
    {
      "RequestUri": "https://management.azure.com/subscriptions/00000000-0000-0000-0000-000000000000/resourceGroups/go-sdk-test-rg/providers/Microsoft.Network/privateDnsZones/scenario_privatezone.com?api-version=2020-06-01",
      "RequestMethod": "PUT",
      "RequestHeaders": {
        "Accept": "application/json",
        "Accept-Encoding": "gzip",
        "Authorization": "Sanitized",
        "Content-Length": "46",
        "Content-Type": "application/json",
        "User-Agent": "azsdk-go-armprivatedns/v1.0.0 (go1.18.3; Windows_NT)"
      },
      "RequestBody": {
        "location": "Global",
        "tags": {
          "key1": "value1"
        }
      },
      "StatusCode": 202,
      "ResponseHeaders": {
        "Azure-AsyncOperation": "https://management.azure.com:443/subscriptions/00000000-0000-0000-0000-000000000000/resourceGroups/go-sdk-test-rg/providers/Microsoft.Network/privateDnsOperationStatuses/RnJvbnRFbmRBc3luY09wZXJhdGlvbjtVcHNlcnRQcml2YXRlRG5zWm9uZTtlZmRlNDVlMy1iYzFkLTQzODgtYjFjMC0xMTY0ZjEyODU3ZDVfOTJmOTVkOGYtM2M2Ny00MTI0LTkxYzctOGNmMDdjZGJmMjQx?api-version=2020-06-01",
        "Cache-Control": "private",
        "Content-Length": "2",
        "Content-Type": "application/json; charset=utf-8",
        "Date": "Thu, 25 Aug 2022 06:15:38 GMT",
        "Location": "https://management.azure.com/subscriptions/00000000-0000-0000-0000-000000000000/resourceGroups/go-sdk-test-rg/providers/Microsoft.Network/privateDnsOperationResults/RnJvbnRFbmRBc3luY09wZXJhdGlvbjtVcHNlcnRQcml2YXRlRG5zWm9uZTtlZmRlNDVlMy1iYzFkLTQzODgtYjFjMC0xMTY0ZjEyODU3ZDVfOTJmOTVkOGYtM2M2Ny00MTI0LTkxYzctOGNmMDdjZGJmMjQx?api-version=2020-06-01",
        "Retry-After": "30",
        "Server": "Microsoft-IIS/10.0",
        "Strict-Transport-Security": "max-age=31536000; includeSubDomains",
        "X-AspNet-Version": "4.0.30319",
        "X-Content-Type-Options": "nosniff",
        "x-ms-correlation-request-id": "00000000-0000-0000-0000-000000000000",
        "x-ms-ratelimit-remaining-subscription-resource-requests": "11995",
        "x-ms-request-id": "00000000-0000-0000-0000-000000000000",
        "x-ms-routing-request-id": "SOUTHEASTASIA:20220825T061539Z:00000000-0000-0000-0000-000000000000",
        "X-Powered-By": "ASP.NET"
      },
      "ResponseBody": {}
    },
    {
      "RequestUri": "https://management.azure.com/subscriptions/00000000-0000-0000-0000-000000000000/resourceGroups/go-sdk-test-rg/providers/Microsoft.Network/privateDnsOperationStatuses/RnJvbnRFbmRBc3luY09wZXJhdGlvbjtVcHNlcnRQcml2YXRlRG5zWm9uZTtlZmRlNDVlMy1iYzFkLTQzODgtYjFjMC0xMTY0ZjEyODU3ZDVfOTJmOTVkOGYtM2M2Ny00MTI0LTkxYzctOGNmMDdjZGJmMjQx?api-version=2020-06-01",
      "RequestMethod": "GET",
      "RequestHeaders": {
        "Accept-Encoding": "gzip",
        "Authorization": "Sanitized",
        "User-Agent": "azsdk-go-armprivatedns/v1.0.0 (go1.18.3; Windows_NT)"
      },
      "RequestBody": null,
      "StatusCode": 200,
      "ResponseHeaders": {
        "Cache-Control": "private",
        "Content-Encoding": "gzip",
        "Content-Type": "application/json; charset=utf-8",
        "Date": "Thu, 25 Aug 2022 06:16:09 GMT",
        "Server": "Microsoft-IIS/10.0",
        "Strict-Transport-Security": "max-age=31536000; includeSubDomains",
        "Transfer-Encoding": "chunked",
        "Vary": "Accept-Encoding",
        "X-AspNet-Version": "4.0.30319",
        "X-Content-Type-Options": "nosniff",
        "x-ms-correlation-request-id": "00000000-0000-0000-0000-000000000000",
        "x-ms-ratelimit-remaining-subscription-resource-requests": "491",
        "x-ms-request-id": "00000000-0000-0000-0000-000000000000",
        "x-ms-routing-request-id": "SOUTHEASTASIA:20220825T061609Z:00000000-0000-0000-0000-000000000000",
        "X-Powered-By": "ASP.NET"
      },
      "ResponseBody": {
        "status": "Succeeded"
      }
    },
    {
      "RequestUri": "https://management.azure.com/subscriptions/00000000-0000-0000-0000-000000000000/resourceGroups/go-sdk-test-rg/providers/Microsoft.Network/privateDnsZones/scenario_privatezone.com?api-version=2020-06-01",
      "RequestMethod": "GET",
      "RequestHeaders": {
        "Accept-Encoding": "gzip",
        "Authorization": "Sanitized",
        "User-Agent": "azsdk-go-armprivatedns/v1.0.0 (go1.18.3; Windows_NT)"
      },
      "RequestBody": null,
      "StatusCode": 200,
      "ResponseHeaders": {
        "Cache-Control": "private",
        "Content-Encoding": "gzip",
        "Content-Type": "application/json; charset=utf-8",
        "Date": "Thu, 25 Aug 2022 06:16:09 GMT",
        "ETag": "00000000-0000-0000-0000-000000000000",
        "Server": "Microsoft-IIS/10.0",
        "Strict-Transport-Security": "max-age=31536000; includeSubDomains",
        "Transfer-Encoding": "chunked",
        "Vary": "Accept-Encoding",
        "X-AspNet-Version": "4.0.30319",
        "X-Content-Type-Options": "nosniff",
        "x-ms-correlation-request-id": "00000000-0000-0000-0000-000000000000",
        "x-ms-ratelimit-remaining-subscription-resource-requests": "494",
        "x-ms-request-id": "00000000-0000-0000-0000-000000000000",
        "x-ms-routing-request-id": "SOUTHEASTASIA:20220825T061610Z:00000000-0000-0000-0000-000000000000",
        "X-Powered-By": "ASP.NET"
      },
      "ResponseBody": {
        "id": "/subscriptions/00000000-0000-0000-0000-000000000000/resourceGroups/go-sdk-test-rg/providers/Microsoft.Network/privateDnsZones/scenario_privatezone.com",
        "name": "scenario_privatezone.com",
        "type": "Microsoft.Network/privateDnsZones",
        "etag": "00000000-0000-0000-0000-000000000000",
        "location": "global",
        "tags": {
          "key1": "value1"
        },
        "properties": {
          "internalId": "SW1tdXRhYmxlWm9uZUlkZW50aXR5O2ZkNzNjNDQ1LWY4MTItNGI0Yy04OTg0LTk1ZWE2NmI0Y2Y2ODsw",
          "maxNumberOfRecordSets": 25000,
          "maxNumberOfVirtualNetworkLinks": 1000,
          "maxNumberOfVirtualNetworkLinksWithRegistration": 100,
          "numberOfRecordSets": 1,
          "numberOfVirtualNetworkLinks": 0,
          "numberOfVirtualNetworkLinksWithRegistration": 0,
          "provisioningState": "Succeeded"
        }
      }
    },
    {
      "RequestUri": "https://management.azure.com/subscriptions/00000000-0000-0000-0000-000000000000/resourceGroups/go-sdk-test-rg/providers/Microsoft.Network/privateDnsZones/scenario_privatezone.com?api-version=2020-06-01",
      "RequestMethod": "PATCH",
      "RequestHeaders": {
        "Accept": "application/json",
        "Accept-Encoding": "gzip",
        "Authorization": "Sanitized",
        "Content-Length": "26",
        "Content-Type": "application/json",
        "User-Agent": "azsdk-go-armprivatedns/v1.0.0 (go1.18.3; Windows_NT)"
      },
      "RequestBody": {
        "tags": {
          "key2": "value2"
        }
      },
      "StatusCode": 202,
      "ResponseHeaders": {
        "Azure-AsyncOperation": "https://management.azure.com:443/subscriptions/00000000-0000-0000-0000-000000000000/resourceGroups/go-sdk-test-rg/providers/Microsoft.Network/privateDnsOperationStatuses/RnJvbnRFbmRBc3luY09wZXJhdGlvbjtVcHNlcnRQcml2YXRlRG5zWm9uZTs3MWQ5NjQyYy0yZTZkLTRiYjYtYTYwMS0xMDU3ZjA3NGUyNzFfOTJmOTVkOGYtM2M2Ny00MTI0LTkxYzctOGNmMDdjZGJmMjQx?api-version=2020-06-01",
        "Cache-Control": "private",
        "Content-Length": "2",
        "Content-Type": "application/json; charset=utf-8",
        "Date": "Thu, 25 Aug 2022 06:16:11 GMT",
        "Location": "https://management.azure.com/subscriptions/00000000-0000-0000-0000-000000000000/resourceGroups/go-sdk-test-rg/providers/Microsoft.Network/privateDnsOperationResults/RnJvbnRFbmRBc3luY09wZXJhdGlvbjtVcHNlcnRQcml2YXRlRG5zWm9uZTs3MWQ5NjQyYy0yZTZkLTRiYjYtYTYwMS0xMDU3ZjA3NGUyNzFfOTJmOTVkOGYtM2M2Ny00MTI0LTkxYzctOGNmMDdjZGJmMjQx?api-version=2020-06-01",
        "Retry-After": "30",
        "Server": "Microsoft-IIS/10.0",
        "Strict-Transport-Security": "max-age=31536000; includeSubDomains",
        "X-AspNet-Version": "4.0.30319",
        "X-Content-Type-Options": "nosniff",
        "x-ms-correlation-request-id": "00000000-0000-0000-0000-000000000000",
        "x-ms-ratelimit-remaining-subscription-resource-requests": "11994",
        "x-ms-request-id": "00000000-0000-0000-0000-000000000000",
        "x-ms-routing-request-id": "SOUTHEASTASIA:20220825T061612Z:00000000-0000-0000-0000-000000000000",
        "X-Powered-By": "ASP.NET"
      },
      "ResponseBody": {}
    },
    {
      "RequestUri": "https://management.azure.com/subscriptions/00000000-0000-0000-0000-000000000000/resourceGroups/go-sdk-test-rg/providers/Microsoft.Network/privateDnsOperationStatuses/RnJvbnRFbmRBc3luY09wZXJhdGlvbjtVcHNlcnRQcml2YXRlRG5zWm9uZTs3MWQ5NjQyYy0yZTZkLTRiYjYtYTYwMS0xMDU3ZjA3NGUyNzFfOTJmOTVkOGYtM2M2Ny00MTI0LTkxYzctOGNmMDdjZGJmMjQx?api-version=2020-06-01",
      "RequestMethod": "GET",
      "RequestHeaders": {
        "Accept-Encoding": "gzip",
        "Authorization": "Sanitized",
        "User-Agent": "azsdk-go-armprivatedns/v1.0.0 (go1.18.3; Windows_NT)"
      },
      "RequestBody": null,
      "StatusCode": 200,
      "ResponseHeaders": {
        "Cache-Control": "private",
        "Content-Encoding": "gzip",
        "Content-Type": "application/json; charset=utf-8",
        "Date": "Thu, 25 Aug 2022 06:16:41 GMT",
        "Server": "Microsoft-IIS/10.0",
        "Strict-Transport-Security": "max-age=31536000; includeSubDomains",
        "Transfer-Encoding": "chunked",
        "Vary": "Accept-Encoding",
        "X-AspNet-Version": "4.0.30319",
        "X-Content-Type-Options": "nosniff",
        "x-ms-correlation-request-id": "00000000-0000-0000-0000-000000000000",
        "x-ms-ratelimit-remaining-subscription-resource-requests": "490",
        "x-ms-request-id": "00000000-0000-0000-0000-000000000000",
        "x-ms-routing-request-id": "SOUTHEASTASIA:20220825T061642Z:00000000-0000-0000-0000-000000000000",
        "X-Powered-By": "ASP.NET"
      },
      "ResponseBody": {
        "status": "Succeeded"
      }
    },
    {
      "RequestUri": "https://management.azure.com/subscriptions/00000000-0000-0000-0000-000000000000/resourceGroups/go-sdk-test-rg/providers/Microsoft.Network/privateDnsZones/scenario_privatezone.com?api-version=2020-06-01",
      "RequestMethod": "GET",
      "RequestHeaders": {
        "Accept-Encoding": "gzip",
        "Authorization": "Sanitized",
        "User-Agent": "azsdk-go-armprivatedns/v1.0.0 (go1.18.3; Windows_NT)"
      },
      "RequestBody": null,
      "StatusCode": 200,
      "ResponseHeaders": {
        "Cache-Control": "private",
        "Content-Encoding": "gzip",
        "Content-Type": "application/json; charset=utf-8",
        "Date": "Thu, 25 Aug 2022 06:16:41 GMT",
        "ETag": "00000000-0000-0000-0000-000000000000",
        "Server": "Microsoft-IIS/10.0",
        "Strict-Transport-Security": "max-age=31536000; includeSubDomains",
        "Transfer-Encoding": "chunked",
        "Vary": "Accept-Encoding",
        "X-AspNet-Version": "4.0.30319",
        "X-Content-Type-Options": "nosniff",
        "x-ms-correlation-request-id": "00000000-0000-0000-0000-000000000000",
        "x-ms-ratelimit-remaining-subscription-resource-requests": "493",
        "x-ms-request-id": "00000000-0000-0000-0000-000000000000",
        "x-ms-routing-request-id": "SOUTHEASTASIA:20220825T061642Z:00000000-0000-0000-0000-000000000000",
        "X-Powered-By": "ASP.NET"
      },
      "ResponseBody": {
        "id": "/subscriptions/00000000-0000-0000-0000-000000000000/resourceGroups/go-sdk-test-rg/providers/Microsoft.Network/privateDnsZones/scenario_privatezone.com",
        "name": "scenario_privatezone.com",
        "type": "Microsoft.Network/privateDnsZones",
        "etag": "00000000-0000-0000-0000-000000000000",
        "location": "global",
        "tags": {
          "key2": "value2"
        },
        "properties": {
          "internalId": "SW1tdXRhYmxlWm9uZUlkZW50aXR5O2ZkNzNjNDQ1LWY4MTItNGI0Yy04OTg0LTk1ZWE2NmI0Y2Y2ODsw",
          "maxNumberOfRecordSets": 25000,
          "maxNumberOfVirtualNetworkLinks": 1000,
          "maxNumberOfVirtualNetworkLinksWithRegistration": 100,
          "numberOfRecordSets": 1,
          "numberOfVirtualNetworkLinks": 0,
          "numberOfVirtualNetworkLinksWithRegistration": 0,
          "provisioningState": "Succeeded"
        }
      }
    },
    {
      "RequestUri": "https://management.azure.com/subscriptions/00000000-0000-0000-0000-000000000000/resourceGroups/go-sdk-test-rg/providers/Microsoft.Network/privateDnsZones/scenario_privatezone.com?api-version=2020-06-01",
      "RequestMethod": "GET",
      "RequestHeaders": {
        "Accept": "application/json",
        "Accept-Encoding": "gzip",
        "Authorization": "Sanitized",
        "User-Agent": "azsdk-go-armprivatedns/v1.0.0 (go1.18.3; Windows_NT)"
      },
      "RequestBody": null,
      "StatusCode": 200,
      "ResponseHeaders": {
        "Cache-Control": "private",
        "Content-Encoding": "gzip",
        "Content-Type": "application/json; charset=utf-8",
        "Date": "Thu, 25 Aug 2022 06:16:42 GMT",
        "ETag": "00000000-0000-0000-0000-000000000000",
        "Server": "Microsoft-IIS/10.0",
        "Strict-Transport-Security": "max-age=31536000; includeSubDomains",
        "Transfer-Encoding": "chunked",
        "Vary": "Accept-Encoding",
        "X-AspNet-Version": "4.0.30319",
        "X-Content-Type-Options": "nosniff",
        "x-ms-correlation-request-id": "00000000-0000-0000-0000-000000000000",
        "x-ms-ratelimit-remaining-subscription-resource-requests": "492",
        "x-ms-request-id": "00000000-0000-0000-0000-000000000000",
        "x-ms-routing-request-id": "SOUTHEASTASIA:20220825T061643Z:00000000-0000-0000-0000-000000000000",
        "X-Powered-By": "ASP.NET"
      },
      "ResponseBody": {
        "id": "/subscriptions/00000000-0000-0000-0000-000000000000/resourceGroups/go-sdk-test-rg/providers/Microsoft.Network/privateDnsZones/scenario_privatezone.com",
        "name": "scenario_privatezone.com",
        "type": "Microsoft.Network/privateDnsZones",
        "etag": "00000000-0000-0000-0000-000000000000",
        "location": "global",
        "tags": {
          "key2": "value2"
        },
        "properties": {
          "internalId": "SW1tdXRhYmxlWm9uZUlkZW50aXR5O2ZkNzNjNDQ1LWY4MTItNGI0Yy04OTg0LTk1ZWE2NmI0Y2Y2ODsw",
          "maxNumberOfRecordSets": 25000,
          "maxNumberOfVirtualNetworkLinks": 1000,
          "maxNumberOfVirtualNetworkLinksWithRegistration": 100,
          "numberOfRecordSets": 1,
          "numberOfVirtualNetworkLinks": 0,
          "numberOfVirtualNetworkLinksWithRegistration": 0,
          "provisioningState": "Succeeded"
        }
      }
    },
    {
      "RequestUri": "https://management.azure.com/subscriptions/00000000-0000-0000-0000-000000000000/providers/Microsoft.Network/privateDnsZones?api-version=2020-06-01",
      "RequestMethod": "GET",
      "RequestHeaders": {
        "Accept": "application/json",
        "Accept-Encoding": "gzip",
        "Authorization": "Sanitized",
        "User-Agent": "azsdk-go-armprivatedns/v1.0.0 (go1.18.3; Windows_NT)"
      },
      "RequestBody": null,
      "StatusCode": 200,
      "ResponseHeaders": {
        "Cache-Control": "private",
        "Content-Encoding": "gzip",
        "Content-Type": "application/json; charset=utf-8",
        "Date": "Thu, 25 Aug 2022 06:16:42 GMT",
        "Server": "Microsoft-IIS/10.0",
        "Strict-Transport-Security": "max-age=31536000; includeSubDomains",
        "Transfer-Encoding": "chunked",
        "Vary": "Accept-Encoding",
        "X-AspNet-Version": "4.0.30319",
        "X-Content-Type-Options": "nosniff",
        "x-ms-correlation-request-id": "00000000-0000-0000-0000-000000000000",
        "x-ms-ratelimit-remaining-subscription-resource-entities-read": "59990",
        "x-ms-ratelimit-remaining-subscription-resource-requests": "491",
        "x-ms-request-id": "00000000-0000-0000-0000-000000000000",
        "x-ms-routing-request-id": "SOUTHEASTASIA:20220825T061643Z:00000000-0000-0000-0000-000000000000",
        "X-Powered-By": "ASP.NET"
      },
      "ResponseBody": {
        "value": [
          {
            "id": "/subscriptions/00000000-0000-0000-0000-000000000000/resourceGroups/go-sdk-test-rg/providers/Microsoft.Network/privateDnsZones/scenario_privatezone.com",
            "name": "scenario_privatezone.com",
            "type": "Microsoft.Network/privateDnsZones",
            "etag": "00000000-0000-0000-0000-000000000000",
            "location": "global",
            "tags": {
              "key2": "value2"
            },
            "properties": {
              "internalId": "SW1tdXRhYmxlWm9uZUlkZW50aXR5O2ZkNzNjNDQ1LWY4MTItNGI0Yy04OTg0LTk1ZWE2NmI0Y2Y2ODsw",
              "maxNumberOfRecordSets": 25000,
              "maxNumberOfVirtualNetworkLinks": 1000,
              "maxNumberOfVirtualNetworkLinksWithRegistration": 100,
              "numberOfRecordSets": 1,
              "numberOfVirtualNetworkLinks": 0,
              "numberOfVirtualNetworkLinksWithRegistration": 0,
              "provisioningState": "Succeeded"
            }
          },
          {
            "id": "/subscriptions/00000000-0000-0000-0000-000000000000/resourceGroups/go-sdk-test-rg/providers/Microsoft.Network/privateDnsZones/privatezone1.com",
            "name": "privatezone1.com",
            "type": "Microsoft.Network/privateDnsZones",
            "etag": "00000000-0000-0000-0000-000000000000",
            "location": "global",
            "tags": {},
            "properties": {
              "internalId": "SW1tdXRhYmxlWm9uZUlkZW50aXR5OzljYTZjMDMyLTdkNjUtNDU2MC1hNmFhLWJjNTZmNWZmMDAyMTsw",
              "maxNumberOfRecordSets": 25000,
              "maxNumberOfVirtualNetworkLinks": 1000,
              "maxNumberOfVirtualNetworkLinksWithRegistration": 100,
              "numberOfRecordSets": 1,
              "numberOfVirtualNetworkLinks": 0,
              "numberOfVirtualNetworkLinksWithRegistration": 0,
              "provisioningState": "Succeeded"
            }
          },
          {
            "id": "/subscriptions/00000000-0000-0000-0000-000000000000/resourceGroups/go-sdk-test-rg/providers/Microsoft.Network/privateDnsZones/scenario_privatezone.com",
            "name": "scenario_privatezone.com",
            "type": "Microsoft.Network/privateDnsZones",
            "etag": "00000000-0000-0000-0000-000000000000",
            "location": "global",
            "tags": {
              "key2": "value2"
            },
            "properties": {
              "internalId": "SW1tdXRhYmxlWm9uZUlkZW50aXR5OzEwMDYyNGQ5LTQ0MmItNGMzMy1iNjIyLWYyMThhOWJjYjY4Mjsw",
              "maxNumberOfRecordSets": 25000,
              "maxNumberOfVirtualNetworkLinks": 1000,
              "maxNumberOfVirtualNetworkLinksWithRegistration": 100,
              "numberOfRecordSets": 1,
              "numberOfVirtualNetworkLinks": 0,
              "numberOfVirtualNetworkLinksWithRegistration": 0,
              "provisioningState": "Succeeded"
            }
          },
          {
            "id": "/subscriptions/00000000-0000-0000-0000-000000000000/resourceGroups/mc_go-sdk-test-rg_private_k8s2_eastus/providers/Microsoft.Network/privateDnsZones/00000000-0000-0000-0000-000000000000.privatelink.eastus.azmk8s.io",
            "name": "00000000-0000-0000-0000-000000000000.privatelink.eastus.azmk8s.io",
            "type": "Microsoft.Network/privateDnsZones",
            "etag": "00000000-0000-0000-0000-000000000000",
            "location": "global",
            "tags": {},
            "properties": {
              "internalId": "SW1tdXRhYmxlWm9uZUlkZW50aXR5O2NmYzM5NjZlLTZhMDItNGFiZi1iNTUxLTRjZGI0MmMwMmQ3ZDsw",
              "maxNumberOfRecordSets": 25000,
              "maxNumberOfVirtualNetworkLinks": 1000,
              "maxNumberOfVirtualNetworkLinksWithRegistration": 100,
              "numberOfRecordSets": 2,
              "numberOfVirtualNetworkLinks": 0,
              "numberOfVirtualNetworkLinksWithRegistration": 0,
              "provisioningState": "Succeeded"
            }
          },
          {
            "id": "/subscriptions/00000000-0000-0000-0000-000000000000/resourceGroups/mc_go-sdk-test-rg_private_k8s_eastus/providers/Microsoft.Network/privateDnsZones/00000000-0000-0000-0000-000000000000.privatelink.eastus.azmk8s.io",
            "name": "00000000-0000-0000-0000-000000000000.privatelink.eastus.azmk8s.io",
            "type": "Microsoft.Network/privateDnsZones",
            "etag": "00000000-0000-0000-0000-000000000000",
            "location": "global",
            "tags": {
              "archv2": "",
              "tier": "production"
            },
            "properties": {
              "internalId": "SW1tdXRhYmxlWm9uZUlkZW50aXR5O2E5N2U1ZWEyLWJlZDYtNDcwNy1iM2M0LTQ2MzJiOWViYmRkYzsw",
              "maxNumberOfRecordSets": 25000,
              "maxNumberOfVirtualNetworkLinks": 1000,
              "maxNumberOfVirtualNetworkLinksWithRegistration": 100,
              "numberOfRecordSets": 2,
              "numberOfVirtualNetworkLinks": 0,
              "numberOfVirtualNetworkLinksWithRegistration": 0,
              "provisioningState": "Succeeded"
            }
          }
        ]
      }
    },
    {
      "RequestUri": "https://management.azure.com/subscriptions/00000000-0000-0000-0000-000000000000/resourceGroups/go-sdk-test-rg/providers/Microsoft.Network/privateDnsZones?api-version=2020-06-01",
      "RequestMethod": "GET",
      "RequestHeaders": {
        "Accept": "application/json",
        "Accept-Encoding": "gzip",
        "Authorization": "Sanitized",
        "User-Agent": "azsdk-go-armprivatedns/v1.0.0 (go1.18.3; Windows_NT)"
      },
      "RequestBody": null,
      "StatusCode": 200,
      "ResponseHeaders": {
        "Cache-Control": "private",
        "Content-Encoding": "gzip",
        "Content-Type": "application/json; charset=utf-8",
        "Date": "Thu, 25 Aug 2022 06:16:42 GMT",
        "Server": "Microsoft-IIS/10.0",
        "Strict-Transport-Security": "max-age=31536000; includeSubDomains",
        "Transfer-Encoding": "chunked",
        "Vary": "Accept-Encoding",
        "X-AspNet-Version": "4.0.30319",
        "X-Content-Type-Options": "nosniff",
        "x-ms-correlation-request-id": "00000000-0000-0000-0000-000000000000",
        "x-ms-ratelimit-remaining-subscription-resource-entities-read": "59989",
        "x-ms-ratelimit-remaining-subscription-resource-requests": "490",
        "x-ms-request-id": "00000000-0000-0000-0000-000000000000",
        "x-ms-routing-request-id": "SOUTHEASTASIA:20220825T061643Z:00000000-0000-0000-0000-000000000000",
        "X-Powered-By": "ASP.NET"
      },
      "ResponseBody": {
        "value": [
          {
            "id": "/subscriptions/00000000-0000-0000-0000-000000000000/resourceGroups/go-sdk-test-rg/providers/Microsoft.Network/privateDnsZones/scenario_privatezone.com",
            "name": "scenario_privatezone.com",
            "type": "Microsoft.Network/privateDnsZones",
            "etag": "00000000-0000-0000-0000-000000000000",
            "location": "global",
            "tags": {
              "key2": "value2"
            },
            "properties": {
              "internalId": "SW1tdXRhYmxlWm9uZUlkZW50aXR5O2ZkNzNjNDQ1LWY4MTItNGI0Yy04OTg0LTk1ZWE2NmI0Y2Y2ODsw",
              "maxNumberOfRecordSets": 25000,
              "maxNumberOfVirtualNetworkLinks": 1000,
              "maxNumberOfVirtualNetworkLinksWithRegistration": 100,
              "numberOfRecordSets": 1,
              "numberOfVirtualNetworkLinks": 0,
              "numberOfVirtualNetworkLinksWithRegistration": 0,
              "provisioningState": "Succeeded"
            }
          }
        ]
      }
    },
    {
      "RequestUri": "https://management.azure.com/subscriptions/00000000-0000-0000-0000-000000000000/resourceGroups/go-sdk-test-rg/providers/Microsoft.Network/privateDnsZones/scenario_privatezone.com/A/scenario_recordset?api-version=2020-06-01",
      "RequestMethod": "PUT",
      "RequestHeaders": {
        "Accept": "application/json",
        "Accept-Encoding": "gzip",
        "Authorization": "Sanitized",
        "Content-Length": "95",
        "Content-Type": "application/json",
        "User-Agent": "azsdk-go-armprivatedns/v1.0.0 (go1.18.3; Windows_NT)"
      },
      "RequestBody": {
        "properties": {
          "aRecords": [
            {
              "ipv4Address": "1.2.3.4"
            }
          ],
          "metadata": {
            "key1": "value1"
          },
          "ttl": 3600
        }
      },
      "StatusCode": 201,
      "ResponseHeaders": {
        "Cache-Control": "private",
        "Content-Length": "484",
        "Content-Type": "application/json; charset=utf-8",
        "Date": "Thu, 25 Aug 2022 06:16:43 GMT",
        "ETag": "00000000-0000-0000-0000-000000000000",
        "Server": "Microsoft-IIS/10.0",
        "Strict-Transport-Security": "max-age=31536000; includeSubDomains",
        "X-AspNet-Version": "4.0.30319",
        "X-Content-Type-Options": "nosniff",
        "x-ms-correlation-request-id": "00000000-0000-0000-0000-000000000000",
        "x-ms-ratelimit-remaining-subscription-resource-requests": "11995",
        "x-ms-request-id": "00000000-0000-0000-0000-000000000000",
        "x-ms-routing-request-id": "SOUTHEASTASIA:20220825T061644Z:00000000-0000-0000-0000-000000000000",
        "X-Powered-By": "ASP.NET"
      },
      "ResponseBody": {
        "id": "/subscriptions/00000000-0000-0000-0000-000000000000/resourceGroups/go-sdk-test-rg/providers/Microsoft.Network/privateDnsZones/scenario_privatezone.com/A/scenario_recordset",
        "name": "scenario_recordset",
        "type": "Microsoft.Network/privateDnsZones/A",
        "etag": "00000000-0000-0000-0000-000000000000",
        "properties": {
          "metadata": {
            "key1": "value1"
          },
          "fqdn": "scenario_recordset.scenario_privatezone.com.",
          "ttl": 3600,
          "aRecords": [
            {
              "ipv4Address": "1.2.3.4"
            }
          ],
          "isAutoRegistered": false
        }
      }
    },
    {
      "RequestUri": "https://management.azure.com/subscriptions/00000000-0000-0000-0000-000000000000/resourceGroups/go-sdk-test-rg/providers/Microsoft.Network/privateDnsZones/scenario_privatezone.com/A/scenario_recordset?api-version=2020-06-01",
      "RequestMethod": "PATCH",
      "RequestHeaders": {
        "Accept": "application/json",
        "Accept-Encoding": "gzip",
        "Authorization": "Sanitized",
        "Content-Length": "45",
        "Content-Type": "application/json",
        "User-Agent": "azsdk-go-armprivatedns/v1.0.0 (go1.18.3; Windows_NT)"
      },
      "RequestBody": {
        "properties": {
          "metadata": {
            "key2": "value2"
          }
        }
      },
      "StatusCode": 200,
      "ResponseHeaders": {
        "Cache-Control": "private",
        "Content-Encoding": "gzip",
        "Content-Type": "application/json; charset=utf-8",
        "Date": "Thu, 25 Aug 2022 06:16:44 GMT",
        "ETag": "00000000-0000-0000-0000-000000000000",
        "Server": "Microsoft-IIS/10.0",
        "Strict-Transport-Security": "max-age=31536000; includeSubDomains",
        "Transfer-Encoding": "chunked",
        "Vary": "Accept-Encoding",
        "X-AspNet-Version": "4.0.30319",
        "X-Content-Type-Options": "nosniff",
        "x-ms-correlation-request-id": "00000000-0000-0000-0000-000000000000",
        "x-ms-ratelimit-remaining-subscription-resource-requests": "11994",
        "x-ms-request-id": "00000000-0000-0000-0000-000000000000",
        "x-ms-routing-request-id": "SOUTHEASTASIA:20220825T061645Z:00000000-0000-0000-0000-000000000000",
        "X-Powered-By": "ASP.NET"
      },
      "ResponseBody": {
        "id": "/subscriptions/00000000-0000-0000-0000-000000000000/resourceGroups/go-sdk-test-rg/providers/Microsoft.Network/privateDnsZones/scenario_privatezone.com/A/scenario_recordset",
        "name": "scenario_recordset",
        "type": "Microsoft.Network/privateDnsZones/A",
        "etag": "00000000-0000-0000-0000-000000000000",
        "properties": {
          "metadata": {
            "key2": "value2"
          },
          "fqdn": "scenario_recordset.scenario_privatezone.com.",
          "ttl": 3600,
          "aRecords": [
            {
              "ipv4Address": "1.2.3.4"
            }
          ],
          "isAutoRegistered": false
        }
      }
    },
    {
      "RequestUri": "https://management.azure.com/subscriptions/00000000-0000-0000-0000-000000000000/resourceGroups/go-sdk-test-rg/providers/Microsoft.Network/privateDnsZones/scenario_privatezone.com/A/scenario_recordset?api-version=2020-06-01",
      "RequestMethod": "GET",
      "RequestHeaders": {
        "Accept": "application/json",
        "Accept-Encoding": "gzip",
        "Authorization": "Sanitized",
        "User-Agent": "azsdk-go-armprivatedns/v1.0.0 (go1.18.3; Windows_NT)"
      },
      "RequestBody": null,
      "StatusCode": 200,
      "ResponseHeaders": {
        "Cache-Control": "private",
        "Content-Encoding": "gzip",
        "Content-Type": "application/json; charset=utf-8",
        "Date": "Thu, 25 Aug 2022 06:16:45 GMT",
        "ETag": "00000000-0000-0000-0000-000000000000",
        "Server": "Microsoft-IIS/10.0",
        "Strict-Transport-Security": "max-age=31536000; includeSubDomains",
        "Transfer-Encoding": "chunked",
        "Vary": "Accept-Encoding",
        "X-AspNet-Version": "4.0.30319",
        "X-Content-Type-Options": "nosniff",
        "x-ms-correlation-request-id": "00000000-0000-0000-0000-000000000000",
        "x-ms-ratelimit-remaining-subscription-resource-requests": "497",
        "x-ms-request-id": "00000000-0000-0000-0000-000000000000",
        "x-ms-routing-request-id": "SOUTHEASTASIA:20220825T061646Z:00000000-0000-0000-0000-000000000000",
        "X-Powered-By": "ASP.NET"
      },
      "ResponseBody": {
        "id": "/subscriptions/00000000-0000-0000-0000-000000000000/resourceGroups/go-sdk-test-rg/providers/Microsoft.Network/privateDnsZones/scenario_privatezone.com/A/scenario_recordset",
        "name": "scenario_recordset",
        "type": "Microsoft.Network/privateDnsZones/A",
        "etag": "00000000-0000-0000-0000-000000000000",
        "properties": {
          "metadata": {
            "key2": "value2"
          },
          "fqdn": "scenario_recordset.scenario_privatezone.com.",
          "ttl": 3600,
          "aRecords": [
            {
              "ipv4Address": "1.2.3.4"
            }
          ],
          "isAutoRegistered": false
        }
      }
    },
    {
      "RequestUri": "https://management.azure.com/subscriptions/00000000-0000-0000-0000-000000000000/resourceGroups/go-sdk-test-rg/providers/Microsoft.Network/privateDnsZones/scenario_privatezone.com/A?api-version=2020-06-01",
      "RequestMethod": "GET",
      "RequestHeaders": {
        "Accept": "application/json",
        "Accept-Encoding": "gzip",
        "Authorization": "Sanitized",
        "User-Agent": "azsdk-go-armprivatedns/v1.0.0 (go1.18.3; Windows_NT)"
      },
      "RequestBody": null,
      "StatusCode": 200,
      "ResponseHeaders": {
        "Cache-Control": "private",
        "Content-Encoding": "gzip",
        "Content-Type": "application/json; charset=utf-8",
        "Date": "Thu, 25 Aug 2022 06:16:45 GMT",
        "Server": "Microsoft-IIS/10.0",
        "Strict-Transport-Security": "max-age=31536000; includeSubDomains",
        "Transfer-Encoding": "chunked",
        "Vary": "Accept-Encoding",
        "X-AspNet-Version": "4.0.30319",
        "X-Content-Type-Options": "nosniff",
        "x-ms-correlation-request-id": "00000000-0000-0000-0000-000000000000",
        "x-ms-ratelimit-remaining-subscription-resource-entities-read": "59998",
        "x-ms-ratelimit-remaining-subscription-resource-requests": "496",
        "x-ms-request-id": "00000000-0000-0000-0000-000000000000",
        "x-ms-routing-request-id": "SOUTHEASTASIA:20220825T061646Z:00000000-0000-0000-0000-000000000000",
        "X-Powered-By": "ASP.NET"
      },
      "ResponseBody": {
        "value": [
          {
            "id": "/subscriptions/00000000-0000-0000-0000-000000000000/resourceGroups/go-sdk-test-rg/providers/Microsoft.Network/privateDnsZones/scenario_privatezone.com/A/scenario_recordset",
            "name": "scenario_recordset",
            "type": "Microsoft.Network/privateDnsZones/A",
            "etag": "00000000-0000-0000-0000-000000000000",
            "properties": {
              "metadata": {
                "key2": "value2"
              },
              "fqdn": "scenario_recordset.scenario_privatezone.com.",
              "ttl": 3600,
              "aRecords": [
                {
                  "ipv4Address": "1.2.3.4"
                }
              ],
              "isAutoRegistered": false
            }
          }
        ]
      }
    },
    {
      "RequestUri": "https://management.azure.com/subscriptions/00000000-0000-0000-0000-000000000000/resourceGroups/go-sdk-test-rg/providers/Microsoft.Network/privateDnsZones/scenario_privatezone.com/ALL?api-version=2020-06-01",
      "RequestMethod": "GET",
      "RequestHeaders": {
        "Accept": "application/json",
        "Accept-Encoding": "gzip",
        "Authorization": "Sanitized",
        "User-Agent": "azsdk-go-armprivatedns/v1.0.0 (go1.18.3; Windows_NT)"
      },
      "RequestBody": null,
      "StatusCode": 200,
      "ResponseHeaders": {
        "Cache-Control": "private",
        "Content-Encoding": "gzip",
        "Content-Type": "application/json; charset=utf-8",
        "Date": "Thu, 25 Aug 2022 06:16:46 GMT",
        "Server": "Microsoft-IIS/10.0",
        "Strict-Transport-Security": "max-age=31536000; includeSubDomains",
        "Transfer-Encoding": "chunked",
        "Vary": "Accept-Encoding",
        "X-AspNet-Version": "4.0.30319",
        "X-Content-Type-Options": "nosniff",
        "x-ms-correlation-request-id": "00000000-0000-0000-0000-000000000000",
        "x-ms-ratelimit-remaining-subscription-resource-entities-read": "59996",
        "x-ms-ratelimit-remaining-subscription-resource-requests": "498",
        "x-ms-request-id": "00000000-0000-0000-0000-000000000000",
        "x-ms-routing-request-id": "SOUTHEASTASIA:20220825T061647Z:00000000-0000-0000-0000-000000000000",
        "X-Powered-By": "ASP.NET"
      },
      "ResponseBody": {
        "value": [
          {
            "id": "/subscriptions/00000000-0000-0000-0000-000000000000/resourceGroups/go-sdk-test-rg/providers/Microsoft.Network/privateDnsZones/scenario_privatezone.com/SOA/@",
            "name": "@",
            "type": "Microsoft.Network/privateDnsZones/SOA",
            "etag": "00000000-0000-0000-0000-000000000000",
            "properties": {
              "fqdn": "scenario_privatezone.com.",
              "ttl": 3600,
              "soaRecord": {
                "email": "azureprivatedns-host.microsoft.com",
                "expireTime": 2419200,
                "host": "azureprivatedns.net",
                "minimumTtl": 10,
                "refreshTime": 3600,
                "retryTime": 300,
                "serialNumber": 1
              },
              "isAutoRegistered": false
            }
          },
          {
            "id": "/subscriptions/00000000-0000-0000-0000-000000000000/resourceGroups/go-sdk-test-rg/providers/Microsoft.Network/privateDnsZones/scenario_privatezone.com/A/scenario_recordset",
            "name": "scenario_recordset",
            "type": "Microsoft.Network/privateDnsZones/A",
            "etag": "00000000-0000-0000-0000-000000000000",
            "properties": {
              "metadata": {
                "key2": "value2"
              },
              "fqdn": "scenario_recordset.scenario_privatezone.com.",
              "ttl": 3600,
              "aRecords": [
                {
                  "ipv4Address": "1.2.3.4"
                }
              ],
              "isAutoRegistered": false
            }
          }
        ]
      }
    },
    {
      "RequestUri": "https://management.azure.com/subscriptions/00000000-0000-0000-0000-000000000000/resourceGroups/go-sdk-test-rg/providers/Microsoft.Network/privateDnsZones/scenario_privatezone.com/A/scenario_recordset?api-version=2020-06-01",
      "RequestMethod": "DELETE",
      "RequestHeaders": {
        "Accept": "application/json",
        "Accept-Encoding": "gzip",
        "Authorization": "Sanitized",
        "User-Agent": "azsdk-go-armprivatedns/v1.0.0 (go1.18.3; Windows_NT)"
      },
      "RequestBody": null,
      "StatusCode": 200,
      "ResponseHeaders": {
        "Cache-Control": "private",
        "Content-Length": "0",
        "Date": "Thu, 25 Aug 2022 06:16:47 GMT",
        "Server": "Microsoft-IIS/10.0",
        "Strict-Transport-Security": "max-age=31536000; includeSubDomains",
        "X-AspNet-Version": "4.0.30319",
        "X-Content-Type-Options": "nosniff",
        "x-ms-correlation-request-id": "00000000-0000-0000-0000-000000000000",
        "x-ms-ratelimit-remaining-subscription-resource-requests": "11997",
        "x-ms-request-id": "00000000-0000-0000-0000-000000000000",
        "x-ms-routing-request-id": "SOUTHEASTASIA:20220825T061648Z:00000000-0000-0000-0000-000000000000",
        "X-Powered-By": "ASP.NET"
      },
      "ResponseBody": null
    },
    {
      "RequestUri": "https://management.azure.com/subscriptions/00000000-0000-0000-0000-000000000000/resourcegroups/go-sdk-test-rg/providers/Microsoft.Resources/deployments/NetworkAndSubnet_Create?api-version=2021-04-01",
      "RequestMethod": "PUT",
      "RequestHeaders": {
        "Accept": "application/json",
        "Accept-Encoding": "gzip",
        "Authorization": "Sanitized",
        "Content-Length": "668",
        "Content-Type": "application/json",
        "User-Agent": "azsdk-go-armresources/v1.0.0 (go1.18.3; Windows_NT)"
      },
      "RequestBody": {
        "properties": {
          "mode": "Incremental",
          "parameters": {},
          "template": {
            "$schema": "https://schema.management.azure.com/schemas/2019-04-01/deploymentTemplate.json#",
            "contentVersion": "1.0.0.0",
            "outputs": {
              "virtaulNetworkId": {
                "type": "string",
                "value": "[resourceId(\u0027Microsoft.Network/virtualNetworks\u0027, parameters(\u0027name\u0027))]"
              }
            },
            "parameters": {
              "name": {
                "defaultValue": "pn-network",
                "type": "string"
              }
            },
            "resources": [
              {
                "apiVersion": "2021-05-01",
                "location": "eastus",
                "name": "[parameters(\u0027name\u0027)]",
                "properties": {
                  "addressSpace": {
                    "addressPrefixes": [
                      "10.0.0.0/16"
                    ]
                  },
                  "subnets": [
                    {
                      "name": "test-1",
                      "properties": {
                        "addressPrefix": "10.0.0.0/24"
                      }
                    }
                  ]
                },
                "tags": {},
                "type": "Microsoft.Network/virtualNetworks"
              }
            ]
          }
        }
      },
      "StatusCode": 201,
      "ResponseHeaders": {
        "Azure-AsyncOperation": "https://management.azure.com/subscriptions/00000000-0000-0000-0000-000000000000/resourcegroups/go-sdk-test-rg/providers/Microsoft.Resources/deployments/NetworkAndSubnet_Create/operationStatuses/08585401986757483742?api-version=2021-04-01",
        "Cache-Control": "no-cache",
        "Content-Length": "661",
        "Content-Type": "application/json; charset=utf-8",
        "Date": "Thu, 25 Aug 2022 06:16:53 GMT",
        "Expires": "-1",
        "Pragma": "no-cache",
        "Strict-Transport-Security": "max-age=31536000; includeSubDomains",
        "X-Content-Type-Options": "nosniff",
        "x-ms-correlation-request-id": "00000000-0000-0000-0000-000000000000",
        "x-ms-ratelimit-remaining-subscription-writes": "1193",
        "x-ms-request-id": "00000000-0000-0000-0000-000000000000",
        "x-ms-routing-request-id": "SOUTHEASTASIA:20220825T061653Z:00000000-0000-0000-0000-000000000000"
      },
      "ResponseBody": {
        "id": "/subscriptions/00000000-0000-0000-0000-000000000000/resourceGroups/go-sdk-test-rg/providers/Microsoft.Resources/deployments/NetworkAndSubnet_Create",
        "name": "NetworkAndSubnet_Create",
        "type": "Microsoft.Resources/deployments",
        "properties": {
          "templateHash": "1844510018054558559",
          "parameters": {
            "name": {
              "type": "String",
              "value": "pn-network"
            }
          },
          "mode": "Incremental",
          "provisioningState": "Accepted",
          "timestamp": "2022-08-25T06:16:51.9554032Z",
          "duration": "PT0.0007882S",
          "correlationId": "00000000-0000-0000-0000-000000000000",
          "providers": [
            {
              "namespace": "Microsoft.Network",
              "resourceTypes": [
                {
                  "resourceType": "virtualNetworks",
                  "locations": [
                    "eastus"
                  ]
                }
              ]
            }
          ],
          "dependencies": []
        }
      }
    },
    {
      "RequestUri": "https://management.azure.com/subscriptions/00000000-0000-0000-0000-000000000000/resourcegroups/go-sdk-test-rg/providers/Microsoft.Resources/deployments/NetworkAndSubnet_Create/operationStatuses/08585401986757483742?api-version=2021-04-01",
      "RequestMethod": "GET",
      "RequestHeaders": {
        "Accept-Encoding": "gzip",
        "Authorization": "Sanitized",
        "User-Agent": "azsdk-go-armresources/v1.0.0 (go1.18.3; Windows_NT)"
      },
      "RequestBody": null,
      "StatusCode": 200,
      "ResponseHeaders": {
        "Cache-Control": "no-cache",
        "Content-Encoding": "gzip",
        "Content-Length": "20",
        "Content-Type": "application/json; charset=utf-8",
        "Date": "Thu, 25 Aug 2022 06:16:53 GMT",
        "Expires": "-1",
        "Pragma": "no-cache",
        "Strict-Transport-Security": "max-age=31536000; includeSubDomains",
        "Vary": "Accept-Encoding",
        "X-Content-Type-Options": "nosniff",
        "x-ms-correlation-request-id": "00000000-0000-0000-0000-000000000000",
        "x-ms-ratelimit-remaining-subscription-reads": "11993",
        "x-ms-request-id": "00000000-0000-0000-0000-000000000000",
        "x-ms-routing-request-id": "SOUTHEASTASIA:20220825T061653Z:00000000-0000-0000-0000-000000000000"
      },
      "ResponseBody": {
        "status": "Running"
      }
    },
    {
      "RequestUri": "https://management.azure.com/subscriptions/00000000-0000-0000-0000-000000000000/resourcegroups/go-sdk-test-rg/providers/Microsoft.Resources/deployments/NetworkAndSubnet_Create/operationStatuses/08585401986757483742?api-version=2021-04-01",
      "RequestMethod": "GET",
      "RequestHeaders": {
        "Accept-Encoding": "gzip",
        "Authorization": "Sanitized",
        "User-Agent": "azsdk-go-armresources/v1.0.0 (go1.18.3; Windows_NT)"
      },
      "RequestBody": null,
      "StatusCode": 200,
      "ResponseHeaders": {
        "Cache-Control": "no-cache",
        "Content-Encoding": "gzip",
        "Content-Length": "22",
        "Content-Type": "application/json; charset=utf-8",
        "Date": "Thu, 25 Aug 2022 06:17:23 GMT",
        "Expires": "-1",
        "Pragma": "no-cache",
        "Strict-Transport-Security": "max-age=31536000; includeSubDomains",
        "Vary": "Accept-Encoding",
        "X-Content-Type-Options": "nosniff",
        "x-ms-correlation-request-id": "00000000-0000-0000-0000-000000000000",
        "x-ms-ratelimit-remaining-subscription-reads": "11992",
        "x-ms-request-id": "00000000-0000-0000-0000-000000000000",
        "x-ms-routing-request-id": "SOUTHEASTASIA:20220825T061724Z:00000000-0000-0000-0000-000000000000"
      },
      "ResponseBody": {
        "status": "Succeeded"
      }
    },
    {
      "RequestUri": "https://management.azure.com/subscriptions/00000000-0000-0000-0000-000000000000/resourcegroups/go-sdk-test-rg/providers/Microsoft.Resources/deployments/NetworkAndSubnet_Create?api-version=2021-04-01",
      "RequestMethod": "GET",
      "RequestHeaders": {
        "Accept-Encoding": "gzip",
        "Authorization": "Sanitized",
        "User-Agent": "azsdk-go-armresources/v1.0.0 (go1.18.3; Windows_NT)"
      },
      "RequestBody": null,
      "StatusCode": 200,
      "ResponseHeaders": {
        "Cache-Control": "no-cache",
        "Content-Encoding": "gzip",
        "Content-Length": "1025",
        "Content-Type": "application/json; charset=utf-8",
        "Date": "Thu, 25 Aug 2022 06:17:24 GMT",
        "Expires": "-1",
        "Pragma": "no-cache",
        "Strict-Transport-Security": "max-age=31536000; includeSubDomains",
        "Vary": "Accept-Encoding",
        "X-Content-Type-Options": "nosniff",
        "x-ms-correlation-request-id": "00000000-0000-0000-0000-000000000000",
        "x-ms-ratelimit-remaining-subscription-reads": "11991",
        "x-ms-request-id": "00000000-0000-0000-0000-000000000000",
        "x-ms-routing-request-id": "SOUTHEASTASIA:20220825T061724Z:00000000-0000-0000-0000-000000000000"
      },
      "ResponseBody": {
        "id": "/subscriptions/00000000-0000-0000-0000-000000000000/resourceGroups/go-sdk-test-rg/providers/Microsoft.Resources/deployments/NetworkAndSubnet_Create",
        "name": "NetworkAndSubnet_Create",
        "type": "Microsoft.Resources/deployments",
        "properties": {
          "templateHash": "1844510018054558559",
          "parameters": {
            "name": {
              "type": "String",
              "value": "pn-network"
            }
          },
          "mode": "Incremental",
          "provisioningState": "Succeeded",
          "timestamp": "2022-08-25T06:17:06.9872935Z",
          "duration": "PT15.0326785S",
          "correlationId": "00000000-0000-0000-0000-000000000000",
          "providers": [
            {
              "namespace": "Microsoft.Network",
              "resourceTypes": [
                {
                  "resourceType": "virtualNetworks",
                  "locations": [
                    "eastus"
                  ]
                }
              ]
            }
          ],
          "dependencies": [],
          "outputs": {
            "virtaulNetworkId": {
              "type": "String",
              "value": "/subscriptions/00000000-0000-0000-0000-000000000000/resourceGroups/go-sdk-test-rg/providers/Microsoft.Network/virtualNetworks/pn-network"
            }
          },
          "outputResources": [
            {
              "id": "/subscriptions/00000000-0000-0000-0000-000000000000/resourceGroups/go-sdk-test-rg/providers/Microsoft.Network/virtualNetworks/pn-network"
            }
          ]
        }
      }
    },
    {
      "RequestUri": "https://management.azure.com/subscriptions/00000000-0000-0000-0000-000000000000/resourceGroups/go-sdk-test-rg/providers/Microsoft.Network/privateDnsZones/scenario_privatezone.com/virtualNetworkLinks/scenario_vnetlink?api-version=2020-06-01",
      "RequestMethod": "PUT",
      "RequestHeaders": {
        "Accept": "application/json",
        "Accept-Encoding": "gzip",
        "Authorization": "Sanitized",
        "Content-Length": "252",
        "Content-Type": "application/json",
        "User-Agent": "azsdk-go-armprivatedns/v1.0.0 (go1.18.3; Windows_NT)"
      },
      "RequestBody": {
        "location": "Global",
        "properties": {
          "registrationEnabled": false,
          "virtualNetwork": {
            "id": "/subscriptions/00000000-0000-0000-0000-000000000000/resourceGroups/go-sdk-test-rg/providers/Microsoft.Network/virtualNetworks/pn-network"
          }
        },
        "tags": {
          "key1": "value1"
        }
      },
      "StatusCode": 202,
      "ResponseHeaders": {
        "Azure-AsyncOperation": "https://management.azure.com:443/subscriptions/00000000-0000-0000-0000-000000000000/resourceGroups/go-sdk-test-rg/providers/Microsoft.Network/privateDnsOperationStatuses/RnJvbnRFbmRBc3luY09wZXJhdGlvbjtVcHNlcnRWaXJ0dWFsTmV0d29ya0xpbms7ODdmMDI1Y2QtMThkOC00NzZjLTg0MWEtNTJlNzc2OTFjMmZiXzkyZjk1ZDhmLTNjNjctNDEyNC05MWM3LThjZjA3Y2RiZjI0MQ==?api-version=2020-06-01",
        "Cache-Control": "private",
        "Content-Length": "2",
        "Content-Type": "application/json; charset=utf-8",
        "Date": "Thu, 25 Aug 2022 06:17:27 GMT",
        "Location": "https://management.azure.com/subscriptions/00000000-0000-0000-0000-000000000000/resourceGroups/go-sdk-test-rg/providers/Microsoft.Network/privateDnsOperationResults/RnJvbnRFbmRBc3luY09wZXJhdGlvbjtVcHNlcnRWaXJ0dWFsTmV0d29ya0xpbms7ODdmMDI1Y2QtMThkOC00NzZjLTg0MWEtNTJlNzc2OTFjMmZiXzkyZjk1ZDhmLTNjNjctNDEyNC05MWM3LThjZjA3Y2RiZjI0MQ==?api-version=2020-06-01",
        "Retry-After": "30",
        "Server": "Microsoft-IIS/10.0",
        "Strict-Transport-Security": "max-age=31536000; includeSubDomains",
        "X-AspNet-Version": "4.0.30319",
        "X-Content-Type-Options": "nosniff",
        "x-ms-correlation-request-id": "00000000-0000-0000-0000-000000000000",
        "x-ms-ratelimit-remaining-subscription-resource-requests": "11995",
        "x-ms-request-id": "00000000-0000-0000-0000-000000000000",
        "x-ms-routing-request-id": "SOUTHEASTASIA:20220825T061728Z:00000000-0000-0000-0000-000000000000",
        "X-Powered-By": "ASP.NET"
      },
      "ResponseBody": {}
    },
    {
      "RequestUri": "https://management.azure.com/subscriptions/00000000-0000-0000-0000-000000000000/resourceGroups/go-sdk-test-rg/providers/Microsoft.Network/privateDnsOperationStatuses/RnJvbnRFbmRBc3luY09wZXJhdGlvbjtVcHNlcnRWaXJ0dWFsTmV0d29ya0xpbms7ODdmMDI1Y2QtMThkOC00NzZjLTg0MWEtNTJlNzc2OTFjMmZiXzkyZjk1ZDhmLTNjNjctNDEyNC05MWM3LThjZjA3Y2RiZjI0MQ==?api-version=2020-06-01",
      "RequestMethod": "GET",
      "RequestHeaders": {
        "Accept-Encoding": "gzip",
        "Authorization": "Sanitized",
        "User-Agent": "azsdk-go-armprivatedns/v1.0.0 (go1.18.3; Windows_NT)"
      },
      "RequestBody": null,
      "StatusCode": 202,
      "ResponseHeaders": {
        "Azure-AsyncOperation": "https://management.azure.com:443/subscriptions/00000000-0000-0000-0000-000000000000/resourceGroups/go-sdk-test-rg/providers/Microsoft.Network/privateDnsOperationStatuses/RnJvbnRFbmRBc3luY09wZXJhdGlvbjtVcHNlcnRWaXJ0dWFsTmV0d29ya0xpbms7ODdmMDI1Y2QtMThkOC00NzZjLTg0MWEtNTJlNzc2OTFjMmZiXzkyZjk1ZDhmLTNjNjctNDEyNC05MWM3LThjZjA3Y2RiZjI0MQ==?api-version=2020-06-01",
        "Cache-Control": "private",
        "Content-Length": "23",
        "Content-Type": "application/json; charset=utf-8",
        "Date": "Thu, 25 Aug 2022 06:17:57 GMT",
        "Location": "https://management.azure.com/subscriptions/00000000-0000-0000-0000-000000000000/resourceGroups/go-sdk-test-rg/providers/Microsoft.Network/privateDnsOperationResults/RnJvbnRFbmRBc3luY09wZXJhdGlvbjtVcHNlcnRWaXJ0dWFsTmV0d29ya0xpbms7ODdmMDI1Y2QtMThkOC00NzZjLTg0MWEtNTJlNzc2OTFjMmZiXzkyZjk1ZDhmLTNjNjctNDEyNC05MWM3LThjZjA3Y2RiZjI0MQ==?api-version=2020-06-01",
        "Retry-After": "30",
        "Server": "Microsoft-IIS/10.0",
        "Strict-Transport-Security": "max-age=31536000; includeSubDomains",
        "X-AspNet-Version": "4.0.30319",
        "X-Content-Type-Options": "nosniff",
        "x-ms-correlation-request-id": "00000000-0000-0000-0000-000000000000",
        "x-ms-ratelimit-remaining-subscription-resource-requests": "489",
        "x-ms-request-id": "00000000-0000-0000-0000-000000000000",
        "x-ms-routing-request-id": "SOUTHEASTASIA:20220825T061758Z:00000000-0000-0000-0000-000000000000",
        "X-Powered-By": "ASP.NET"
      },
      "ResponseBody": {
        "status": "InProgress"
      }
    },
    {
      "RequestUri": "https://management.azure.com/subscriptions/00000000-0000-0000-0000-000000000000/resourceGroups/go-sdk-test-rg/providers/Microsoft.Network/privateDnsOperationStatuses/RnJvbnRFbmRBc3luY09wZXJhdGlvbjtVcHNlcnRWaXJ0dWFsTmV0d29ya0xpbms7ODdmMDI1Y2QtMThkOC00NzZjLTg0MWEtNTJlNzc2OTFjMmZiXzkyZjk1ZDhmLTNjNjctNDEyNC05MWM3LThjZjA3Y2RiZjI0MQ==?api-version=2020-06-01",
      "RequestMethod": "GET",
      "RequestHeaders": {
        "Accept-Encoding": "gzip",
        "Authorization": "Sanitized",
        "User-Agent": "azsdk-go-armprivatedns/v1.0.0 (go1.18.3; Windows_NT)"
      },
      "RequestBody": null,
      "StatusCode": 200,
      "ResponseHeaders": {
        "Cache-Control": "private",
        "Content-Encoding": "gzip",
        "Content-Type": "application/json; charset=utf-8",
        "Date": "Thu, 25 Aug 2022 06:18:28 GMT",
        "Server": "Microsoft-IIS/10.0",
        "Strict-Transport-Security": "max-age=31536000; includeSubDomains",
        "Transfer-Encoding": "chunked",
        "Vary": "Accept-Encoding",
        "X-AspNet-Version": "4.0.30319",
        "X-Content-Type-Options": "nosniff",
        "x-ms-correlation-request-id": "00000000-0000-0000-0000-000000000000",
        "x-ms-ratelimit-remaining-subscription-resource-requests": "488",
        "x-ms-request-id": "00000000-0000-0000-0000-000000000000",
        "x-ms-routing-request-id": "SOUTHEASTASIA:20220825T061829Z:00000000-0000-0000-0000-000000000000",
        "X-Powered-By": "ASP.NET"
      },
      "ResponseBody": {
        "status": "Succeeded"
      }
    },
    {
      "RequestUri": "https://management.azure.com/subscriptions/00000000-0000-0000-0000-000000000000/resourceGroups/go-sdk-test-rg/providers/Microsoft.Network/privateDnsZones/scenario_privatezone.com/virtualNetworkLinks/scenario_vnetlink?api-version=2020-06-01",
      "RequestMethod": "GET",
      "RequestHeaders": {
        "Accept-Encoding": "gzip",
        "Authorization": "Sanitized",
        "User-Agent": "azsdk-go-armprivatedns/v1.0.0 (go1.18.3; Windows_NT)"
      },
      "RequestBody": null,
      "StatusCode": 200,
      "ResponseHeaders": {
        "Cache-Control": "private",
        "Content-Encoding": "gzip",
        "Content-Type": "application/json; charset=utf-8",
        "Date": "Thu, 25 Aug 2022 06:18:28 GMT",
        "ETag": "\u002200000000-0000-0000-0000-000000000000\u0022",
        "Server": "Microsoft-IIS/10.0",
        "Strict-Transport-Security": "max-age=31536000; includeSubDomains",
        "Transfer-Encoding": "chunked",
        "Vary": "Accept-Encoding",
        "X-AspNet-Version": "4.0.30319",
        "X-Content-Type-Options": "nosniff",
        "x-ms-correlation-request-id": "00000000-0000-0000-0000-000000000000",
        "x-ms-ratelimit-remaining-subscription-resource-requests": "495",
        "x-ms-request-id": "00000000-0000-0000-0000-000000000000",
        "x-ms-routing-request-id": "SOUTHEASTASIA:20220825T061829Z:00000000-0000-0000-0000-000000000000",
        "X-Powered-By": "ASP.NET"
      },
      "ResponseBody": {
        "id": "/subscriptions/00000000-0000-0000-0000-000000000000/resourceGroups/go-sdk-test-rg/providers/Microsoft.Network/privateDnsZones/scenario_privatezone.com/virtualNetworkLinks/scenario_vnetlink",
        "name": "scenario_vnetlink",
        "type": "Microsoft.Network/privateDnsZones/virtualNetworkLinks",
        "etag": "\u002200000000-0000-0000-0000-000000000000\u0022",
        "location": "global",
        "tags": {
          "key1": "value1"
        },
        "properties": {
          "provisioningState": "Succeeded",
          "registrationEnabled": false,
          "virtualNetwork": {
            "id": "/subscriptions/00000000-0000-0000-0000-000000000000/resourceGroups/go-sdk-test-rg/providers/Microsoft.Network/virtualNetworks/pn-network"
          },
          "virtualNetworkLinkState": "Completed"
        }
      }
    },
    {
      "RequestUri": "https://management.azure.com/subscriptions/00000000-0000-0000-0000-000000000000/resourceGroups/go-sdk-test-rg/providers/Microsoft.Network/privateDnsZones/scenario_privatezone.com/virtualNetworkLinks/scenario_vnetlink?api-version=2020-06-01",
      "RequestMethod": "PATCH",
      "RequestHeaders": {
        "Accept": "application/json",
        "Accept-Encoding": "gzip",
        "Authorization": "Sanitized",
        "Content-Length": "68",
        "Content-Type": "application/json",
        "User-Agent": "azsdk-go-armprivatedns/v1.0.0 (go1.18.3; Windows_NT)"
      },
      "RequestBody": {
        "properties": {
          "registrationEnabled": true
        },
        "tags": {
          "key2": "value2"
        }
      },
      "StatusCode": 202,
      "ResponseHeaders": {
        "Azure-AsyncOperation": "https://management.azure.com:443/subscriptions/00000000-0000-0000-0000-000000000000/resourceGroups/go-sdk-test-rg/providers/Microsoft.Network/privateDnsOperationStatuses/RnJvbnRFbmRBc3luY09wZXJhdGlvbjtVcHNlcnRWaXJ0dWFsTmV0d29ya0xpbms7YTViNWFhOTEtOGEwMS00YmNkLTk1ZTMtMGMzNGRhYjA5ZjU2XzkyZjk1ZDhmLTNjNjctNDEyNC05MWM3LThjZjA3Y2RiZjI0MQ==?api-version=2020-06-01",
        "Cache-Control": "private",
        "Content-Length": "2",
        "Content-Type": "application/json; charset=utf-8",
        "Date": "Thu, 25 Aug 2022 06:18:31 GMT",
        "Location": "https://management.azure.com/subscriptions/00000000-0000-0000-0000-000000000000/resourceGroups/go-sdk-test-rg/providers/Microsoft.Network/privateDnsOperationResults/RnJvbnRFbmRBc3luY09wZXJhdGlvbjtVcHNlcnRWaXJ0dWFsTmV0d29ya0xpbms7YTViNWFhOTEtOGEwMS00YmNkLTk1ZTMtMGMzNGRhYjA5ZjU2XzkyZjk1ZDhmLTNjNjctNDEyNC05MWM3LThjZjA3Y2RiZjI0MQ==?api-version=2020-06-01",
        "Retry-After": "30",
        "Server": "Microsoft-IIS/10.0",
        "Strict-Transport-Security": "max-age=31536000; includeSubDomains",
        "X-AspNet-Version": "4.0.30319",
        "X-Content-Type-Options": "nosniff",
        "x-ms-correlation-request-id": "00000000-0000-0000-0000-000000000000",
        "x-ms-ratelimit-remaining-subscription-resource-requests": "11994",
        "x-ms-request-id": "00000000-0000-0000-0000-000000000000",
        "x-ms-routing-request-id": "SOUTHEASTASIA:20220825T061832Z:00000000-0000-0000-0000-000000000000",
        "X-Powered-By": "ASP.NET"
      },
      "ResponseBody": {}
    },
    {
      "RequestUri": "https://management.azure.com/subscriptions/00000000-0000-0000-0000-000000000000/resourceGroups/go-sdk-test-rg/providers/Microsoft.Network/privateDnsOperationStatuses/RnJvbnRFbmRBc3luY09wZXJhdGlvbjtVcHNlcnRWaXJ0dWFsTmV0d29ya0xpbms7YTViNWFhOTEtOGEwMS00YmNkLTk1ZTMtMGMzNGRhYjA5ZjU2XzkyZjk1ZDhmLTNjNjctNDEyNC05MWM3LThjZjA3Y2RiZjI0MQ==?api-version=2020-06-01",
      "RequestMethod": "GET",
      "RequestHeaders": {
        "Accept-Encoding": "gzip",
        "Authorization": "Sanitized",
        "User-Agent": "azsdk-go-armprivatedns/v1.0.0 (go1.18.3; Windows_NT)"
      },
      "RequestBody": null,
      "StatusCode": 202,
      "ResponseHeaders": {
        "Azure-AsyncOperation": "https://management.azure.com:443/subscriptions/00000000-0000-0000-0000-000000000000/resourceGroups/go-sdk-test-rg/providers/Microsoft.Network/privateDnsOperationStatuses/RnJvbnRFbmRBc3luY09wZXJhdGlvbjtVcHNlcnRWaXJ0dWFsTmV0d29ya0xpbms7YTViNWFhOTEtOGEwMS00YmNkLTk1ZTMtMGMzNGRhYjA5ZjU2XzkyZjk1ZDhmLTNjNjctNDEyNC05MWM3LThjZjA3Y2RiZjI0MQ==?api-version=2020-06-01",
        "Cache-Control": "private",
        "Content-Length": "23",
        "Content-Type": "application/json; charset=utf-8",
        "Date": "Thu, 25 Aug 2022 06:19:02 GMT",
        "Location": "https://management.azure.com/subscriptions/00000000-0000-0000-0000-000000000000/resourceGroups/go-sdk-test-rg/providers/Microsoft.Network/privateDnsOperationResults/RnJvbnRFbmRBc3luY09wZXJhdGlvbjtVcHNlcnRWaXJ0dWFsTmV0d29ya0xpbms7YTViNWFhOTEtOGEwMS00YmNkLTk1ZTMtMGMzNGRhYjA5ZjU2XzkyZjk1ZDhmLTNjNjctNDEyNC05MWM3LThjZjA3Y2RiZjI0MQ==?api-version=2020-06-01",
        "Retry-After": "30",
        "Server": "Microsoft-IIS/10.0",
        "Strict-Transport-Security": "max-age=31536000; includeSubDomains",
        "X-AspNet-Version": "4.0.30319",
        "X-Content-Type-Options": "nosniff",
        "x-ms-correlation-request-id": "00000000-0000-0000-0000-000000000000",
        "x-ms-ratelimit-remaining-subscription-resource-requests": "487",
        "x-ms-request-id": "00000000-0000-0000-0000-000000000000",
        "x-ms-routing-request-id": "SOUTHEASTASIA:20220825T061902Z:00000000-0000-0000-0000-000000000000",
        "X-Powered-By": "ASP.NET"
      },
      "ResponseBody": {
        "status": "InProgress"
      }
    },
    {
      "RequestUri": "https://management.azure.com/subscriptions/00000000-0000-0000-0000-000000000000/resourceGroups/go-sdk-test-rg/providers/Microsoft.Network/privateDnsOperationStatuses/RnJvbnRFbmRBc3luY09wZXJhdGlvbjtVcHNlcnRWaXJ0dWFsTmV0d29ya0xpbms7YTViNWFhOTEtOGEwMS00YmNkLTk1ZTMtMGMzNGRhYjA5ZjU2XzkyZjk1ZDhmLTNjNjctNDEyNC05MWM3LThjZjA3Y2RiZjI0MQ==?api-version=2020-06-01",
      "RequestMethod": "GET",
      "RequestHeaders": {
        "Accept-Encoding": "gzip",
        "Authorization": "Sanitized",
        "User-Agent": "azsdk-go-armprivatedns/v1.0.0 (go1.18.3; Windows_NT)"
      },
      "RequestBody": null,
      "StatusCode": 200,
      "ResponseHeaders": {
        "Cache-Control": "private",
        "Content-Encoding": "gzip",
        "Content-Type": "application/json; charset=utf-8",
        "Date": "Thu, 25 Aug 2022 06:19:32 GMT",
        "Server": "Microsoft-IIS/10.0",
        "Strict-Transport-Security": "max-age=31536000; includeSubDomains",
        "Transfer-Encoding": "chunked",
        "Vary": "Accept-Encoding",
        "X-AspNet-Version": "4.0.30319",
        "X-Content-Type-Options": "nosniff",
        "x-ms-correlation-request-id": "00000000-0000-0000-0000-000000000000",
        "x-ms-ratelimit-remaining-subscription-resource-requests": "486",
        "x-ms-request-id": "00000000-0000-0000-0000-000000000000",
        "x-ms-routing-request-id": "SOUTHEASTASIA:20220825T061933Z:00000000-0000-0000-0000-000000000000",
        "X-Powered-By": "ASP.NET"
      },
      "ResponseBody": {
        "status": "Succeeded"
      }
    },
    {
      "RequestUri": "https://management.azure.com/subscriptions/00000000-0000-0000-0000-000000000000/resourceGroups/go-sdk-test-rg/providers/Microsoft.Network/privateDnsZones/scenario_privatezone.com/virtualNetworkLinks/scenario_vnetlink?api-version=2020-06-01",
      "RequestMethod": "GET",
      "RequestHeaders": {
        "Accept-Encoding": "gzip",
        "Authorization": "Sanitized",
        "User-Agent": "azsdk-go-armprivatedns/v1.0.0 (go1.18.3; Windows_NT)"
      },
      "RequestBody": null,
      "StatusCode": 200,
      "ResponseHeaders": {
        "Cache-Control": "private",
        "Content-Encoding": "gzip",
        "Content-Type": "application/json; charset=utf-8",
        "Date": "Thu, 25 Aug 2022 06:19:33 GMT",
        "ETag": "\u002200000000-0000-0000-0000-000000000000\u0022",
        "Server": "Microsoft-IIS/10.0",
        "Strict-Transport-Security": "max-age=31536000; includeSubDomains",
        "Transfer-Encoding": "chunked",
        "Vary": "Accept-Encoding",
        "X-AspNet-Version": "4.0.30319",
        "X-Content-Type-Options": "nosniff",
        "x-ms-correlation-request-id": "00000000-0000-0000-0000-000000000000",
        "x-ms-ratelimit-remaining-subscription-resource-requests": "494",
        "x-ms-request-id": "00000000-0000-0000-0000-000000000000",
        "x-ms-routing-request-id": "SOUTHEASTASIA:20220825T061933Z:00000000-0000-0000-0000-000000000000",
        "X-Powered-By": "ASP.NET"
      },
      "ResponseBody": {
        "id": "/subscriptions/00000000-0000-0000-0000-000000000000/resourceGroups/go-sdk-test-rg/providers/Microsoft.Network/privateDnsZones/scenario_privatezone.com/virtualNetworkLinks/scenario_vnetlink",
        "name": "scenario_vnetlink",
        "type": "Microsoft.Network/privateDnsZones/virtualNetworkLinks",
        "etag": "\u002200000000-0000-0000-0000-000000000000\u0022",
        "location": "global",
        "tags": {
          "key2": "value2"
        },
        "properties": {
          "provisioningState": "Succeeded",
          "registrationEnabled": true,
          "virtualNetwork": {
            "id": "/subscriptions/00000000-0000-0000-0000-000000000000/resourceGroups/go-sdk-test-rg/providers/Microsoft.Network/virtualNetworks/pn-network"
          },
          "virtualNetworkLinkState": "Completed"
        }
      }
    },
    {
      "RequestUri": "https://management.azure.com/subscriptions/00000000-0000-0000-0000-000000000000/resourceGroups/go-sdk-test-rg/providers/Microsoft.Network/privateDnsZones/scenario_privatezone.com/virtualNetworkLinks/scenario_vnetlink?api-version=2020-06-01",
      "RequestMethod": "GET",
      "RequestHeaders": {
        "Accept": "application/json",
        "Accept-Encoding": "gzip",
        "Authorization": "Sanitized",
        "User-Agent": "azsdk-go-armprivatedns/v1.0.0 (go1.18.3; Windows_NT)"
      },
      "RequestBody": null,
      "StatusCode": 200,
      "ResponseHeaders": {
        "Cache-Control": "private",
        "Content-Encoding": "gzip",
        "Content-Type": "application/json; charset=utf-8",
        "Date": "Thu, 25 Aug 2022 06:19:33 GMT",
        "ETag": "\u002200000000-0000-0000-0000-000000000000\u0022",
        "Server": "Microsoft-IIS/10.0",
        "Strict-Transport-Security": "max-age=31536000; includeSubDomains",
        "Transfer-Encoding": "chunked",
        "Vary": "Accept-Encoding",
        "X-AspNet-Version": "4.0.30319",
        "X-Content-Type-Options": "nosniff",
        "x-ms-correlation-request-id": "00000000-0000-0000-0000-000000000000",
        "x-ms-ratelimit-remaining-subscription-resource-requests": "493",
        "x-ms-request-id": "00000000-0000-0000-0000-000000000000",
        "x-ms-routing-request-id": "SOUTHEASTASIA:20220825T061933Z:00000000-0000-0000-0000-000000000000",
        "X-Powered-By": "ASP.NET"
      },
      "ResponseBody": {
        "id": "/subscriptions/00000000-0000-0000-0000-000000000000/resourceGroups/go-sdk-test-rg/providers/Microsoft.Network/privateDnsZones/scenario_privatezone.com/virtualNetworkLinks/scenario_vnetlink",
        "name": "scenario_vnetlink",
        "type": "Microsoft.Network/privateDnsZones/virtualNetworkLinks",
        "etag": "\u002200000000-0000-0000-0000-000000000000\u0022",
        "location": "global",
        "tags": {
          "key2": "value2"
        },
        "properties": {
          "provisioningState": "Succeeded",
          "registrationEnabled": true,
          "virtualNetwork": {
            "id": "/subscriptions/00000000-0000-0000-0000-000000000000/resourceGroups/go-sdk-test-rg/providers/Microsoft.Network/virtualNetworks/pn-network"
          },
          "virtualNetworkLinkState": "Completed"
        }
      }
    },
    {
      "RequestUri": "https://management.azure.com/subscriptions/00000000-0000-0000-0000-000000000000/resourceGroups/go-sdk-test-rg/providers/Microsoft.Network/privateDnsZones/scenario_privatezone.com/virtualNetworkLinks?api-version=2020-06-01",
      "RequestMethod": "GET",
      "RequestHeaders": {
        "Accept": "application/json",
        "Accept-Encoding": "gzip",
        "Authorization": "Sanitized",
        "User-Agent": "azsdk-go-armprivatedns/v1.0.0 (go1.18.3; Windows_NT)"
      },
      "RequestBody": null,
      "StatusCode": 200,
      "ResponseHeaders": {
        "Cache-Control": "private",
        "Content-Encoding": "gzip",
        "Content-Type": "application/json; charset=utf-8",
        "Date": "Thu, 25 Aug 2022 06:19:33 GMT",
        "Server": "Microsoft-IIS/10.0",
        "Strict-Transport-Security": "max-age=31536000; includeSubDomains",
        "Transfer-Encoding": "chunked",
        "Vary": "Accept-Encoding",
        "X-AspNet-Version": "4.0.30319",
        "X-Content-Type-Options": "nosniff",
        "x-ms-correlation-request-id": "00000000-0000-0000-0000-000000000000",
        "x-ms-ratelimit-remaining-subscription-resource-entities-read": "59998",
        "x-ms-ratelimit-remaining-subscription-resource-requests": "492",
        "x-ms-request-id": "00000000-0000-0000-0000-000000000000",
        "x-ms-routing-request-id": "SOUTHEASTASIA:20220825T061934Z:00000000-0000-0000-0000-000000000000",
        "X-Powered-By": "ASP.NET"
      },
      "ResponseBody": {
        "value": [
          {
            "id": "/subscriptions/00000000-0000-0000-0000-000000000000/resourceGroups/go-sdk-test-rg/providers/Microsoft.Network/privateDnsZones/scenario_privatezone.com/virtualNetworkLinks/scenario_vnetlink",
            "name": "scenario_vnetlink",
            "type": "Microsoft.Network/privateDnsZones/virtualNetworkLinks",
            "etag": "\u002200000000-0000-0000-0000-000000000000\u0022",
            "location": "global",
            "tags": {
              "key2": "value2"
            },
            "properties": {
              "provisioningState": "Succeeded",
              "registrationEnabled": true,
              "virtualNetwork": {
                "id": "/subscriptions/00000000-0000-0000-0000-000000000000/resourceGroups/go-sdk-test-rg/providers/Microsoft.Network/virtualNetworks/pn-network"
              },
              "virtualNetworkLinkState": "Completed"
            }
          }
        ]
      }
    },
    {
      "RequestUri": "https://management.azure.com/subscriptions/00000000-0000-0000-0000-000000000000/resourceGroups/go-sdk-test-rg/providers/Microsoft.Network/privateDnsZones/scenario_privatezone.com/virtualNetworkLinks/scenario_vnetlink?api-version=2020-06-01",
      "RequestMethod": "DELETE",
      "RequestHeaders": {
        "Accept": "application/json",
        "Accept-Encoding": "gzip",
        "Authorization": "Sanitized",
        "User-Agent": "azsdk-go-armprivatedns/v1.0.0 (go1.18.3; Windows_NT)"
      },
      "RequestBody": null,
      "StatusCode": 202,
      "ResponseHeaders": {
        "Azure-AsyncOperation": "https://management.azure.com:443/subscriptions/00000000-0000-0000-0000-000000000000/resourceGroups/go-sdk-test-rg/providers/Microsoft.Network/privateDnsOperationStatuses/RnJvbnRFbmRBc3luY09wZXJhdGlvbjtEZWxldGVWaXJ0dWFsTmV0d29ya0xpbms7MGQ2MzU5ZDUtMGU3Mi00OGYxLTk4ZWEtMjIxMDU2M2I4OGJiXzkyZjk1ZDhmLTNjNjctNDEyNC05MWM3LThjZjA3Y2RiZjI0MQ==?api-version=2020-06-01",
        "Cache-Control": "private",
        "Content-Length": "0",
        "Date": "Thu, 25 Aug 2022 06:19:35 GMT",
        "Location": "https://management.azure.com/subscriptions/00000000-0000-0000-0000-000000000000/resourceGroups/go-sdk-test-rg/providers/Microsoft.Network/privateDnsOperationResults/RnJvbnRFbmRBc3luY09wZXJhdGlvbjtEZWxldGVWaXJ0dWFsTmV0d29ya0xpbms7MGQ2MzU5ZDUtMGU3Mi00OGYxLTk4ZWEtMjIxMDU2M2I4OGJiXzkyZjk1ZDhmLTNjNjctNDEyNC05MWM3LThjZjA3Y2RiZjI0MQ==?api-version=2020-06-01",
        "Retry-After": "30",
        "Server": "Microsoft-IIS/10.0",
        "Strict-Transport-Security": "max-age=31536000; includeSubDomains",
        "X-AspNet-Version": "4.0.30319",
        "X-Content-Type-Options": "nosniff",
        "x-ms-correlation-request-id": "00000000-0000-0000-0000-000000000000",
        "x-ms-ratelimit-remaining-subscription-resource-requests": "11997",
        "x-ms-request-id": "00000000-0000-0000-0000-000000000000",
        "x-ms-routing-request-id": "SOUTHEASTASIA:20220825T061936Z:00000000-0000-0000-0000-000000000000",
        "X-Powered-By": "ASP.NET"
      },
      "ResponseBody": null
    },
    {
      "RequestUri": "https://management.azure.com/subscriptions/00000000-0000-0000-0000-000000000000/resourceGroups/go-sdk-test-rg/providers/Microsoft.Network/privateDnsOperationStatuses/RnJvbnRFbmRBc3luY09wZXJhdGlvbjtEZWxldGVWaXJ0dWFsTmV0d29ya0xpbms7MGQ2MzU5ZDUtMGU3Mi00OGYxLTk4ZWEtMjIxMDU2M2I4OGJiXzkyZjk1ZDhmLTNjNjctNDEyNC05MWM3LThjZjA3Y2RiZjI0MQ==?api-version=2020-06-01",
      "RequestMethod": "GET",
      "RequestHeaders": {
        "Accept-Encoding": "gzip",
        "Authorization": "Sanitized",
        "User-Agent": "azsdk-go-armprivatedns/v1.0.0 (go1.18.3; Windows_NT)"
      },
      "RequestBody": null,
      "StatusCode": 202,
      "ResponseHeaders": {
        "Azure-AsyncOperation": "https://management.azure.com:443/subscriptions/00000000-0000-0000-0000-000000000000/resourceGroups/go-sdk-test-rg/providers/Microsoft.Network/privateDnsOperationStatuses/RnJvbnRFbmRBc3luY09wZXJhdGlvbjtEZWxldGVWaXJ0dWFsTmV0d29ya0xpbms7MGQ2MzU5ZDUtMGU3Mi00OGYxLTk4ZWEtMjIxMDU2M2I4OGJiXzkyZjk1ZDhmLTNjNjctNDEyNC05MWM3LThjZjA3Y2RiZjI0MQ==?api-version=2020-06-01",
        "Cache-Control": "private",
        "Content-Length": "23",
        "Content-Type": "application/json; charset=utf-8",
        "Date": "Thu, 25 Aug 2022 06:20:06 GMT",
        "Location": "https://management.azure.com/subscriptions/00000000-0000-0000-0000-000000000000/resourceGroups/go-sdk-test-rg/providers/Microsoft.Network/privateDnsOperationResults/RnJvbnRFbmRBc3luY09wZXJhdGlvbjtEZWxldGVWaXJ0dWFsTmV0d29ya0xpbms7MGQ2MzU5ZDUtMGU3Mi00OGYxLTk4ZWEtMjIxMDU2M2I4OGJiXzkyZjk1ZDhmLTNjNjctNDEyNC05MWM3LThjZjA3Y2RiZjI0MQ==?api-version=2020-06-01",
        "Retry-After": "30",
        "Server": "Microsoft-IIS/10.0",
        "Strict-Transport-Security": "max-age=31536000; includeSubDomains",
        "X-AspNet-Version": "4.0.30319",
        "X-Content-Type-Options": "nosniff",
        "x-ms-correlation-request-id": "00000000-0000-0000-0000-000000000000",
        "x-ms-ratelimit-remaining-subscription-resource-requests": "493",
        "x-ms-request-id": "00000000-0000-0000-0000-000000000000",
        "x-ms-routing-request-id": "SOUTHEASTASIA:20220825T062006Z:00000000-0000-0000-0000-000000000000",
        "X-Powered-By": "ASP.NET"
      },
      "ResponseBody": {
        "status": "InProgress"
      }
    },
    {
      "RequestUri": "https://management.azure.com/subscriptions/00000000-0000-0000-0000-000000000000/resourceGroups/go-sdk-test-rg/providers/Microsoft.Network/privateDnsOperationStatuses/RnJvbnRFbmRBc3luY09wZXJhdGlvbjtEZWxldGVWaXJ0dWFsTmV0d29ya0xpbms7MGQ2MzU5ZDUtMGU3Mi00OGYxLTk4ZWEtMjIxMDU2M2I4OGJiXzkyZjk1ZDhmLTNjNjctNDEyNC05MWM3LThjZjA3Y2RiZjI0MQ==?api-version=2020-06-01",
      "RequestMethod": "GET",
      "RequestHeaders": {
        "Accept-Encoding": "gzip",
        "Authorization": "Sanitized",
        "User-Agent": "azsdk-go-armprivatedns/v1.0.0 (go1.18.3; Windows_NT)"
      },
      "RequestBody": null,
      "StatusCode": 200,
      "ResponseHeaders": {
        "Cache-Control": "private",
        "Content-Encoding": "gzip",
        "Content-Type": "application/json; charset=utf-8",
        "Date": "Thu, 25 Aug 2022 06:20:36 GMT",
        "Server": "Microsoft-IIS/10.0",
        "Strict-Transport-Security": "max-age=31536000; includeSubDomains",
        "Transfer-Encoding": "chunked",
        "Vary": "Accept-Encoding",
        "X-AspNet-Version": "4.0.30319",
        "X-Content-Type-Options": "nosniff",
        "x-ms-correlation-request-id": "00000000-0000-0000-0000-000000000000",
        "x-ms-ratelimit-remaining-subscription-resource-requests": "492",
        "x-ms-request-id": "00000000-0000-0000-0000-000000000000",
        "x-ms-routing-request-id": "SOUTHEASTASIA:20220825T062037Z:00000000-0000-0000-0000-000000000000",
        "X-Powered-By": "ASP.NET"
      },
      "ResponseBody": {
        "status": "Succeeded"
      }
    },
    {
      "RequestUri": "https://management.azure.com/subscriptions/00000000-0000-0000-0000-000000000000/resourcegroups/go-sdk-test-rg?api-version=2021-04-01",
      "RequestMethod": "DELETE",
      "RequestHeaders": {
        "Accept": "application/json",
        "Accept-Encoding": "gzip",
        "Authorization": "Sanitized",
        "User-Agent": "azsdk-go-armresources/v1.0.0 (go1.18.3; Windows_NT)"
      },
      "RequestBody": null,
      "StatusCode": 202,
      "ResponseHeaders": {
        "Cache-Control": "no-cache",
        "Content-Length": "0",
        "Date": "Thu, 25 Aug 2022 06:20:39 GMT",
        "Expires": "-1",
        "Location": "https://management.azure.com/subscriptions/00000000-0000-0000-0000-000000000000/operationresults/eyJqb2JJZCI6IlJFU09VUkNFR1JPVVBERUxFVElPTkpPQi1HTzoyRFNESzoyRFRFU1Q6MkQyMjQtV0VTVFVTIiwiam9iTG9jYXRpb24iOiJ3ZXN0dXMifQ?api-version=2021-04-01",
        "Pragma": "no-cache",
        "Retry-After": "15",
        "Strict-Transport-Security": "max-age=31536000; includeSubDomains",
        "X-Content-Type-Options": "nosniff",
        "x-ms-correlation-request-id": "00000000-0000-0000-0000-000000000000",
        "x-ms-ratelimit-remaining-subscription-deletes": "14999",
        "x-ms-request-id": "00000000-0000-0000-0000-000000000000",
        "x-ms-routing-request-id": "SOUTHEASTASIA:20220825T062039Z:00000000-0000-0000-0000-000000000000"
      },
      "ResponseBody": null
    }
  ],
  "Variables": {}
}
