{
  "Entries": [
    {
      "RequestUri": "https://management.azure.com/subscriptions/00000000-0000-0000-0000-000000000000/resourcegroups/go-sdk-test-rg?api-version=2021-04-01",
      "RequestMethod": "PUT",
      "RequestHeaders": {
        "Accept": "application/json",
        "Accept-Encoding": "gzip",
        "Authorization": "Sanitized",
        "Content-Length": "21",
        "Content-Type": "application/json",
        "User-Agent": "azsdk-go-armresources/v1.0.0 (go1.19; Windows_NT)"
      },
      "RequestBody": {
        "location": "eastus"
      },
      "StatusCode": 201,
      "ResponseHeaders": {
        "Cache-Control": "no-cache",
        "Content-Length": "225",
        "Content-Type": "application/json; charset=utf-8",
        "Date": "Wed, 14 Sep 2022 05:28:15 GMT",
        "Expires": "-1",
        "Pragma": "no-cache",
        "Strict-Transport-Security": "max-age=31536000; includeSubDomains",
        "X-Content-Type-Options": "nosniff",
        "x-ms-correlation-request-id": "00000000-0000-0000-0000-000000000000",
        "x-ms-ratelimit-remaining-subscription-writes": "1199",
        "x-ms-request-id": "00000000-0000-0000-0000-000000000000",
        "x-ms-routing-request-id": "SOUTHEASTASIA:20220914T052816Z:00000000-0000-0000-0000-000000000000"
      },
      "ResponseBody": {
        "id": "/subscriptions/00000000-0000-0000-0000-000000000000/resourceGroups/go-sdk-test-rg",
        "name": "go-sdk-test-rg",
        "type": "Microsoft.Resources/resourceGroups",
        "location": "eastus",
        "properties": {
          "provisioningState": "Succeeded"
        }
      }
    },
    {
      "RequestUri": "https://management.azure.com/subscriptions/00000000-0000-0000-0000-000000000000/resourceGroups/go-sdk-test-rg/providers/Microsoft.Insights/actionGroups/actiongroupna5vwH4y?api-version=2022-06-01",
      "RequestMethod": "PUT",
      "RequestHeaders": {
        "Accept": "application/json",
        "Accept-Encoding": "gzip",
        "Authorization": "Sanitized",
        "Content-Length": "279",
        "Content-Type": "application/json",
        "User-Agent": "azsdk-go-armmonitor/v0.7.0 (go1.19; Windows_NT)"
      },
      "RequestBody": {
        "location": "Global",
        "properties": {
          "emailReceivers": [
            {
              "emailAddress": "johndoe@eamil.com",
              "name": "John Doe\u0027s email",
              "useCommonAlertSchema": false
            }
          ],
          "enabled": true,
          "groupShortName": "sample",
          "smsReceivers": [
            {
              "countryCode": "1",
              "name": "John Doe\u0027s mobile",
              "phoneNumber": "1234567890"
            }
          ]
        }
      },
      "StatusCode": 201,
      "ResponseHeaders": {
        "Cache-Control": "no-cache",
        "Content-Length": "806",
        "Content-Type": "application/json; charset=utf-8",
        "Date": "Wed, 14 Sep 2022 05:28:22 GMT",
        "Expires": "-1",
        "Pragma": "no-cache",
        "Server": "Microsoft-IIS/10.0",
        "Strict-Transport-Security": "max-age=31536000; includeSubDomains",
        "X-Content-Type-Options": "nosniff",
        "x-ms-correlation-request-id": "00000000-0000-0000-0000-000000000000",
        "x-ms-ratelimit-remaining-subscription-resource-requests": "24",
        "x-ms-request-id": "00000000-0000-0000-0000-000000000000",
        "x-ms-routing-request-id": "SOUTHEASTASIA:20220914T052822Z:00000000-0000-0000-0000-000000000000"
      },
      "ResponseBody": {
        "id": "/subscriptions/00000000-0000-0000-0000-000000000000/resourceGroups/go-sdk-test-rg/providers/microsoft.insights/actionGroups/actiongroupna5vwH4y",
        "type": "Microsoft.Insights/ActionGroups",
        "name": "actiongroupna5vwH4y",
        "location": "Global",
        "kind": null,
        "tags": null,
        "properties": {
          "groupShortName": "sample",
          "enabled": true,
          "tags": null,
          "emailReceivers": [
            {
              "name": "John Doe\u0027s email",
              "emailAddress": "johndoe@eamil.com",
              "status": "Enabled",
              "useCommonAlertSchema": false
            }
          ],
          "smsReceivers": [
            {
              "name": "John Doe\u0027s mobile",
              "countryCode": "1",
              "phoneNumber": "1234567890",
              "status": "Enabled"
            }
          ],
          "webhookReceivers": [],
          "eventHubReceivers": [],
          "itsmReceivers": [],
          "azureAppPushReceivers": [],
          "automationRunbookReceivers": [],
          "voiceReceivers": [],
          "logicAppReceivers": [],
          "azureFunctionReceivers": [],
          "armRoleReceivers": []
        },
        "identity": null
      }
    },
    {
      "RequestUri": "https://management.azure.com/subscriptions/00000000-0000-0000-0000-000000000000/resourceGroups/go-sdk-test-rg/providers/Microsoft.Insights/actionGroups/actiongroupna5vwH4y?api-version=2022-06-01",
      "RequestMethod": "GET",
      "RequestHeaders": {
        "Accept": "application/json",
        "Accept-Encoding": "gzip",
        "Authorization": "Sanitized",
        "User-Agent": "azsdk-go-armmonitor/v0.7.0 (go1.19; Windows_NT)"
      },
      "RequestBody": null,
      "StatusCode": 200,
      "ResponseHeaders": {
        "Cache-Control": "no-cache",
        "Content-Encoding": "gzip",
        "Content-Type": "application/json; charset=utf-8",
        "Date": "Wed, 14 Sep 2022 05:28:22 GMT",
        "Expires": "-1",
        "Pragma": "no-cache",
        "Server": "Microsoft-IIS/10.0",
        "Strict-Transport-Security": "max-age=31536000; includeSubDomains",
        "Transfer-Encoding": "chunked",
        "Vary": "Accept-Encoding",
        "X-Content-Type-Options": "nosniff",
        "x-ms-correlation-request-id": "00000000-0000-0000-0000-000000000000",
        "x-ms-ratelimit-remaining-subscription-resource-requests": "249",
        "x-ms-request-id": "00000000-0000-0000-0000-000000000000",
        "x-ms-routing-request-id": "SOUTHEASTASIA:20220914T052822Z:00000000-0000-0000-0000-000000000000"
      },
      "ResponseBody": {
        "id": "/subscriptions/00000000-0000-0000-0000-000000000000/resourceGroups/go-sdk-test-rg/providers/microsoft.insights/actionGroups/actiongroupna5vwH4y",
        "type": "Microsoft.Insights/ActionGroups",
        "name": "actiongroupna5vwH4y",
        "location": "Global",
        "kind": null,
        "tags": null,
        "properties": {
          "groupShortName": "sample",
          "enabled": true,
          "tags": null,
          "emailReceivers": [
            {
              "name": "John Doe\u0027s email",
              "emailAddress": "johndoe@eamil.com",
              "status": "Enabled",
              "useCommonAlertSchema": false
            }
          ],
          "smsReceivers": [
            {
              "name": "John Doe\u0027s mobile",
              "countryCode": "1",
              "phoneNumber": "1234567890",
              "status": "Enabled"
            }
          ],
          "webhookReceivers": [],
          "eventHubReceivers": [],
          "itsmReceivers": [],
          "azureAppPushReceivers": [],
          "automationRunbookReceivers": [],
          "voiceReceivers": [],
          "logicAppReceivers": [],
          "azureFunctionReceivers": [],
          "armRoleReceivers": []
        },
        "identity": null
      }
    },
    {
      "RequestUri": "https://management.azure.com/subscriptions/00000000-0000-0000-0000-000000000000/resourceGroups/go-sdk-test-rg/providers/Microsoft.Insights/actionGroups/actiongroupna5vwH4y?api-version=2022-06-01",
      "RequestMethod": "PATCH",
      "RequestHeaders": {
        "Accept": "application/json",
        "Accept-Encoding": "gzip",
        "Authorization": "Sanitized",
        "Content-Length": "73",
        "Content-Type": "application/json",
        "User-Agent": "azsdk-go-armmonitor/v0.7.0 (go1.19; Windows_NT)"
      },
      "RequestBody": {
        "properties": {
          "enabled": false
        },
        "tags": {
          "key1": "value1",
          "key2": "value2"
        }
      },
      "StatusCode": 200,
      "ResponseHeaders": {
        "Cache-Control": "no-cache",
        "Content-Encoding": "gzip",
        "Content-Type": "application/json; charset=utf-8",
        "Date": "Wed, 14 Sep 2022 05:28:25 GMT",
        "Expires": "-1",
        "Pragma": "no-cache",
        "Server": "Microsoft-IIS/10.0",
        "Strict-Transport-Security": "max-age=31536000; includeSubDomains",
        "Transfer-Encoding": "chunked",
        "Vary": "Accept-Encoding",
        "X-Content-Type-Options": "nosniff",
        "x-ms-correlation-request-id": "00000000-0000-0000-0000-000000000000",
        "x-ms-ratelimit-remaining-subscription-resource-requests": "23",
        "x-ms-request-id": "00000000-0000-0000-0000-000000000000",
        "x-ms-routing-request-id": "SOUTHEASTASIA:20220914T052825Z:00000000-0000-0000-0000-000000000000"
      },
      "ResponseBody": {
        "id": "/subscriptions/00000000-0000-0000-0000-000000000000/resourceGroups/go-sdk-test-rg/providers/microsoft.insights/actionGroups/actiongroupna5vwH4y",
        "type": "Microsoft.Insights/ActionGroups",
        "name": "actiongroupna5vwH4y",
        "location": "Global",
        "kind": null,
        "tags": {
          "key1": "value1",
          "key2": "value2"
        },
        "properties": {
          "groupShortName": "sample",
          "enabled": true,
          "tags": null,
          "emailReceivers": [
            {
              "name": "John Doe\u0027s email",
              "emailAddress": "johndoe@eamil.com",
              "status": "Enabled",
              "useCommonAlertSchema": false
            }
          ],
          "smsReceivers": [
            {
              "name": "John Doe\u0027s mobile",
              "countryCode": "1",
              "phoneNumber": "1234567890",
              "status": "Enabled"
            }
          ],
          "webhookReceivers": [],
          "eventHubReceivers": [],
          "itsmReceivers": [],
          "azureAppPushReceivers": [],
          "automationRunbookReceivers": [],
          "voiceReceivers": [],
          "logicAppReceivers": [],
          "azureFunctionReceivers": [],
          "armRoleReceivers": []
        },
        "identity": null
      }
    },
    {
      "RequestUri": "https://management.azure.com/subscriptions/00000000-0000-0000-0000-000000000000/providers/Microsoft.Insights/actionGroups?api-version=2022-06-01",
      "RequestMethod": "GET",
      "RequestHeaders": {
        "Accept": "application/json",
        "Accept-Encoding": "gzip",
        "Authorization": "Sanitized",
        "User-Agent": "azsdk-go-armmonitor/v0.7.0 (go1.19; Windows_NT)"
      },
      "RequestBody": null,
      "StatusCode": 200,
      "ResponseHeaders": {
        "Cache-Control": "no-cache",
        "Content-Encoding": "gzip",
        "Content-Type": "application/json; charset=utf-8",
        "Date": "Wed, 14 Sep 2022 05:28:25 GMT",
        "Expires": "-1",
        "Pragma": "no-cache",
        "Server": "Microsoft-IIS/10.0",
        "Strict-Transport-Security": "max-age=31536000; includeSubDomains",
        "Transfer-Encoding": "chunked",
        "Vary": "Accept-Encoding",
        "X-Content-Type-Options": "nosniff",
        "x-ms-correlation-request-id": "00000000-0000-0000-0000-000000000000",
        "x-ms-ratelimit-remaining-subscription-resource-requests": "248",
        "x-ms-request-id": "00000000-0000-0000-0000-000000000000",
        "x-ms-routing-request-id": "SOUTHEASTASIA:20220914T052825Z:00000000-0000-0000-0000-000000000000"
      },
      "ResponseBody": {
        "value": [
          {
            "id": "/subscriptions/00000000-0000-0000-0000-000000000000/resourceGroups/czwTest/providers/microsoft.insights/actionGroups/Application Insights Smart Detection",
            "type": "Microsoft.Insights/ActionGroups",
            "name": "Application Insights Smart Detection",
            "location": "Global",
            "kind": null,
            "tags": null,
            "properties": {
              "groupShortName": "SmartDetect",
              "enabled": true,
              "tags": null,
              "emailReceivers": [],
              "smsReceivers": [],
              "webhookReceivers": [],
              "eventHubReceivers": [],
              "itsmReceivers": [],
              "azureAppPushReceivers": [],
              "automationRunbookReceivers": [],
              "voiceReceivers": [],
              "logicAppReceivers": [],
              "azureFunctionReceivers": [],
              "armRoleReceivers": [
                {
                  "name": "Monitoring Contributor",
                  "roleId": "00000000-0000-0000-0000-000000000000",
                  "useCommonAlertSchema": true
                },
                {
                  "name": "Monitoring Reader",
                  "roleId": "00000000-0000-0000-0000-000000000000",
                  "useCommonAlertSchema": true
                }
              ]
            },
            "identity": null
          },
          {
            "id": "/subscriptions/00000000-0000-0000-0000-000000000000/resourceGroups/go-sdk-test-rg/providers/microsoft.insights/actionGroups/actiongroupna5vwH4y",
            "type": "Microsoft.Insights/ActionGroups",
            "name": "actiongroupna5vwH4y",
            "location": "Global",
            "kind": null,
            "tags": {
              "key1": "value1",
              "key2": "value2"
            },
            "properties": {
              "groupShortName": "sample",
              "enabled": true,
              "tags": null,
              "emailReceivers": [
                {
                  "name": "John Doe\u0027s email",
                  "emailAddress": "johndoe@eamil.com",
                  "status": "Enabled",
                  "useCommonAlertSchema": false
                }
              ],
              "smsReceivers": [
                {
                  "name": "John Doe\u0027s mobile",
                  "countryCode": "1",
                  "phoneNumber": "1234567890",
                  "status": "Enabled"
                }
              ],
              "webhookReceivers": [],
              "eventHubReceivers": [],
              "itsmReceivers": [],
              "azureAppPushReceivers": [],
              "automationRunbookReceivers": [],
              "voiceReceivers": [],
              "logicAppReceivers": [],
              "azureFunctionReceivers": [],
              "armRoleReceivers": []
            },
            "identity": null
          }
        ]
      }
    },
    {
      "RequestUri": "https://management.azure.com/subscriptions/00000000-0000-0000-0000-000000000000/resourceGroups/go-sdk-test-rg/providers/Microsoft.Insights/actionGroups?api-version=2022-06-01",
      "RequestMethod": "GET",
      "RequestHeaders": {
        "Accept": "application/json",
        "Accept-Encoding": "gzip",
        "Authorization": "Sanitized",
        "User-Agent": "azsdk-go-armmonitor/v0.7.0 (go1.19; Windows_NT)"
      },
      "RequestBody": null,
      "StatusCode": 200,
      "ResponseHeaders": {
        "Cache-Control": "no-cache",
        "Content-Encoding": "gzip",
        "Content-Type": "application/json; charset=utf-8",
        "Date": "Wed, 14 Sep 2022 05:28:26 GMT",
        "Expires": "-1",
        "Pragma": "no-cache",
        "Server": "Microsoft-IIS/10.0",
        "Strict-Transport-Security": "max-age=31536000; includeSubDomains",
        "Transfer-Encoding": "chunked",
        "Vary": "Accept-Encoding",
        "X-Content-Type-Options": "nosniff",
        "x-ms-correlation-request-id": "00000000-0000-0000-0000-000000000000",
        "x-ms-ratelimit-remaining-subscription-resource-requests": "247",
        "x-ms-request-id": "00000000-0000-0000-0000-000000000000",
        "x-ms-routing-request-id": "SOUTHEASTASIA:20220914T052826Z:00000000-0000-0000-0000-000000000000"
      },
      "ResponseBody": {
        "value": [
          {
            "id": "/subscriptions/00000000-0000-0000-0000-000000000000/resourceGroups/go-sdk-test-rg/providers/microsoft.insights/actionGroups/actiongroupna5vwH4y",
            "type": "Microsoft.Insights/ActionGroups",
            "name": "actiongroupna5vwH4y",
            "location": "Global",
            "kind": null,
            "tags": {
              "key1": "value1",
              "key2": "value2"
            },
            "properties": {
              "groupShortName": "sample",
              "enabled": true,
              "tags": null,
              "emailReceivers": [
                {
                  "name": "John Doe\u0027s email",
                  "emailAddress": "johndoe@eamil.com",
                  "status": "Enabled",
                  "useCommonAlertSchema": false
                }
              ],
              "smsReceivers": [
                {
                  "name": "John Doe\u0027s mobile",
                  "countryCode": "1",
                  "phoneNumber": "1234567890",
                  "status": "Enabled"
                }
              ],
              "webhookReceivers": [],
              "eventHubReceivers": [],
              "itsmReceivers": [],
              "azureAppPushReceivers": [],
              "automationRunbookReceivers": [],
              "voiceReceivers": [],
              "logicAppReceivers": [],
              "azureFunctionReceivers": [],
              "armRoleReceivers": []
            },
            "identity": null
          }
        ]
      }
    },
    {
      "RequestUri": "https://management.azure.com/subscriptions/00000000-0000-0000-0000-000000000000/resourceGroups/go-sdk-test-rg/providers/Microsoft.Insights/actionGroups/actiongroupna5vwH4y?api-version=2022-06-01",
      "RequestMethod": "DELETE",
      "RequestHeaders": {
        "Accept": "application/json",
        "Accept-Encoding": "gzip",
        "Authorization": "Sanitized",
        "User-Agent": "azsdk-go-armmonitor/v0.7.0 (go1.19; Windows_NT)"
      },
      "RequestBody": null,
      "StatusCode": 200,
      "ResponseHeaders": {
        "Cache-Control": "no-cache",
        "Content-Length": "0",
        "Date": "Wed, 14 Sep 2022 05:28:29 GMT",
        "Expires": "-1",
        "Pragma": "no-cache",
        "Server": "Microsoft-IIS/10.0",
        "Strict-Transport-Security": "max-age=31536000; includeSubDomains",
        "X-Content-Type-Options": "nosniff",
        "x-ms-correlation-request-id": "00000000-0000-0000-0000-000000000000",
        "x-ms-ratelimit-remaining-subscription-deletes": "14999",
        "x-ms-request-id": "00000000-0000-0000-0000-000000000000",
        "x-ms-routing-request-id": "SOUTHEASTASIA:20220914T052829Z:00000000-0000-0000-0000-000000000000"
      },
      "ResponseBody": null
    },
    {
      "RequestUri": "https://management.azure.com/subscriptions/00000000-0000-0000-0000-000000000000/resourcegroups/go-sdk-test-rg?api-version=2021-04-01",
      "RequestMethod": "DELETE",
      "RequestHeaders": {
        "Accept": "application/json",
        "Accept-Encoding": "gzip",
        "Authorization": "Sanitized",
        "User-Agent": "azsdk-go-armresources/v1.0.0 (go1.19; Windows_NT)"
      },
      "RequestBody": null,
      "StatusCode": 202,
      "ResponseHeaders": {
        "Cache-Control": "no-cache",
        "Content-Length": "0",
        "Date": "Wed, 14 Sep 2022 05:28:30 GMT",
        "Expires": "-1",
        "Location": "https://management.azure.com/subscriptions/00000000-0000-0000-0000-000000000000/operationresults/eyJqb2JJZCI6IlJFU09VUkNFR1JPVVBERUxFVElPTkpPQi1HTzoyRFNESzoyRFRFU1Q6MkQ2OTItRUFTVFVTIiwiam9iTG9jYXRpb24iOiJlYXN0dXMifQ?api-version=2021-04-01",
        "Pragma": "no-cache",
        "Retry-After": "15",
        "Strict-Transport-Security": "max-age=31536000; includeSubDomains",
        "X-Content-Type-Options": "nosniff",
        "x-ms-correlation-request-id": "00000000-0000-0000-0000-000000000000",
        "x-ms-ratelimit-remaining-subscription-deletes": "14998",
        "x-ms-request-id": "00000000-0000-0000-0000-000000000000",
        "x-ms-routing-request-id": "SOUTHEASTASIA:20220914T052831Z:00000000-0000-0000-0000-000000000000"
      },
      "ResponseBody": null
    }
  ],
  "Variables": {
    "recordingRandomSeed": "1663133294"
  }
}
