{
  "Entries": [
    {
      "RequestUri": "https://management.azure.com/subscriptions/00000000-0000-0000-0000-000000000000/resourcegroups/go-sdk-test-rg?api-version=2021-04-01",
      "RequestMethod": "PUT",
      "RequestHeaders": {
        "Accept": "application/json",
        "Accept-Encoding": "gzip",
        "Authorization": "Sanitized",
        "Content-Length": "21",
        "Content-Type": "application/json",
        "User-Agent": "azsdk-go-armresources/v1.0.0 (go1.19; Windows_NT)"
      },
      "RequestBody": {
        "location": "eastus"
      },
      "StatusCode": 201,
      "ResponseHeaders": {
        "Cache-Control": "no-cache",
        "Content-Length": "225",
        "Content-Type": "application/json; charset=utf-8",
        "Date": "Wed, 14 Sep 2022 07:57:33 GMT",
        "Expires": "-1",
        "Pragma": "no-cache",
        "Strict-Transport-Security": "max-age=31536000; includeSubDomains",
        "X-Content-Type-Options": "nosniff",
        "x-ms-correlation-request-id": "00000000-0000-0000-0000-000000000000",
        "x-ms-ratelimit-remaining-subscription-writes": "1198",
        "x-ms-request-id": "00000000-0000-0000-0000-000000000000",
        "x-ms-routing-request-id": "SOUTHEASTASIA:20220914T075733Z:00000000-0000-0000-0000-000000000000"
      },
      "ResponseBody": {
        "id": "/subscriptions/00000000-0000-0000-0000-000000000000/resourceGroups/go-sdk-test-rg",
        "name": "go-sdk-test-rg",
        "type": "Microsoft.Resources/resourceGroups",
        "location": "eastus",
        "properties": {
          "provisioningState": "Succeeded"
        }
      }
    },
    {
      "RequestUri": "https://management.azure.com/subscriptions/00000000-0000-0000-0000-000000000000/resourceGroups/go-sdk-test-rg/providers/Microsoft.Insights/activityLogAlerts/activitylogalertnaMIm8a3?api-version=2020-10-01",
      "RequestMethod": "PUT",
      "RequestHeaders": {
        "Accept": "application/json",
        "Accept-Encoding": "gzip",
        "Authorization": "Sanitized",
        "Content-Length": "207",
        "Content-Type": "application/json",
        "User-Agent": "azsdk-go-armmonitor/v0.7.0 (go1.19; Windows_NT)"
      },
      "RequestBody": {
        "location": "Global",
        "properties": {
          "condition": {
            "allOf": [
              {
                "equals": "Administrative",
                "field": "category"
              },
              {
                "equals": "Error",
                "field": "level"
              }
            ]
          },
          "scopes": [
            "/subscriptions/00000000-0000-0000-0000-000000000000"
          ]
        }
      },
      "StatusCode": 201,
      "ResponseHeaders": {
        "api-supported-versions": "2017-03-01-preview, 2017-04-01, 2020-10-01",
        "Arr-Disable-Session-Affinity": "true",
        "Cache-Control": "no-cache",
        "Content-Length": "645",
        "Content-Type": "application/json; charset=utf-8",
        "Date": "Wed, 14 Sep 2022 07:57:37 GMT",
        "Expires": "-1",
        "Pragma": "no-cache",
        "Server": "Microsoft-IIS/10.0",
        "Strict-Transport-Security": "max-age=31536000; includeSubDomains",
        "X-AspNet-Version": "4.0.30319",
        "X-Content-Type-Options": "nosniff",
        "x-ms-correlation-request-id": "00000000-0000-0000-0000-000000000000",
        "x-ms-ratelimit-remaining-subscription-writes": "1197",
        "x-ms-request-id": [
          "00000000-0000-0000-0000-000000000000",
          "b1307b1b-7577-4fbe-8759-29c377ba961c"
        ],
        "x-ms-routing-request-id": "SOUTHEASTASIA:20220914T075737Z:00000000-0000-0000-0000-000000000000",
        "X-Powered-By": "ASP.NET"
      },
      "ResponseBody": {
        "id": "/subscriptions/00000000-0000-0000-0000-000000000000/resourceGroups/go-sdk-test-rg/providers/microsoft.insights/activityLogAlerts/activitylogalertnaMIm8a3",
        "name": "activitylogalertnaMIm8a3",
        "type": "Microsoft.Insights/ActivityLogAlerts",
        "location": "Global",
        "properties": {
          "scopes": [
            "/subscriptions/00000000-0000-0000-0000-000000000000"
          ],
          "condition": {
            "allOf": [
              {
                "field": "category",
                "equals": "Administrative"
              },
              {
                "field": "level",
                "equals": "Error"
              }
            ]
          },
          "enabled": false
        }
      }
    },
    {
      "RequestUri": "https://management.azure.com/subscriptions/00000000-0000-0000-0000-000000000000/providers/Microsoft.Insights/activityLogAlerts?api-version=2020-10-01",
      "RequestMethod": "GET",
      "RequestHeaders": {
        "Accept": "application/json",
        "Accept-Encoding": "gzip",
        "Authorization": "Sanitized",
        "User-Agent": "azsdk-go-armmonitor/v0.7.0 (go1.19; Windows_NT)"
      },
      "RequestBody": null,
      "StatusCode": 200,
      "ResponseHeaders": {
        "api-supported-versions": "2017-03-01-preview, 2017-04-01, 2020-10-01",
        "Arr-Disable-Session-Affinity": "true",
        "Cache-Control": "no-cache",
        "Content-Length": "2143",
        "Content-Type": "application/json; charset=utf-8",
        "Date": "Wed, 14 Sep 2022 07:57:37 GMT",
        "Expires": "-1",
        "Pragma": "no-cache",
        "Server": "Microsoft-IIS/10.0",
        "Strict-Transport-Security": "max-age=31536000; includeSubDomains",
        "Vary": "Accept-Encoding",
        "X-AspNet-Version": "4.0.30319",
        "X-Content-Type-Options": "nosniff",
        "x-ms-correlation-request-id": "00000000-0000-0000-0000-000000000000",
        "x-ms-ratelimit-remaining-subscription-reads": "11999",
        "x-ms-request-id": [
          "00000000-0000-0000-0000-000000000000",
          "c4b798be-47b6-4014-bf0a-1ef013611d24"
        ],
        "x-ms-routing-request-id": "SOUTHEASTASIA:20220914T075738Z:00000000-0000-0000-0000-000000000000",
        "X-Powered-By": "ASP.NET"
      },
      "ResponseBody": {
        "value": [
          {
            "id": "/subscriptions/00000000-0000-0000-0000-000000000000/resourceGroups/go-sdk-test-rg/providers/microsoft.insights/activityLogAlerts/activitylogalertnaMIm8a3",
            "name": "activitylogalertnaMIm8a3",
            "type": "Microsoft.Insights/ActivityLogAlerts",
            "location": "Global",
            "tags": {},
            "properties": {
              "scopes": [
                "/subscriptions/00000000-0000-0000-0000-000000000000"
              ],
              "condition": {
                "allOf": [
                  {
                    "field": "category",
                    "equals": "Administrative"
                  },
                  {
                    "field": "level",
                    "equals": "Error"
                  }
                ]
              },
              "enabled": false
            }
          },
          {
            "id": "/subscriptions/00000000-0000-0000-0000-000000000000/resourceGroups/myjstest/providers/microsoft.insights/activityLogAlerts/test",
            "name": "test",
            "type": "Microsoft.Insights/ActivityLogAlerts",
            "location": "Global",
            "tags": {},
            "properties": {
              "scopes": [
                "/subscriptions/00000000-0000-0000-0000-000000000000/resourceGroups/myjstest/providers/Microsoft.OperationalInsights/workspaces/czwlaw"
              ],
              "condition": {
                "allOf": [
                  {
                    "field": "category",
                    "equals": "Administrative"
                  },
                  {
                    "field": "operationName",
                    "equals": "Microsoft.OperationalInsights/workspaces/sharedKeys/action"
                  },
                  {
                    "field": "level",
                    "containsAny": [
                      "informational"
                    ]
                  },
                  {
                    "field": "status",
                    "containsAny": [
                      "succeeded"
                    ]
                  },
                  {
                    "field": "caller",
                    "equals": "v-ziweichen@microsoft.com"
                  }
                ]
              },
              "actions": {
                "actionGroups": []
              },
              "enabled": true,
              "description": ""
            }
          }
        ]
      }
    },
    {
      "RequestUri": "https://management.azure.com/subscriptions/00000000-0000-0000-0000-000000000000/resourceGroups/go-sdk-test-rg/providers/Microsoft.Insights/activityLogAlerts?api-version=2020-10-01",
      "RequestMethod": "GET",
      "RequestHeaders": {
        "Accept": "application/json",
        "Accept-Encoding": "gzip",
        "Authorization": "Sanitized",
        "User-Agent": "azsdk-go-armmonitor/v0.7.0 (go1.19; Windows_NT)"
      },
      "RequestBody": null,
      "StatusCode": 200,
      "ResponseHeaders": {
        "api-supported-versions": "2017-03-01-preview, 2017-04-01, 2020-10-01",
        "Arr-Disable-Session-Affinity": "true",
        "Cache-Control": "no-cache",
        "Content-Length": "785",
        "Content-Type": "application/json; charset=utf-8",
        "Date": "Wed, 14 Sep 2022 07:57:37 GMT",
        "Expires": "-1",
        "Pragma": "no-cache",
        "Server": "Microsoft-IIS/10.0",
        "Strict-Transport-Security": "max-age=31536000; includeSubDomains",
        "Vary": "Accept-Encoding",
        "X-AspNet-Version": "4.0.30319",
        "X-Content-Type-Options": "nosniff",
        "x-ms-correlation-request-id": "00000000-0000-0000-0000-000000000000",
        "x-ms-ratelimit-remaining-subscription-reads": "11998",
        "x-ms-request-id": [
          "00000000-0000-0000-0000-000000000000",
          "606ba504-15d0-479c-a43d-878413844788"
        ],
        "x-ms-routing-request-id": "SOUTHEASTASIA:20220914T075738Z:00000000-0000-0000-0000-000000000000",
        "X-Powered-By": "ASP.NET"
      },
      "ResponseBody": {
        "value": [
          {
            "id": "/subscriptions/00000000-0000-0000-0000-000000000000/resourceGroups/go-sdk-test-rg/providers/microsoft.insights/activityLogAlerts/activitylogalertnaMIm8a3",
            "name": "activitylogalertnaMIm8a3",
            "type": "Microsoft.Insights/ActivityLogAlerts",
            "location": "Global",
            "tags": {},
            "properties": {
              "scopes": [
                "/subscriptions/00000000-0000-0000-0000-000000000000"
              ],
              "condition": {
                "allOf": [
                  {
                    "field": "category",
                    "equals": "Administrative"
                  },
                  {
                    "field": "level",
                    "equals": "Error"
                  }
                ]
              },
              "enabled": false
            }
          }
        ]
      }
    },
    {
      "RequestUri": "https://management.azure.com/subscriptions/00000000-0000-0000-0000-000000000000/resourceGroups/go-sdk-test-rg/providers/Microsoft.Insights/activityLogAlerts/activitylogalertnaMIm8a3?api-version=2020-10-01",
      "RequestMethod": "GET",
      "RequestHeaders": {
        "Accept": "application/json",
        "Accept-Encoding": "gzip",
        "Authorization": "Sanitized",
        "User-Agent": "azsdk-go-armmonitor/v0.7.0 (go1.19; Windows_NT)"
      },
      "RequestBody": null,
      "StatusCode": 200,
      "ResponseHeaders": {
        "api-supported-versions": "2017-03-01-preview, 2017-04-01, 2020-10-01",
        "Arr-Disable-Session-Affinity": "true",
        "Cache-Control": "no-cache",
        "Content-Length": "660",
        "Content-Type": "application/json; charset=utf-8",
        "Date": "Wed, 14 Sep 2022 07:57:38 GMT",
        "Expires": "-1",
        "Pragma": "no-cache",
        "Server": "Microsoft-IIS/10.0",
        "Strict-Transport-Security": "max-age=31536000; includeSubDomains",
        "Vary": "Accept-Encoding",
        "X-AspNet-Version": "4.0.30319",
        "X-Content-Type-Options": "nosniff",
        "x-ms-correlation-request-id": "00000000-0000-0000-0000-000000000000",
        "x-ms-ratelimit-remaining-subscription-reads": "11997",
        "x-ms-request-id": [
          "00000000-0000-0000-0000-000000000000",
          "589603ca-23b6-4163-8b5b-e55a1126fd48"
        ],
        "x-ms-routing-request-id": "SOUTHEASTASIA:20220914T075738Z:00000000-0000-0000-0000-000000000000",
        "X-Powered-By": "ASP.NET"
      },
      "ResponseBody": {
        "id": "/subscriptions/00000000-0000-0000-0000-000000000000/resourceGroups/go-sdk-test-rg/providers/microsoft.insights/activityLogAlerts/activitylogalertnaMIm8a3",
        "name": "activitylogalertnaMIm8a3",
        "type": "Microsoft.Insights/ActivityLogAlerts",
        "location": "Global",
        "tags": {},
        "properties": {
          "scopes": [
            "/subscriptions/00000000-0000-0000-0000-000000000000"
          ],
          "condition": {
            "allOf": [
              {
                "field": "category",
                "equals": "Administrative"
              },
              {
                "field": "level",
                "equals": "Error"
              }
            ]
          },
          "enabled": false
        }
      }
    },
    {
      "RequestUri": "https://management.azure.com/subscriptions/00000000-0000-0000-0000-000000000000/resourceGroups/go-sdk-test-rg/providers/Microsoft.Insights/activityLogAlerts/activitylogalertnaMIm8a3?api-version=2020-10-01",
      "RequestMethod": "PATCH",
      "RequestHeaders": {
        "Accept": "application/json",
        "Accept-Encoding": "gzip",
        "Authorization": "Sanitized",
        "Content-Length": "73",
        "Content-Type": "application/json",
        "User-Agent": "azsdk-go-armmonitor/v0.7.0 (go1.19; Windows_NT)"
      },
      "RequestBody": {
        "properties": {
          "enabled": false
        },
        "tags": {
          "key1": "value1",
          "key2": "value2"
        }
      },
      "StatusCode": 200,
      "ResponseHeaders": {
        "api-supported-versions": "2017-03-01-preview, 2017-04-01, 2020-10-01",
        "Arr-Disable-Session-Affinity": "true",
        "Cache-Control": "no-cache",
        "Content-Length": "709",
        "Content-Type": "application/json; charset=utf-8",
        "Date": "Wed, 14 Sep 2022 07:57:40 GMT",
        "Expires": "-1",
        "Pragma": "no-cache",
        "Server": "Microsoft-IIS/10.0",
        "Strict-Transport-Security": "max-age=31536000; includeSubDomains",
        "Vary": "Accept-Encoding",
        "X-AspNet-Version": "4.0.30319",
        "X-Content-Type-Options": "nosniff",
        "x-ms-correlation-request-id": "00000000-0000-0000-0000-000000000000",
        "x-ms-ratelimit-remaining-subscription-writes": "1196",
        "x-ms-request-id": [
          "00000000-0000-0000-0000-000000000000",
          "620d6422-5db2-4554-ba97-93177d5f432f"
        ],
        "x-ms-routing-request-id": "SOUTHEASTASIA:20220914T075740Z:00000000-0000-0000-0000-000000000000",
        "X-Powered-By": "ASP.NET"
      },
      "ResponseBody": {
        "id": "/subscriptions/00000000-0000-0000-0000-000000000000/resourceGroups/go-sdk-test-rg/providers/microsoft.insights/activityLogAlerts/activitylogalertnaMIm8a3",
        "name": "activitylogalertnaMIm8a3",
        "type": "Microsoft.Insights/ActivityLogAlerts",
        "location": "Global",
        "tags": {
          "key1": "value1",
          "key2": "value2"
        },
        "properties": {
          "scopes": [
            "/subscriptions/00000000-0000-0000-0000-000000000000"
          ],
          "condition": {
            "allOf": [
              {
                "field": "category",
                "equals": "Administrative"
              },
              {
                "field": "level",
                "equals": "Error"
              }
            ]
          },
          "enabled": false
        }
      }
    },
    {
      "RequestUri": "https://management.azure.com/subscriptions/00000000-0000-0000-0000-000000000000/resourceGroups/go-sdk-test-rg/providers/Microsoft.Insights/activityLogAlerts/activitylogalertnaMIm8a3?api-version=2020-10-01",
      "RequestMethod": "DELETE",
      "RequestHeaders": {
        "Accept": "application/json",
        "Accept-Encoding": "gzip",
        "Authorization": "Sanitized",
        "User-Agent": "azsdk-go-armmonitor/v0.7.0 (go1.19; Windows_NT)"
      },
      "RequestBody": null,
      "StatusCode": 200,
      "ResponseHeaders": {
        "api-supported-versions": "2017-03-01-preview, 2017-04-01, 2020-10-01",
        "Arr-Disable-Session-Affinity": "true",
        "Cache-Control": "no-cache",
        "Content-Length": "0",
        "Date": "Wed, 14 Sep 2022 07:57:44 GMT",
        "Expires": "-1",
        "Pragma": "no-cache",
        "Server": "Microsoft-IIS/10.0",
        "Strict-Transport-Security": "max-age=31536000; includeSubDomains",
        "X-AspNet-Version": "4.0.30319",
        "X-Content-Type-Options": "nosniff",
        "x-ms-correlation-request-id": "00000000-0000-0000-0000-000000000000",
        "x-ms-ratelimit-remaining-subscription-deletes": "14997",
        "x-ms-request-id": [
          "00000000-0000-0000-0000-000000000000",
          "a2317f27-1263-4303-bdc8-6463db5f6e27"
        ],
        "x-ms-routing-request-id": "SOUTHEASTASIA:20220914T075744Z:00000000-0000-0000-0000-000000000000",
        "X-Powered-By": "ASP.NET"
      },
      "ResponseBody": null
    },
    {
      "RequestUri": "https://management.azure.com/subscriptions/00000000-0000-0000-0000-000000000000/resourcegroups/go-sdk-test-rg?api-version=2021-04-01",
      "RequestMethod": "DELETE",
      "RequestHeaders": {
        "Accept": "application/json",
        "Accept-Encoding": "gzip",
        "Authorization": "Sanitized",
        "User-Agent": "azsdk-go-armresources/v1.0.0 (go1.19; Windows_NT)"
      },
      "RequestBody": null,
      "StatusCode": 202,
      "ResponseHeaders": {
        "Cache-Control": "no-cache",
        "Content-Length": "0",
        "Date": "Wed, 14 Sep 2022 07:57:45 GMT",
        "Expires": "-1",
        "Location": "https://management.azure.com/subscriptions/00000000-0000-0000-0000-000000000000/operationresults/eyJqb2JJZCI6IlJFU09VUkNFR1JPVVBERUxFVElPTkpPQi1HTzoyRFNESzoyRFRFU1Q6MkQyODItRUFTVFVTIiwiam9iTG9jYXRpb24iOiJlYXN0dXMifQ?api-version=2021-04-01",
        "Pragma": "no-cache",
        "Retry-After": "15",
        "Strict-Transport-Security": "max-age=31536000; includeSubDomains",
        "X-Content-Type-Options": "nosniff",
        "x-ms-correlation-request-id": "00000000-0000-0000-0000-000000000000",
        "x-ms-ratelimit-remaining-subscription-deletes": "14996",
        "x-ms-request-id": "00000000-0000-0000-0000-000000000000",
        "x-ms-routing-request-id": "SOUTHEASTASIA:20220914T075746Z:00000000-0000-0000-0000-000000000000"
      },
      "ResponseBody": null
    }
  ],
  "Variables": {
    "recordingRandomSeed": "1663142233"
  }
}
