{
  "Entries": [
    {
      "RequestUri": "https://management.azure.com/subscriptions/00000000-0000-0000-0000-000000000000/resourcegroups/rg1775748964?api-version=2021-04-01",
      "RequestMethod": "PUT",
      "RequestHeaders": {
        ":authority": "localhost:5001",
        ":method": "PUT",
        ":path": "/subscriptions/00000000-0000-0000-0000-000000000000/resourcegroups/rg1775748964?api-version=2021-04-01",
        ":scheme": "https",
        "Accept": "application/json",
        "Accept-Encoding": "gzip",
        "Authorization": "Sanitized",
        "Content-Length": "21",
        "Content-Type": "application/json",
        "User-Agent": "azsdk-go-armresources/v0.3.0 azsdk-go-azcore/v0.21.0 (go1.17; Windows_NT)"
      },
      "RequestBody": {
        "location": "westus"
      },
      "StatusCode": 201,
      "ResponseHeaders": {
        "Cache-Control": "no-cache",
        "Content-Length": "221",
        "Content-Type": "application/json; charset=utf-8",
        "Date": "Mon, 14 Feb 2022 08:11:55 GMT",
        "Expires": "-1",
        "Pragma": "no-cache",
        "Strict-Transport-Security": "max-age=31536000; includeSubDomains",
        "X-Content-Type-Options": "nosniff",
        "x-ms-correlation-request-id": "df1c1157-82ec-4cde-bebd-16754606d9a7",
        "x-ms-ratelimit-remaining-subscription-writes": "1178",
        "x-ms-request-id": "df1c1157-82ec-4cde-bebd-16754606d9a7",
        "x-ms-routing-request-id": "SOUTHEASTASIA:20220214T081156Z:df1c1157-82ec-4cde-bebd-16754606d9a7"
      },
      "ResponseBody": {
        "id": "/subscriptions/00000000-0000-0000-0000-000000000000/resourceGroups/rg1775748964",
        "name": "rg1775748964",
        "type": "Microsoft.Resources/resourceGroups",
        "location": "westus",
        "properties": {
          "provisioningState": "Succeeded"
        }
      }
    },
    {
      "RequestUri": "https://management.azure.com/subscriptions/00000000-0000-0000-0000-000000000000/resourceGroups/rg1775748964/providers/Microsoft.Resources/templateSpecs/ts1775748964?api-version=2021-05-01",
      "RequestMethod": "PUT",
      "RequestHeaders": {
        ":authority": "localhost:5001",
        ":method": "PUT",
        ":path": "/subscriptions/00000000-0000-0000-0000-000000000000/resourceGroups/rg1775748964/providers/Microsoft.Resources/templateSpecs/ts1775748964?api-version=2021-05-01",
        ":scheme": "https",
        "Accept": "application/json",
        "Accept-Encoding": "gzip",
        "Authorization": "Sanitized",
        "Content-Length": "90",
        "Content-Type": "application/json",
        "User-Agent": "azsdk-go-armtemplatespecs/v0.2.0 azsdk-go-azcore/v0.21.0 (go1.17; Windows_NT)"
      },
      "RequestBody": {
        "location": "westus",
        "properties": {
          "description": "template spec properties description."
        }
      },
      "StatusCode": 201,
      "ResponseHeaders": {
        "Cache-Control": "no-cache",
        "Content-Length": "666",
        "Content-Type": "application/json; charset=utf-8",
        "Date": "Mon, 14 Feb 2022 08:11:58 GMT",
        "Expires": "-1",
        "Pragma": "no-cache",
        "Server": "Microsoft-HTTPAPI/2.0",
        "Strict-Transport-Security": "max-age=31536000; includeSubDomains",
        "X-Content-Type-Options": "nosniff",
        "x-ms-correlation-request-id": "64e12d61-b3a2-4e2a-a664-2f6d1d11e974",
        "x-ms-ratelimit-remaining-subscription-writes": "1177",
        "x-ms-request-id": "c2eb2dfe-6e12-4319-a3d1-10793ab5f563",
        "x-ms-routing-request-id": "SOUTHEASTASIA:20220214T081158Z:64e12d61-b3a2-4e2a-a664-2f6d1d11e974"
      },
      "ResponseBody": [
        "{\r\n",
        "  \u0022location\u0022: \u0022westus\u0022,\r\n",
        "  \u0022properties\u0022: {\r\n",
        "    \u0022description\u0022: \u0022template spec properties description.\u0022\r\n",
        "  },\r\n",
        "  \u0022systemData\u0022: {\r\n",
        "    \u0022createdBy\u0022: \u0022a1fc368b-7f40-4802-8fa1-260d3a6ec34b\u0022,\r\n",
        "    \u0022createdByType\u0022: \u0022Application\u0022,\r\n",
        "    \u0022createdAt\u0022: \u00222022-02-14T08:11:57.4749072Z\u0022,\r\n",
        "    \u0022lastModifiedBy\u0022: \u0022a1fc368b-7f40-4802-8fa1-260d3a6ec34b\u0022,\r\n",
        "    \u0022lastModifiedByType\u0022: \u0022Application\u0022,\r\n",
        "    \u0022lastModifiedAt\u0022: \u00222022-02-14T08:11:57.4749072Z\u0022\r\n",
        "  },\r\n",
        "  \u0022id\u0022: \u0022/subscriptions/00000000-0000-0000-0000-000000000000/resourceGroups/rg1775748964/providers/Microsoft.Resources/templateSpecs/ts1775748964\u0022,\r\n",
        "  \u0022type\u0022: \u0022Microsoft.Resources/templateSpecs\u0022,\r\n",
        "  \u0022name\u0022: \u0022ts1775748964\u0022\r\n",
        "}"
      ]
    },
    {
      "RequestUri": "https://management.azure.com/subscriptions/00000000-0000-0000-0000-000000000000/resourceGroups/rg1775748964/providers/Microsoft.Resources/templateSpecs/ts1775748964/versions/version1775748964?api-version=2021-05-01",
      "RequestMethod": "PUT",
      "RequestHeaders": {
        ":authority": "localhost:5001",
        ":method": "PUT",
        ":path": "/subscriptions/00000000-0000-0000-0000-000000000000/resourceGroups/rg1775748964/providers/Microsoft.Resources/templateSpecs/ts1775748964/versions/version1775748964?api-version=2021-05-01",
        ":scheme": "https",
        "Accept": "application/json",
        "Accept-Encoding": "gzip",
        "Authorization": "Sanitized",
        "Content-Length": "243",
        "Content-Type": "application/json",
        "User-Agent": "azsdk-go-armtemplatespecs/v0.2.0 azsdk-go-azcore/v0.21.0 (go1.17; Windows_NT)"
      },
      "RequestBody": "{\u0022location\u0022:\u0022westus\u0022,\u0022properties\u0022:{\u0022description\u0022:\u0022\\u003cdescription\\u003e\u0022,\u0022mainTemplate\u0022:{\u0022$schema\u0022:\u0022https://schema.management.azure.com/schemas/2015-01-01/deploymentTemplate.json#\u0022,\u0022contentVersion\u0022:\u00221.0.0.0\u0022,\u0022parameters\u0022:{},\u0022resources\u0022:[]}}}",
      "StatusCode": 201,
      "ResponseHeaders": {
        "Cache-Control": "no-cache",
        "Content-Length": "899",
        "Content-Type": "application/json; charset=utf-8",
        "Date": "Mon, 14 Feb 2022 08:12:01 GMT",
        "Expires": "-1",
        "Pragma": "no-cache",
        "Server": "Microsoft-HTTPAPI/2.0",
        "Strict-Transport-Security": "max-age=31536000; includeSubDomains",
        "X-Content-Type-Options": "nosniff",
        "x-ms-correlation-request-id": "620159ec-9014-400b-b298-80f94f261117",
        "x-ms-ratelimit-remaining-subscription-writes": "1176",
        "x-ms-request-id": "e463e3c0-a87f-4a05-a2e9-108d3d3ef24f",
        "x-ms-routing-request-id": "SOUTHEASTASIA:20220214T081201Z:620159ec-9014-400b-b298-80f94f261117"
      },
      "ResponseBody": [
        "{\r\n",
        "  \u0022location\u0022: \u0022westus\u0022,\r\n",
        "  \u0022properties\u0022: {\r\n",
        "    \u0022description\u0022: \u0022\u003Cdescription\u003E\u0022,\r\n",
        "    \u0022mainTemplate\u0022: {\r\n",
        "      \u0022$schema\u0022: \u0022https://schema.management.azure.com/schemas/2015-01-01/deploymentTemplate.json#\u0022,\r\n",
        "      \u0022contentVersion\u0022: \u00221.0.0.0\u0022,\r\n",
        "      \u0022parameters\u0022: {},\r\n",
        "      \u0022resources\u0022: []\r\n",
        "    }\r\n",
        "  },\r\n",
        "  \u0022systemData\u0022: {\r\n",
        "    \u0022createdBy\u0022: \u0022a1fc368b-7f40-4802-8fa1-260d3a6ec34b\u0022,\r\n",
        "    \u0022createdByType\u0022: \u0022Application\u0022,\r\n",
        "    \u0022createdAt\u0022: \u00222022-02-14T08:12:00.1098928Z\u0022,\r\n",
        "    \u0022lastModifiedBy\u0022: \u0022a1fc368b-7f40-4802-8fa1-260d3a6ec34b\u0022,\r\n",
        "    \u0022lastModifiedByType\u0022: \u0022Application\u0022,\r\n",
        "    \u0022lastModifiedAt\u0022: \u00222022-02-14T08:12:00.1098928Z\u0022\r\n",
        "  },\r\n",
        "  \u0022id\u0022: \u0022/subscriptions/00000000-0000-0000-0000-000000000000/resourceGroups/rg1775748964/providers/Microsoft.Resources/templateSpecs/ts1775748964/versions/version1775748964\u0022,\r\n",
        "  \u0022type\u0022: \u0022Microsoft.Resources/templateSpecs/versions\u0022,\r\n",
        "  \u0022name\u0022: \u0022version1775748964\u0022\r\n",
        "}"
      ]
    },
    {
      "RequestUri": "https://management.azure.com/subscriptions/00000000-0000-0000-0000-000000000000/resourceGroups/rg1775748964/providers/Microsoft.Resources/templateSpecs/ts1775748964/versions/version1775748964?api-version=2021-05-01",
      "RequestMethod": "DELETE",
      "RequestHeaders": {
        ":authority": "localhost:5001",
        ":method": "DELETE",
        ":path": "/subscriptions/00000000-0000-0000-0000-000000000000/resourceGroups/rg1775748964/providers/Microsoft.Resources/templateSpecs/ts1775748964/versions/version1775748964?api-version=2021-05-01",
        ":scheme": "https",
        "Accept": "application/json",
        "Accept-Encoding": "gzip",
        "Authorization": "Sanitized",
        "User-Agent": "azsdk-go-armtemplatespecs/v0.2.0 azsdk-go-azcore/v0.21.0 (go1.17; Windows_NT)"
      },
      "RequestBody": null,
      "StatusCode": 200,
      "ResponseHeaders": {
        "Cache-Control": "no-cache",
        "Content-Length": "0",
        "Date": "Mon, 14 Feb 2022 08:12:03 GMT",
        "Expires": "-1",
        "Pragma": "no-cache",
        "Server": "Microsoft-HTTPAPI/2.0",
        "Strict-Transport-Security": "max-age=31536000; includeSubDomains",
        "X-Content-Type-Options": "nosniff",
        "x-ms-correlation-request-id": "cf3e59e9-aa14-4afa-b416-75a29b5fcbe6",
        "x-ms-ratelimit-remaining-subscription-deletes": "14989",
        "x-ms-request-id": "6f7c1563-10f7-4e1d-a32a-eae526e6c5a3",
        "x-ms-routing-request-id": "SOUTHEASTASIA:20220214T081203Z:cf3e59e9-aa14-4afa-b416-75a29b5fcbe6"
      },
      "ResponseBody": null
    },
    {
      "RequestUri": "https://management.azure.com/subscriptions/00000000-0000-0000-0000-000000000000/resourcegroups/rg1775748964?api-version=2021-04-01",
      "RequestMethod": "DELETE",
      "RequestHeaders": {
        ":authority": "localhost:5001",
        ":method": "DELETE",
        ":path": "/subscriptions/00000000-0000-0000-0000-000000000000/resourcegroups/rg1775748964?api-version=2021-04-01",
        ":scheme": "https",
        "Accept": "application/json",
        "Accept-Encoding": "gzip",
        "Authorization": "Sanitized",
        "User-Agent": "azsdk-go-armresources/v0.3.0 azsdk-go-azcore/v0.21.0 (go1.17; Windows_NT)"
      },
      "RequestBody": null,
      "StatusCode": 202,
      "ResponseHeaders": {
        "Cache-Control": "no-cache",
        "Content-Length": "0",
        "Date": "Mon, 14 Feb 2022 08:12:04 GMT",
        "Expires": "-1",
        "Location": "https://management.azure.com/subscriptions/00000000-0000-0000-0000-000000000000/operationresults/eyJqb2JJZCI6IlJFU09VUkNFR1JPVVBERUxFVElPTkpPQi1SRzE3NzU3NDg5NjQtV0VTVFVTIiwiam9iTG9jYXRpb24iOiJ3ZXN0dXMifQ?api-version=2021-04-01",
        "Pragma": "no-cache",
        "Retry-After": "15",
        "Strict-Transport-Security": "max-age=31536000; includeSubDomains",
        "X-Content-Type-Options": "nosniff",
        "x-ms-correlation-request-id": "f3e55220-1ba2-4372-bc3e-5eb962d328e7",
        "x-ms-ratelimit-remaining-subscription-deletes": "14988",
        "x-ms-request-id": "f3e55220-1ba2-4372-bc3e-5eb962d328e7",
        "x-ms-routing-request-id": "SOUTHEASTASIA:20220214T081204Z:f3e55220-1ba2-4372-bc3e-5eb962d328e7"
      },
      "ResponseBody": null
    }
  ],
  "Variables": {}
}
