{
  "Entries": [
    {
      "RequestUri": "https://management.azure.com/subscriptions/00000000-0000-0000-0000-000000000000/resourcegroups/testRG-create2201052649?api-version=2021-04-01",
      "RequestMethod": "PUT",
      "RequestHeaders": {
        ":authority": "localhost:5001",
        ":method": "PUT",
        ":path": "/subscriptions/00000000-0000-0000-0000-000000000000/resourcegroups/testRG-create2201052649?api-version=2021-04-01",
        ":scheme": "https",
        "Accept": "application/json",
        "Accept-Encoding": "gzip",
        "Authorization": "Sanitized",
        "Content-Length": "21",
        "Content-Type": "application/json",
        "User-Agent": "azsdk-go-armresources/v0.3.1 azsdk-go-azcore/v0.21.1 (go1.17; Windows_NT)"
      },
      "RequestBody": {
        "location": "westus"
      },
      "StatusCode": 201,
      "ResponseHeaders": {
        "Cache-Control": "no-cache",
        "Content-Length": "243",
        "Content-Type": "application/json; charset=utf-8",
        "Date": "Thu, 24 Feb 2022 03:04:02 GMT",
        "Expires": "-1",
        "Pragma": "no-cache",
        "Strict-Transport-Security": "max-age=31536000; includeSubDomains",
        "X-Content-Type-Options": "nosniff",
        "x-ms-correlation-request-id": "e0c69540-ba37-4a13-a4be-76d0d46cca25",
        "x-ms-ratelimit-remaining-subscription-writes": "1179",
        "x-ms-request-id": "e0c69540-ba37-4a13-a4be-76d0d46cca25",
        "x-ms-routing-request-id": "SOUTHEASTASIA:20220224T030403Z:e0c69540-ba37-4a13-a4be-76d0d46cca25"
      },
      "ResponseBody": {
        "id": "/subscriptions/00000000-0000-0000-0000-000000000000/resourceGroups/testRG-create2201052649",
        "name": "testRG-create2201052649",
        "type": "Microsoft.Resources/resourceGroups",
        "location": "westus",
        "properties": {
          "provisioningState": "Succeeded"
        }
      }
    },
    {
      "RequestUri": "https://management.azure.com/subscriptions/00000000-0000-0000-0000-000000000000/resourceGroups/testRG-create2201052649/providers/Microsoft.Resources/deployments/rs2201052649?api-version=2021-04-01",
      "RequestMethod": "PUT",
      "RequestHeaders": {
        ":authority": "localhost:5001",
        ":method": "PUT",
        ":path": "/subscriptions/00000000-0000-0000-0000-000000000000/resourceGroups/testRG-create2201052649/providers/Microsoft.Resources/deployments/rs2201052649?api-version=2021-04-01",
        ":scheme": "https",
        "Accept": "application/json",
        "Accept-Encoding": "gzip",
        "Authorization": "Sanitized",
        "Content-Length": "679",
        "Content-Type": "application/json",
        "User-Agent": "azsdk-go-armresources/v0.3.1 azsdk-go-azcore/v0.21.1 (go1.17; Windows_NT)"
      },
      "RequestBody": "{\u0022properties\u0022:{\u0022mode\u0022:\u0022Incremental\u0022,\u0022parameters\u0022:{\u0022location\u0022:{\u0022value\u0022:\u0022West US\u0022}},\u0022template\u0022:{\u0022$schema\u0022:\u0022https://schema.management.azure.com/schemas/2015-01-01/deploymentTemplate.json#\u0022,\u0022contentVersion\u0022:\u00221.0.0.0\u0022,\u0022outputs\u0022:{\u0022myparameter\u0022:{\u0022type\u0022:\u0022object\u0022,\u0022value\u0022:\u0022[reference(\u0027Microsoft.Compute/availabilitySets/availabilitySet1\u0027)]\u0022}},\u0022parameters\u0022:{\u0022location\u0022:{\u0022allowedValues\u0022:[\u0022East US\u0022,\u0022West US\u0022,\u0022West Europe\u0022,\u0022East Asia\u0022,\u0022South East Asia\u0022],\u0022metadata\u0022:{\u0022description\u0022:\u0022Location to deploy to\u0022},\u0022type\u0022:\u0022string\u0022}},\u0022resources\u0022:[{\u0022apiVersion\u0022:\u00222019-07-01\u0022,\u0022location\u0022:\u0022[parameters(\u0027location\u0027)]\u0022,\u0022name\u0022:\u0022availabilitySet1\u0022,\u0022properties\u0022:{},\u0022type\u0022:\u0022Microsoft.Compute/availabilitySets\u0022}]}}}",
      "StatusCode": 201,
      "ResponseHeaders": {
        "Azure-AsyncOperation": "https://management.azure.com/subscriptions/00000000-0000-0000-0000-000000000000/resourcegroups/testRG-create2201052649/providers/Microsoft.Resources/deployments/rs2201052649/operationStatuses/08585559350413936721?api-version=2021-04-01",
        "Cache-Control": "no-cache",
        "Content-Length": "650",
        "Content-Type": "application/json; charset=utf-8",
        "Date": "Thu, 24 Feb 2022 03:04:06 GMT",
        "Expires": "-1",
        "Pragma": "no-cache",
        "Strict-Transport-Security": "max-age=31536000; includeSubDomains",
        "X-Content-Type-Options": "nosniff",
        "x-ms-correlation-request-id": "50590a1a-e274-4ed9-938a-38d82a97a491",
        "x-ms-ratelimit-remaining-subscription-writes": "1178",
        "x-ms-request-id": "50590a1a-e274-4ed9-938a-38d82a97a491",
        "x-ms-routing-request-id": "SOUTHEASTASIA:20220224T030406Z:50590a1a-e274-4ed9-938a-38d82a97a491"
      },
      "ResponseBody": {
        "id": "/subscriptions/00000000-0000-0000-0000-000000000000/resourceGroups/testRG-create2201052649/providers/Microsoft.Resources/deployments/rs2201052649",
        "name": "rs2201052649",
        "type": "Microsoft.Resources/deployments",
        "properties": {
          "templateHash": "3315814388681758746",
          "parameters": {
            "location": {
              "type": "String",
              "value": "West US"
            }
          },
          "mode": "Incremental",
          "provisioningState": "Accepted",
          "timestamp": "2022-02-24T03:04:05.0880088Z",
          "duration": "PT0.0002458S",
          "correlationId": "50590a1a-e274-4ed9-938a-38d82a97a491",
          "providers": [
            {
              "namespace": "Microsoft.Compute",
              "resourceTypes": [
                {
                  "resourceType": "availabilitySets",
                  "locations": [
                    "westus"
                  ]
                }
              ]
            }
          ],
          "dependencies": []
        }
      }
    },
    {
      "RequestUri": "https://management.azure.com/subscriptions/00000000-0000-0000-0000-000000000000/resourcegroups/testRG-create2201052649/providers/Microsoft.Resources/deployments/rs2201052649/operationStatuses/08585559350413936721?api-version=2021-04-01",
      "RequestMethod": "GET",
      "RequestHeaders": {
        ":authority": "localhost:5001",
        ":method": "GET",
        ":path": "/subscriptions/00000000-0000-0000-0000-000000000000/resourcegroups/testRG-create2201052649/providers/Microsoft.Resources/deployments/rs2201052649/operationStatuses/08585559350413936721?api-version=2021-04-01",
        ":scheme": "https",
        "Accept-Encoding": "gzip",
        "Authorization": "Sanitized",
        "User-Agent": "azsdk-go-armresources/v0.3.1 azsdk-go-azcore/v0.21.1 (go1.17; Windows_NT)"
      },
      "RequestBody": null,
      "StatusCode": 200,
      "ResponseHeaders": {
        "Cache-Control": "no-cache",
        "Content-Encoding": "gzip",
        "Content-Length": "20",
        "Content-Type": "application/json; charset=utf-8",
        "Date": "Thu, 24 Feb 2022 03:04:06 GMT",
        "Expires": "-1",
        "Pragma": "no-cache",
        "Strict-Transport-Security": "max-age=31536000; includeSubDomains",
        "Vary": "Accept-Encoding",
        "X-Content-Type-Options": "nosniff",
        "x-ms-correlation-request-id": "f3496f37-cd2b-408e-9b9a-fbef7d248b59",
        "x-ms-ratelimit-remaining-subscription-reads": "11955",
        "x-ms-request-id": "f3496f37-cd2b-408e-9b9a-fbef7d248b59",
        "x-ms-routing-request-id": "SOUTHEASTASIA:20220224T030407Z:f3496f37-cd2b-408e-9b9a-fbef7d248b59"
      },
      "ResponseBody": {
        "status": "Running"
      }
    },
    {
      "RequestUri": "https://management.azure.com/subscriptions/00000000-0000-0000-0000-000000000000/resourcegroups/testRG-create2201052649/providers/Microsoft.Resources/deployments/rs2201052649/operationStatuses/08585559350413936721?api-version=2021-04-01",
      "RequestMethod": "GET",
      "RequestHeaders": {
        ":authority": "localhost:5001",
        ":method": "GET",
        ":path": "/subscriptions/00000000-0000-0000-0000-000000000000/resourcegroups/testRG-create2201052649/providers/Microsoft.Resources/deployments/rs2201052649/operationStatuses/08585559350413936721?api-version=2021-04-01",
        ":scheme": "https",
        "Accept-Encoding": "gzip",
        "Authorization": "Sanitized",
        "User-Agent": "azsdk-go-armresources/v0.3.1 azsdk-go-azcore/v0.21.1 (go1.17; Windows_NT)"
      },
      "RequestBody": null,
      "StatusCode": 200,
      "ResponseHeaders": {
        "Cache-Control": "no-cache",
        "Content-Encoding": "gzip",
        "Content-Length": "22",
        "Content-Type": "application/json; charset=utf-8",
        "Date": "Thu, 24 Feb 2022 03:04:17 GMT",
        "Expires": "-1",
        "Pragma": "no-cache",
        "Strict-Transport-Security": "max-age=31536000; includeSubDomains",
        "Vary": "Accept-Encoding",
        "X-Content-Type-Options": "nosniff",
        "x-ms-correlation-request-id": "3992795f-36de-42cb-81a0-97aaa65f1da6",
        "x-ms-ratelimit-remaining-subscription-reads": "11954",
        "x-ms-request-id": "3992795f-36de-42cb-81a0-97aaa65f1da6",
        "x-ms-routing-request-id": "SOUTHEASTASIA:20220224T030417Z:3992795f-36de-42cb-81a0-97aaa65f1da6"
      },
      "ResponseBody": {
        "status": "Succeeded"
      }
    },
    {
      "RequestUri": "https://management.azure.com/subscriptions/00000000-0000-0000-0000-000000000000/resourceGroups/testRG-create2201052649/providers/Microsoft.Resources/deployments/rs2201052649?api-version=2021-04-01",
      "RequestMethod": "GET",
      "RequestHeaders": {
        ":authority": "localhost:5001",
        ":method": "GET",
        ":path": "/subscriptions/00000000-0000-0000-0000-000000000000/resourceGroups/testRG-create2201052649/providers/Microsoft.Resources/deployments/rs2201052649?api-version=2021-04-01",
        ":scheme": "https",
        "Accept-Encoding": "gzip",
        "Authorization": "Sanitized",
        "User-Agent": "azsdk-go-armresources/v0.3.1 azsdk-go-azcore/v0.21.1 (go1.17; Windows_NT)"
      },
      "RequestBody": null,
      "StatusCode": 200,
      "ResponseHeaders": {
        "Cache-Control": "no-cache",
        "Content-Encoding": "gzip",
        "Content-Length": "947",
        "Content-Type": "application/json; charset=utf-8",
        "Date": "Thu, 24 Feb 2022 03:04:17 GMT",
        "Expires": "-1",
        "Pragma": "no-cache",
        "Strict-Transport-Security": "max-age=31536000; includeSubDomains",
        "Vary": "Accept-Encoding",
        "X-Content-Type-Options": "nosniff",
        "x-ms-correlation-request-id": "08b22e68-1b28-45b9-a1bd-eb0d0e6b5deb",
        "x-ms-ratelimit-remaining-subscription-reads": "11953",
        "x-ms-request-id": "08b22e68-1b28-45b9-a1bd-eb0d0e6b5deb",
        "x-ms-routing-request-id": "SOUTHEASTASIA:20220224T030418Z:08b22e68-1b28-45b9-a1bd-eb0d0e6b5deb"
      },
      "ResponseBody": {
        "id": "/subscriptions/00000000-0000-0000-0000-000000000000/resourceGroups/testRG-create2201052649/providers/Microsoft.Resources/deployments/rs2201052649",
        "name": "rs2201052649",
        "type": "Microsoft.Resources/deployments",
        "properties": {
          "templateHash": "3315814388681758746",
          "parameters": {
            "location": {
              "type": "String",
              "value": "West US"
            }
          },
          "mode": "Incremental",
          "provisioningState": "Succeeded",
          "timestamp": "2022-02-24T03:04:15.5476825Z",
          "duration": "PT10.4599195S",
          "correlationId": "50590a1a-e274-4ed9-938a-38d82a97a491",
          "providers": [
            {
              "namespace": "Microsoft.Compute",
              "resourceTypes": [
                {
                  "resourceType": "availabilitySets",
                  "locations": [
                    "westus"
                  ]
                }
              ]
            }
          ],
          "dependencies": [],
          "outputs": {
            "myparameter": {
              "type": "Object",
              "value": {
                "platformUpdateDomainCount": 5,
                "platformFaultDomainCount": 3
              }
            }
          },
          "outputResources": [
            {
              "id": "/subscriptions/00000000-0000-0000-0000-000000000000/resourceGroups/testRG-create2201052649/providers/Microsoft.Compute/availabilitySets/availabilitySet1"
            }
          ]
        }
      }
    },
    {
      "RequestUri": "https://management.azure.com/subscriptions/00000000-0000-0000-0000-000000000000/resourcegroups/testRG-create2201052649?api-version=2021-04-01",
      "RequestMethod": "DELETE",
      "RequestHeaders": {
        ":authority": "localhost:5001",
        ":method": "DELETE",
        ":path": "/subscriptions/00000000-0000-0000-0000-000000000000/resourcegroups/testRG-create2201052649?api-version=2021-04-01",
        ":scheme": "https",
        "Accept": "application/json",
        "Accept-Encoding": "gzip",
        "Authorization": "Sanitized",
        "User-Agent": "azsdk-go-armresources/v0.3.1 azsdk-go-azcore/v0.21.1 (go1.17; Windows_NT)"
      },
      "RequestBody": null,
      "StatusCode": 202,
      "ResponseHeaders": {
        "Cache-Control": "no-cache",
        "Content-Length": "0",
        "Date": "Thu, 24 Feb 2022 03:04:18 GMT",
        "Expires": "-1",
        "Location": "https://management.azure.com/subscriptions/00000000-0000-0000-0000-000000000000/operationresults/eyJqb2JJZCI6IlJFU09VUkNFR1JPVVBERUxFVElPTkpPQi1URVNUUkc6MkRDUkVBVEUyMjAxMDUyNjQ5LVdFU1RVUyIsImpvYkxvY2F0aW9uIjoid2VzdHVzIn0?api-version=2021-04-01",
        "Pragma": "no-cache",
        "Retry-After": "15",
        "Strict-Transport-Security": "max-age=31536000; includeSubDomains",
        "X-Content-Type-Options": "nosniff",
        "x-ms-correlation-request-id": "a72ef30d-d5c7-474c-8202-d59fd1cab429",
        "x-ms-ratelimit-remaining-subscription-deletes": "14987",
        "x-ms-request-id": "a72ef30d-d5c7-474c-8202-d59fd1cab429",
        "x-ms-routing-request-id": "SOUTHEASTASIA:20220224T030419Z:a72ef30d-d5c7-474c-8202-d59fd1cab429"
      },
      "ResponseBody": null
    }
  ],
  "Variables": {}
}
