{
  "Entries": [
    {
      "RequestUri": "https://management.azure.com/subscriptions/00000000-0000-0000-0000-000000000000/resourcegroups/testRG-delete2212019337?api-version=2021-04-01",
      "RequestMethod": "PUT",
      "RequestHeaders": {
        ":authority": "localhost:5001",
        ":method": "PUT",
        ":path": "/subscriptions/00000000-0000-0000-0000-000000000000/resourcegroups/testRG-delete2212019337?api-version=2021-04-01",
        ":scheme": "https",
        "Accept": "application/json",
        "Accept-Encoding": "gzip",
        "Authorization": "Sanitized",
        "Content-Length": "21",
        "Content-Type": "application/json",
        "User-Agent": "azsdk-go-armresources/v0.3.0 azsdk-go-azcore/v0.21.0 (go1.17; Windows_NT)"
      },
      "RequestBody": {
        "location": "westus"
      },
      "StatusCode": 201,
      "ResponseHeaders": {
        "Cache-Control": "no-cache",
        "Content-Length": "243",
        "Content-Type": "application/json; charset=utf-8",
        "Date": "Tue, 15 Feb 2022 03:36:44 GMT",
        "Expires": "-1",
        "Pragma": "no-cache",
        "Strict-Transport-Security": "max-age=31536000; includeSubDomains",
        "X-Content-Type-Options": "nosniff",
        "x-ms-correlation-request-id": "9e88ff29-61fd-4974-bb0a-a912d3388006",
        "x-ms-ratelimit-remaining-subscription-writes": "1181",
        "x-ms-request-id": "9e88ff29-61fd-4974-bb0a-a912d3388006",
        "x-ms-routing-request-id": "SOUTHEASTASIA:20220215T033645Z:9e88ff29-61fd-4974-bb0a-a912d3388006"
      },
      "ResponseBody": {
        "id": "/subscriptions/00000000-0000-0000-0000-000000000000/resourceGroups/testRG-delete2212019337",
        "name": "testRG-delete2212019337",
        "type": "Microsoft.Resources/resourceGroups",
        "location": "westus",
        "properties": {
          "provisioningState": "Succeeded"
        }
      }
    },
    {
      "RequestUri": "https://management.azure.com/subscriptions/00000000-0000-0000-0000-000000000000/resourcegroups/testRG-delete2212019337/providers/Microsoft.Resources/deployments/rs2212019337?api-version=2021-04-01",
      "RequestMethod": "PUT",
      "RequestHeaders": {
        ":authority": "localhost:5001",
        ":method": "PUT",
        ":path": "/subscriptions/00000000-0000-0000-0000-000000000000/resourcegroups/testRG-delete2212019337/providers/Microsoft.Resources/deployments/rs2212019337?api-version=2021-04-01",
        ":scheme": "https",
        "Accept": "application/json",
        "Accept-Encoding": "gzip",
        "Authorization": "Sanitized",
        "Content-Length": "679",
        "Content-Type": "application/json",
        "User-Agent": "azsdk-go-armresources/v0.3.0 azsdk-go-azcore/v0.21.0 (go1.17; Windows_NT)"
      },
      "RequestBody": "{\u0022properties\u0022:{\u0022mode\u0022:\u0022Incremental\u0022,\u0022parameters\u0022:{\u0022location\u0022:{\u0022value\u0022:\u0022West US\u0022}},\u0022template\u0022:{\u0022$schema\u0022:\u0022https://schema.management.azure.com/schemas/2015-01-01/deploymentTemplate.json#\u0022,\u0022contentVersion\u0022:\u00221.0.0.0\u0022,\u0022outputs\u0022:{\u0022myparameter\u0022:{\u0022type\u0022:\u0022object\u0022,\u0022value\u0022:\u0022[reference(\u0027Microsoft.Compute/availabilitySets/availabilitySet1\u0027)]\u0022}},\u0022parameters\u0022:{\u0022location\u0022:{\u0022allowedValues\u0022:[\u0022East US\u0022,\u0022West US\u0022,\u0022West Europe\u0022,\u0022East Asia\u0022,\u0022South East Asia\u0022],\u0022metadata\u0022:{\u0022description\u0022:\u0022Location to deploy to\u0022},\u0022type\u0022:\u0022string\u0022}},\u0022resources\u0022:[{\u0022apiVersion\u0022:\u00222019-07-01\u0022,\u0022location\u0022:\u0022[parameters(\u0027location\u0027)]\u0022,\u0022name\u0022:\u0022availabilitySet1\u0022,\u0022properties\u0022:{},\u0022type\u0022:\u0022Microsoft.Compute/availabilitySets\u0022}]}}}",
      "StatusCode": 201,
      "ResponseHeaders": {
        "Azure-AsyncOperation": "https://management.azure.com/subscriptions/00000000-0000-0000-0000-000000000000/resourcegroups/testRG-delete2212019337/providers/Microsoft.Resources/deployments/rs2212019337/operationStatuses/08585567106795527954?api-version=2021-04-01",
        "Cache-Control": "no-cache",
        "Content-Length": "650",
        "Content-Type": "application/json; charset=utf-8",
        "Date": "Tue, 15 Feb 2022 03:36:47 GMT",
        "Expires": "-1",
        "Pragma": "no-cache",
        "Strict-Transport-Security": "max-age=31536000; includeSubDomains",
        "X-Content-Type-Options": "nosniff",
        "x-ms-correlation-request-id": "019f7666-4212-45ab-bc58-11e4039dfb2d",
        "x-ms-ratelimit-remaining-subscription-writes": "1180",
        "x-ms-request-id": "019f7666-4212-45ab-bc58-11e4039dfb2d",
        "x-ms-routing-request-id": "SOUTHEASTASIA:20220215T033647Z:019f7666-4212-45ab-bc58-11e4039dfb2d"
      },
      "ResponseBody": {
        "id": "/subscriptions/00000000-0000-0000-0000-000000000000/resourceGroups/testRG-delete2212019337/providers/Microsoft.Resources/deployments/rs2212019337",
        "name": "rs2212019337",
        "type": "Microsoft.Resources/deployments",
        "properties": {
          "templateHash": "3315814388681758746",
          "parameters": {
            "location": {
              "type": "String",
              "value": "West US"
            }
          },
          "mode": "Incremental",
          "provisioningState": "Accepted",
          "timestamp": "2022-02-15T03:36:47.0901683Z",
          "duration": "PT0.0009217S",
          "correlationId": "019f7666-4212-45ab-bc58-11e4039dfb2d",
          "providers": [
            {
              "namespace": "Microsoft.Compute",
              "resourceTypes": [
                {
                  "resourceType": "availabilitySets",
                  "locations": [
                    "westus"
                  ]
                }
              ]
            }
          ],
          "dependencies": []
        }
      }
    },
    {
      "RequestUri": "https://management.azure.com/subscriptions/00000000-0000-0000-0000-000000000000/resourcegroups/testRG-delete2212019337/providers/Microsoft.Resources/deployments/rs2212019337/operationStatuses/08585567106795527954?api-version=2021-04-01",
      "RequestMethod": "GET",
      "RequestHeaders": {
        ":authority": "localhost:5001",
        ":method": "GET",
        ":path": "/subscriptions/00000000-0000-0000-0000-000000000000/resourcegroups/testRG-delete2212019337/providers/Microsoft.Resources/deployments/rs2212019337/operationStatuses/08585567106795527954?api-version=2021-04-01",
        ":scheme": "https",
        "Accept-Encoding": "gzip",
        "Authorization": "Sanitized",
        "User-Agent": "azsdk-go-armresources/v0.3.0 azsdk-go-azcore/v0.21.0 (go1.17; Windows_NT)"
      },
      "RequestBody": null,
      "StatusCode": 200,
      "ResponseHeaders": {
        "Cache-Control": "no-cache",
        "Content-Encoding": "gzip",
        "Content-Length": "20",
        "Content-Type": "application/json; charset=utf-8",
        "Date": "Tue, 15 Feb 2022 03:36:47 GMT",
        "Expires": "-1",
        "Pragma": "no-cache",
        "Strict-Transport-Security": "max-age=31536000; includeSubDomains",
        "Vary": "Accept-Encoding",
        "X-Content-Type-Options": "nosniff",
        "x-ms-correlation-request-id": "acd801a8-f4b7-428b-871c-a14690f204c2",
        "x-ms-ratelimit-remaining-subscription-reads": "11958",
        "x-ms-request-id": "acd801a8-f4b7-428b-871c-a14690f204c2",
        "x-ms-routing-request-id": "SOUTHEASTASIA:20220215T033648Z:acd801a8-f4b7-428b-871c-a14690f204c2"
      },
      "ResponseBody": {
        "status": "Running"
      }
    },
    {
      "RequestUri": "https://management.azure.com/subscriptions/00000000-0000-0000-0000-000000000000/resourcegroups/testRG-delete2212019337/providers/Microsoft.Resources/deployments/rs2212019337/operationStatuses/08585567106795527954?api-version=2021-04-01",
      "RequestMethod": "GET",
      "RequestHeaders": {
        ":authority": "localhost:5001",
        ":method": "GET",
        ":path": "/subscriptions/00000000-0000-0000-0000-000000000000/resourcegroups/testRG-delete2212019337/providers/Microsoft.Resources/deployments/rs2212019337/operationStatuses/08585567106795527954?api-version=2021-04-01",
        ":scheme": "https",
        "Accept-Encoding": "gzip",
        "Authorization": "Sanitized",
        "User-Agent": "azsdk-go-armresources/v0.3.0 azsdk-go-azcore/v0.21.0 (go1.17; Windows_NT)"
      },
      "RequestBody": null,
      "StatusCode": 200,
      "ResponseHeaders": {
        "Cache-Control": "no-cache",
        "Content-Encoding": "gzip",
        "Content-Length": "22",
        "Content-Type": "application/json; charset=utf-8",
        "Date": "Tue, 15 Feb 2022 03:36:58 GMT",
        "Expires": "-1",
        "Pragma": "no-cache",
        "Strict-Transport-Security": "max-age=31536000; includeSubDomains",
        "Vary": "Accept-Encoding",
        "X-Content-Type-Options": "nosniff",
        "x-ms-correlation-request-id": "ddd69901-a16d-4139-9ec2-a95bd04809f2",
        "x-ms-ratelimit-remaining-subscription-reads": "11957",
        "x-ms-request-id": "ddd69901-a16d-4139-9ec2-a95bd04809f2",
        "x-ms-routing-request-id": "SOUTHEASTASIA:20220215T033658Z:ddd69901-a16d-4139-9ec2-a95bd04809f2"
      },
      "ResponseBody": {
        "status": "Succeeded"
      }
    },
    {
      "RequestUri": "https://management.azure.com/subscriptions/00000000-0000-0000-0000-000000000000/resourcegroups/testRG-delete2212019337/providers/Microsoft.Resources/deployments/rs2212019337?api-version=2021-04-01",
      "RequestMethod": "GET",
      "RequestHeaders": {
        ":authority": "localhost:5001",
        ":method": "GET",
        ":path": "/subscriptions/00000000-0000-0000-0000-000000000000/resourcegroups/testRG-delete2212019337/providers/Microsoft.Resources/deployments/rs2212019337?api-version=2021-04-01",
        ":scheme": "https",
        "Accept-Encoding": "gzip",
        "Authorization": "Sanitized",
        "User-Agent": "azsdk-go-armresources/v0.3.0 azsdk-go-azcore/v0.21.0 (go1.17; Windows_NT)"
      },
      "RequestBody": null,
      "StatusCode": 200,
      "ResponseHeaders": {
        "Cache-Control": "no-cache",
        "Content-Encoding": "gzip",
        "Content-Length": "946",
        "Content-Type": "application/json; charset=utf-8",
        "Date": "Tue, 15 Feb 2022 03:36:58 GMT",
        "Expires": "-1",
        "Pragma": "no-cache",
        "Strict-Transport-Security": "max-age=31536000; includeSubDomains",
        "Vary": "Accept-Encoding",
        "X-Content-Type-Options": "nosniff",
        "x-ms-correlation-request-id": "28d65610-041a-4305-b8ab-6f4dd2629e8d",
        "x-ms-ratelimit-remaining-subscription-reads": "11956",
        "x-ms-request-id": "28d65610-041a-4305-b8ab-6f4dd2629e8d",
        "x-ms-routing-request-id": "SOUTHEASTASIA:20220215T033659Z:28d65610-041a-4305-b8ab-6f4dd2629e8d"
      },
      "ResponseBody": {
        "id": "/subscriptions/00000000-0000-0000-0000-000000000000/resourceGroups/testRG-delete2212019337/providers/Microsoft.Resources/deployments/rs2212019337",
        "name": "rs2212019337",
        "type": "Microsoft.Resources/deployments",
        "properties": {
          "templateHash": "3315814388681758746",
          "parameters": {
            "location": {
              "type": "String",
              "value": "West US"
            }
          },
          "mode": "Incremental",
          "provisioningState": "Succeeded",
          "timestamp": "2022-02-15T03:36:55.6464618Z",
          "duration": "PT8.5572152S",
          "correlationId": "019f7666-4212-45ab-bc58-11e4039dfb2d",
          "providers": [
            {
              "namespace": "Microsoft.Compute",
              "resourceTypes": [
                {
                  "resourceType": "availabilitySets",
                  "locations": [
                    "westus"
                  ]
                }
              ]
            }
          ],
          "dependencies": [],
          "outputs": {
            "myparameter": {
              "type": "Object",
              "value": {
                "platformUpdateDomainCount": 5,
                "platformFaultDomainCount": 3
              }
            }
          },
          "outputResources": [
            {
              "id": "/subscriptions/00000000-0000-0000-0000-000000000000/resourceGroups/testRG-delete2212019337/providers/Microsoft.Compute/availabilitySets/availabilitySet1"
            }
          ]
        }
      }
    },
    {
      "RequestUri": "https://management.azure.com/subscriptions/00000000-0000-0000-0000-000000000000/resourcegroups/testRG-delete2212019337/providers/Microsoft.Resources/deployments/rs2212019337?api-version=2021-04-01",
      "RequestMethod": "DELETE",
      "RequestHeaders": {
        ":authority": "localhost:5001",
        ":method": "DELETE",
        ":path": "/subscriptions/00000000-0000-0000-0000-000000000000/resourcegroups/testRG-delete2212019337/providers/Microsoft.Resources/deployments/rs2212019337?api-version=2021-04-01",
        ":scheme": "https",
        "Accept": "application/json",
        "Accept-Encoding": "gzip",
        "Authorization": "Sanitized",
        "User-Agent": "azsdk-go-armresources/v0.3.0 azsdk-go-azcore/v0.21.0 (go1.17; Windows_NT)"
      },
      "RequestBody": null,
      "StatusCode": 202,
      "ResponseHeaders": {
        "Cache-Control": "no-cache",
        "Content-Length": "0",
        "Date": "Tue, 15 Feb 2022 03:37:00 GMT",
        "Expires": "-1",
        "Location": "https://management.azure.com/subscriptions/00000000-0000-0000-0000-000000000000/operationresults/eyJqb2JJZCI6IkRlcGxveW1lbnREZWxldGlvbkpvYi1HTlMtVEVTVFJHOjJEREVMRVRFMjIxMjAxOTMzNy1SUzIyMTIwMTkzMzctIiwiam9iTG9jYXRpb24iOiJ3ZXN0dXMifQ?api-version=2021-04-01",
        "Pragma": "no-cache",
        "Retry-After": "15",
        "Strict-Transport-Security": "max-age=31536000; includeSubDomains",
        "X-Content-Type-Options": "nosniff",
        "x-ms-correlation-request-id": "ce140e56-fb05-46cd-b615-1c10105d598f",
        "x-ms-ratelimit-remaining-subscription-deletes": "14990",
        "x-ms-request-id": "ce140e56-fb05-46cd-b615-1c10105d598f",
        "x-ms-routing-request-id": "SOUTHEASTASIA:20220215T033701Z:ce140e56-fb05-46cd-b615-1c10105d598f"
      },
      "ResponseBody": null
    },
    {
      "RequestUri": "https://management.azure.com/subscriptions/00000000-0000-0000-0000-000000000000/operationresults/eyJqb2JJZCI6IkRlcGxveW1lbnREZWxldGlvbkpvYi1HTlMtVEVTVFJHOjJEREVMRVRFMjIxMjAxOTMzNy1SUzIyMTIwMTkzMzctIiwiam9iTG9jYXRpb24iOiJ3ZXN0dXMifQ?api-version=2021-04-01",
      "RequestMethod": "GET",
      "RequestHeaders": {
        ":authority": "localhost:5001",
        ":method": "GET",
        ":path": "/subscriptions/00000000-0000-0000-0000-000000000000/operationresults/eyJqb2JJZCI6IkRlcGxveW1lbnREZWxldGlvbkpvYi1HTlMtVEVTVFJHOjJEREVMRVRFMjIxMjAxOTMzNy1SUzIyMTIwMTkzMzctIiwiam9iTG9jYXRpb24iOiJ3ZXN0dXMifQ?api-version=2021-04-01",
        ":scheme": "https",
        "Accept-Encoding": "gzip",
        "Authorization": "Sanitized",
        "User-Agent": "azsdk-go-armresources/v0.3.0 azsdk-go-azcore/v0.21.0 (go1.17; Windows_NT)"
      },
      "RequestBody": null,
      "StatusCode": 204,
      "ResponseHeaders": {
        "Cache-Control": "no-cache",
        "Date": "Tue, 15 Feb 2022 03:37:15 GMT",
        "Expires": "-1",
        "Pragma": "no-cache",
        "Strict-Transport-Security": "max-age=31536000; includeSubDomains",
        "X-Content-Type-Options": "nosniff",
        "x-ms-correlation-request-id": "267fae7b-630c-4c56-b426-a3ae1fff82fa",
        "x-ms-ratelimit-remaining-subscription-reads": "11955",
        "x-ms-request-id": "267fae7b-630c-4c56-b426-a3ae1fff82fa",
        "x-ms-routing-request-id": "SOUTHEASTASIA:20220215T033716Z:267fae7b-630c-4c56-b426-a3ae1fff82fa"
      },
      "ResponseBody": null
    },
    {
      "RequestUri": "https://management.azure.com/subscriptions/00000000-0000-0000-0000-000000000000/resourcegroups/testRG-delete2212019337?api-version=2021-04-01",
      "RequestMethod": "DELETE",
      "RequestHeaders": {
        ":authority": "localhost:5001",
        ":method": "DELETE",
        ":path": "/subscriptions/00000000-0000-0000-0000-000000000000/resourcegroups/testRG-delete2212019337?api-version=2021-04-01",
        ":scheme": "https",
        "Accept": "application/json",
        "Accept-Encoding": "gzip",
        "Authorization": "Sanitized",
        "User-Agent": "azsdk-go-armresources/v0.3.0 azsdk-go-azcore/v0.21.0 (go1.17; Windows_NT)"
      },
      "RequestBody": null,
      "StatusCode": 202,
      "ResponseHeaders": {
        "Cache-Control": "no-cache",
        "Content-Length": "0",
        "Date": "Tue, 15 Feb 2022 03:37:17 GMT",
        "Expires": "-1",
        "Location": "https://management.azure.com/subscriptions/00000000-0000-0000-0000-000000000000/operationresults/eyJqb2JJZCI6IlJFU09VUkNFR1JPVVBERUxFVElPTkpPQi1URVNUUkc6MkRERUxFVEUyMjEyMDE5MzM3LVdFU1RVUyIsImpvYkxvY2F0aW9uIjoid2VzdHVzIn0?api-version=2021-04-01",
        "Pragma": "no-cache",
        "Retry-After": "15",
        "Strict-Transport-Security": "max-age=31536000; includeSubDomains",
        "X-Content-Type-Options": "nosniff",
        "x-ms-correlation-request-id": "779ff635-30b5-4cd8-9f63-32de3f866058",
        "x-ms-ratelimit-remaining-subscription-deletes": "14989",
        "x-ms-request-id": "779ff635-30b5-4cd8-9f63-32de3f866058",
        "x-ms-routing-request-id": "SOUTHEASTASIA:20220215T033717Z:779ff635-30b5-4cd8-9f63-32de3f866058"
      },
      "ResponseBody": null
    }
  ],
  "Variables": {}
}
