{
  "Entries": [
    {
      "RequestUri": "https://management.azure.com/subscriptions/00000000-0000-0000-0000-000000000000/resourcegroups/testRG-validate1938612731?api-version=2021-04-01",
      "RequestMethod": "PUT",
      "RequestHeaders": {
        ":authority": "localhost:5001",
        ":method": "PUT",
        ":path": "/subscriptions/00000000-0000-0000-0000-000000000000/resourcegroups/testRG-validate1938612731?api-version=2021-04-01",
        ":scheme": "https",
        "Accept": "application/json",
        "Accept-Encoding": "gzip",
        "Authorization": "Sanitized",
        "Content-Length": "21",
        "Content-Type": "application/json",
        "User-Agent": "azsdk-go-armresources/v0.3.1 azsdk-go-azcore/v0.21.1 (go1.17; Windows_NT)"
      },
      "RequestBody": {
        "location": "westus"
      },
      "StatusCode": 201,
      "ResponseHeaders": {
        "Cache-Control": "no-cache",
        "Content-Length": "247",
        "Content-Type": "application/json; charset=utf-8",
        "Date": "Thu, 24 Feb 2022 03:05:09 GMT",
        "Expires": "-1",
        "Pragma": "no-cache",
        "Strict-Transport-Security": "max-age=31536000; includeSubDomains",
        "X-Content-Type-Options": "nosniff",
        "x-ms-correlation-request-id": "d4daff3b-cefc-4a72-9b44-795f175c1c86",
        "x-ms-ratelimit-remaining-subscription-writes": "1173",
        "x-ms-request-id": "d4daff3b-cefc-4a72-9b44-795f175c1c86",
        "x-ms-routing-request-id": "SOUTHEASTASIA:20220224T030509Z:d4daff3b-cefc-4a72-9b44-795f175c1c86"
      },
      "ResponseBody": {
        "id": "/subscriptions/00000000-0000-0000-0000-000000000000/resourceGroups/testRG-validate1938612731",
        "name": "testRG-validate1938612731",
        "type": "Microsoft.Resources/resourceGroups",
        "location": "westus",
        "properties": {
          "provisioningState": "Succeeded"
        }
      }
    },
    {
      "RequestUri": "https://management.azure.com/subscriptions/00000000-0000-0000-0000-000000000000/resourcegroups/testRG-validate1938612731/providers/Microsoft.Resources/deployments/rs1938612731?api-version=2021-04-01",
      "RequestMethod": "PUT",
      "RequestHeaders": {
        ":authority": "localhost:5001",
        ":method": "PUT",
        ":path": "/subscriptions/00000000-0000-0000-0000-000000000000/resourcegroups/testRG-validate1938612731/providers/Microsoft.Resources/deployments/rs1938612731?api-version=2021-04-01",
        ":scheme": "https",
        "Accept": "application/json",
        "Accept-Encoding": "gzip",
        "Authorization": "Sanitized",
        "Content-Length": "679",
        "Content-Type": "application/json",
        "User-Agent": "azsdk-go-armresources/v0.3.1 azsdk-go-azcore/v0.21.1 (go1.17; Windows_NT)"
      },
      "RequestBody": "{\u0022properties\u0022:{\u0022mode\u0022:\u0022Incremental\u0022,\u0022parameters\u0022:{\u0022location\u0022:{\u0022value\u0022:\u0022West US\u0022}},\u0022template\u0022:{\u0022$schema\u0022:\u0022https://schema.management.azure.com/schemas/2015-01-01/deploymentTemplate.json#\u0022,\u0022contentVersion\u0022:\u00221.0.0.0\u0022,\u0022outputs\u0022:{\u0022myparameter\u0022:{\u0022type\u0022:\u0022object\u0022,\u0022value\u0022:\u0022[reference(\u0027Microsoft.Compute/availabilitySets/availabilitySet1\u0027)]\u0022}},\u0022parameters\u0022:{\u0022location\u0022:{\u0022allowedValues\u0022:[\u0022East US\u0022,\u0022West US\u0022,\u0022West Europe\u0022,\u0022East Asia\u0022,\u0022South East Asia\u0022],\u0022metadata\u0022:{\u0022description\u0022:\u0022Location to deploy to\u0022},\u0022type\u0022:\u0022string\u0022}},\u0022resources\u0022:[{\u0022apiVersion\u0022:\u00222019-07-01\u0022,\u0022location\u0022:\u0022[parameters(\u0027location\u0027)]\u0022,\u0022name\u0022:\u0022availabilitySet1\u0022,\u0022properties\u0022:{},\u0022type\u0022:\u0022Microsoft.Compute/availabilitySets\u0022}]}}}",
      "StatusCode": 201,
      "ResponseHeaders": {
        "Azure-AsyncOperation": "https://management.azure.com/subscriptions/00000000-0000-0000-0000-000000000000/resourcegroups/testRG-validate1938612731/providers/Microsoft.Resources/deployments/rs1938612731/operationStatuses/08585559349753333754?api-version=2021-04-01",
        "Cache-Control": "no-cache",
        "Content-Length": "652",
        "Content-Type": "application/json; charset=utf-8",
        "Date": "Thu, 24 Feb 2022 03:05:11 GMT",
        "Expires": "-1",
        "Pragma": "no-cache",
        "Strict-Transport-Security": "max-age=31536000; includeSubDomains",
        "X-Content-Type-Options": "nosniff",
        "x-ms-correlation-request-id": "65317587-d926-4438-b1e9-99a70c1edc53",
        "x-ms-ratelimit-remaining-subscription-writes": "1172",
        "x-ms-request-id": "65317587-d926-4438-b1e9-99a70c1edc53",
        "x-ms-routing-request-id": "SOUTHEASTASIA:20220224T030512Z:65317587-d926-4438-b1e9-99a70c1edc53"
      },
      "ResponseBody": {
        "id": "/subscriptions/00000000-0000-0000-0000-000000000000/resourceGroups/testRG-validate1938612731/providers/Microsoft.Resources/deployments/rs1938612731",
        "name": "rs1938612731",
        "type": "Microsoft.Resources/deployments",
        "properties": {
          "templateHash": "3315814388681758746",
          "parameters": {
            "location": {
              "type": "String",
              "value": "West US"
            }
          },
          "mode": "Incremental",
          "provisioningState": "Accepted",
          "timestamp": "2022-02-24T03:05:11.1568122Z",
          "duration": "PT0.0004034S",
          "correlationId": "65317587-d926-4438-b1e9-99a70c1edc53",
          "providers": [
            {
              "namespace": "Microsoft.Compute",
              "resourceTypes": [
                {
                  "resourceType": "availabilitySets",
                  "locations": [
                    "westus"
                  ]
                }
              ]
            }
          ],
          "dependencies": []
        }
      }
    },
    {
      "RequestUri": "https://management.azure.com/subscriptions/00000000-0000-0000-0000-000000000000/resourcegroups/testRG-validate1938612731/providers/Microsoft.Resources/deployments/rs1938612731/operationStatuses/08585559349753333754?api-version=2021-04-01",
      "RequestMethod": "GET",
      "RequestHeaders": {
        ":authority": "localhost:5001",
        ":method": "GET",
        ":path": "/subscriptions/00000000-0000-0000-0000-000000000000/resourcegroups/testRG-validate1938612731/providers/Microsoft.Resources/deployments/rs1938612731/operationStatuses/08585559349753333754?api-version=2021-04-01",
        ":scheme": "https",
        "Accept-Encoding": "gzip",
        "Authorization": "Sanitized",
        "User-Agent": "azsdk-go-armresources/v0.3.1 azsdk-go-azcore/v0.21.1 (go1.17; Windows_NT)"
      },
      "RequestBody": null,
      "StatusCode": 200,
      "ResponseHeaders": {
        "Cache-Control": "no-cache",
        "Content-Encoding": "gzip",
        "Content-Length": "20",
        "Content-Type": "application/json; charset=utf-8",
        "Date": "Thu, 24 Feb 2022 03:05:12 GMT",
        "Expires": "-1",
        "Pragma": "no-cache",
        "Strict-Transport-Security": "max-age=31536000; includeSubDomains",
        "Vary": "Accept-Encoding",
        "X-Content-Type-Options": "nosniff",
        "x-ms-correlation-request-id": "cfe13d17-0285-466d-bfeb-06cc1550a746",
        "x-ms-ratelimit-remaining-subscription-reads": "11943",
        "x-ms-request-id": "cfe13d17-0285-466d-bfeb-06cc1550a746",
        "x-ms-routing-request-id": "SOUTHEASTASIA:20220224T030512Z:cfe13d17-0285-466d-bfeb-06cc1550a746"
      },
      "ResponseBody": {
        "status": "Running"
      }
    },
    {
      "RequestUri": "https://management.azure.com/subscriptions/00000000-0000-0000-0000-000000000000/resourcegroups/testRG-validate1938612731/providers/Microsoft.Resources/deployments/rs1938612731/operationStatuses/08585559349753333754?api-version=2021-04-01",
      "RequestMethod": "GET",
      "RequestHeaders": {
        ":authority": "localhost:5001",
        ":method": "GET",
        ":path": "/subscriptions/00000000-0000-0000-0000-000000000000/resourcegroups/testRG-validate1938612731/providers/Microsoft.Resources/deployments/rs1938612731/operationStatuses/08585559349753333754?api-version=2021-04-01",
        ":scheme": "https",
        "Accept-Encoding": "gzip",
        "Authorization": "Sanitized",
        "User-Agent": "azsdk-go-armresources/v0.3.1 azsdk-go-azcore/v0.21.1 (go1.17; Windows_NT)"
      },
      "RequestBody": null,
      "StatusCode": 200,
      "ResponseHeaders": {
        "Cache-Control": "no-cache",
        "Content-Encoding": "gzip",
        "Content-Length": "22",
        "Content-Type": "application/json; charset=utf-8",
        "Date": "Thu, 24 Feb 2022 03:05:22 GMT",
        "Expires": "-1",
        "Pragma": "no-cache",
        "Strict-Transport-Security": "max-age=31536000; includeSubDomains",
        "Vary": "Accept-Encoding",
        "X-Content-Type-Options": "nosniff",
        "x-ms-correlation-request-id": "9432ccc6-6b52-497e-b179-12acf9bc3272",
        "x-ms-ratelimit-remaining-subscription-reads": "11942",
        "x-ms-request-id": "9432ccc6-6b52-497e-b179-12acf9bc3272",
        "x-ms-routing-request-id": "SOUTHEASTASIA:20220224T030523Z:9432ccc6-6b52-497e-b179-12acf9bc3272"
      },
      "ResponseBody": {
        "status": "Succeeded"
      }
    },
    {
      "RequestUri": "https://management.azure.com/subscriptions/00000000-0000-0000-0000-000000000000/resourcegroups/testRG-validate1938612731/providers/Microsoft.Resources/deployments/rs1938612731?api-version=2021-04-01",
      "RequestMethod": "GET",
      "RequestHeaders": {
        ":authority": "localhost:5001",
        ":method": "GET",
        ":path": "/subscriptions/00000000-0000-0000-0000-000000000000/resourcegroups/testRG-validate1938612731/providers/Microsoft.Resources/deployments/rs1938612731?api-version=2021-04-01",
        ":scheme": "https",
        "Accept-Encoding": "gzip",
        "Authorization": "Sanitized",
        "User-Agent": "azsdk-go-armresources/v0.3.1 azsdk-go-azcore/v0.21.1 (go1.17; Windows_NT)"
      },
      "RequestBody": null,
      "StatusCode": 200,
      "ResponseHeaders": {
        "Cache-Control": "no-cache",
        "Content-Encoding": "gzip",
        "Content-Length": "950",
        "Content-Type": "application/json; charset=utf-8",
        "Date": "Thu, 24 Feb 2022 03:05:23 GMT",
        "Expires": "-1",
        "Pragma": "no-cache",
        "Strict-Transport-Security": "max-age=31536000; includeSubDomains",
        "Vary": "Accept-Encoding",
        "X-Content-Type-Options": "nosniff",
        "x-ms-correlation-request-id": "efccec8a-bcbb-4f80-9379-51fd42603d55",
        "x-ms-ratelimit-remaining-subscription-reads": "11941",
        "x-ms-request-id": "efccec8a-bcbb-4f80-9379-51fd42603d55",
        "x-ms-routing-request-id": "SOUTHEASTASIA:20220224T030523Z:efccec8a-bcbb-4f80-9379-51fd42603d55"
      },
      "ResponseBody": {
        "id": "/subscriptions/00000000-0000-0000-0000-000000000000/resourceGroups/testRG-validate1938612731/providers/Microsoft.Resources/deployments/rs1938612731",
        "name": "rs1938612731",
        "type": "Microsoft.Resources/deployments",
        "properties": {
          "templateHash": "3315814388681758746",
          "parameters": {
            "location": {
              "type": "String",
              "value": "West US"
            }
          },
          "mode": "Incremental",
          "provisioningState": "Succeeded",
          "timestamp": "2022-02-24T03:05:19.5407734Z",
          "duration": "PT8.3843646S",
          "correlationId": "65317587-d926-4438-b1e9-99a70c1edc53",
          "providers": [
            {
              "namespace": "Microsoft.Compute",
              "resourceTypes": [
                {
                  "resourceType": "availabilitySets",
                  "locations": [
                    "westus"
                  ]
                }
              ]
            }
          ],
          "dependencies": [],
          "outputs": {
            "myparameter": {
              "type": "Object",
              "value": {
                "platformUpdateDomainCount": 5,
                "platformFaultDomainCount": 3
              }
            }
          },
          "outputResources": [
            {
              "id": "/subscriptions/00000000-0000-0000-0000-000000000000/resourceGroups/testRG-validate1938612731/providers/Microsoft.Compute/availabilitySets/availabilitySet1"
            }
          ]
        }
      }
    },
    {
      "RequestUri": "https://management.azure.com/subscriptions/00000000-0000-0000-0000-000000000000/resourceGroups/testRG-validate1938612731/providers/Microsoft.Resources/deployments/rs1938612731/validate?api-version=2021-04-01",
      "RequestMethod": "POST",
      "RequestHeaders": {
        ":authority": "localhost:5001",
        ":method": "POST",
        ":path": "/subscriptions/00000000-0000-0000-0000-000000000000/resourceGroups/testRG-validate1938612731/providers/Microsoft.Resources/deployments/rs1938612731/validate?api-version=2021-04-01",
        ":scheme": "https",
        "Accept": "application/json",
        "Accept-Encoding": "gzip",
        "Authorization": "Sanitized",
        "Content-Length": "679",
        "Content-Type": "application/json",
        "User-Agent": "azsdk-go-armresources/v0.3.1 azsdk-go-azcore/v0.21.1 (go1.17; Windows_NT)"
      },
      "RequestBody": "{\u0022properties\u0022:{\u0022mode\u0022:\u0022Incremental\u0022,\u0022parameters\u0022:{\u0022location\u0022:{\u0022value\u0022:\u0022West US\u0022}},\u0022template\u0022:{\u0022$schema\u0022:\u0022https://schema.management.azure.com/schemas/2015-01-01/deploymentTemplate.json#\u0022,\u0022contentVersion\u0022:\u00221.0.0.0\u0022,\u0022outputs\u0022:{\u0022myparameter\u0022:{\u0022type\u0022:\u0022object\u0022,\u0022value\u0022:\u0022[reference(\u0027Microsoft.Compute/availabilitySets/availabilitySet1\u0027)]\u0022}},\u0022parameters\u0022:{\u0022location\u0022:{\u0022allowedValues\u0022:[\u0022East US\u0022,\u0022West US\u0022,\u0022West Europe\u0022,\u0022East Asia\u0022,\u0022South East Asia\u0022],\u0022metadata\u0022:{\u0022description\u0022:\u0022Location to deploy to\u0022},\u0022type\u0022:\u0022string\u0022}},\u0022resources\u0022:[{\u0022apiVersion\u0022:\u00222019-07-01\u0022,\u0022location\u0022:\u0022[parameters(\u0027location\u0027)]\u0022,\u0022name\u0022:\u0022availabilitySet1\u0022,\u0022properties\u0022:{},\u0022type\u0022:\u0022Microsoft.Compute/availabilitySets\u0022}]}}}",
      "StatusCode": 200,
      "ResponseHeaders": {
        "Cache-Control": "no-cache",
        "Content-Encoding": "gzip",
        "Content-Type": "application/json; charset=utf-8",
        "Date": "Thu, 24 Feb 2022 03:05:24 GMT",
        "Expires": "-1",
        "Pragma": "no-cache",
        "Strict-Transport-Security": "max-age=31536000; includeSubDomains",
        "Transfer-Encoding": "chunked",
        "Vary": "Accept-Encoding",
        "X-Content-Type-Options": "nosniff",
        "x-ms-correlation-request-id": "d1c1cec9-8d41-4214-ba71-81aee31fe533",
        "x-ms-ratelimit-remaining-subscription-writes": "1196",
        "x-ms-request-id": "d1c1cec9-8d41-4214-ba71-81aee31fe533",
        "x-ms-routing-request-id": "SOUTHEASTASIA:20220224T030524Z:d1c1cec9-8d41-4214-ba71-81aee31fe533"
      },
      "ResponseBody": {
        "id": "/subscriptions/00000000-0000-0000-0000-000000000000/resourceGroups/testRG-validate1938612731/providers/Microsoft.Resources/deployments/rs1938612731",
        "name": "rs1938612731",
        "type": "Microsoft.Resources/deployments",
        "properties": {
          "templateHash": "3315814388681758746",
          "parameters": {
            "location": {
              "type": "String",
              "value": "West US"
            }
          },
          "mode": "Incremental",
          "provisioningState": "Succeeded",
          "timestamp": "0001-01-01T00:00:00Z",
          "duration": "PT0S",
          "correlationId": "d1c1cec9-8d41-4214-ba71-81aee31fe533",
          "providers": [
            {
              "namespace": "Microsoft.Compute",
              "resourceTypes": [
                {
                  "resourceType": "availabilitySets",
                  "locations": [
                    "westus"
                  ]
                }
              ]
            }
          ],
          "dependencies": [],
          "validatedResources": [
            {
              "id": "/subscriptions/00000000-0000-0000-0000-000000000000/resourceGroups/testRG-validate1938612731/providers/Microsoft.Compute/availabilitySets/availabilitySet1"
            }
          ]
        }
      }
    },
    {
      "RequestUri": "https://management.azure.com/subscriptions/00000000-0000-0000-0000-000000000000/resourcegroups/testRG-validate1938612731?api-version=2021-04-01",
      "RequestMethod": "DELETE",
      "RequestHeaders": {
        ":authority": "localhost:5001",
        ":method": "DELETE",
        ":path": "/subscriptions/00000000-0000-0000-0000-000000000000/resourcegroups/testRG-validate1938612731?api-version=2021-04-01",
        ":scheme": "https",
        "Accept": "application/json",
        "Accept-Encoding": "gzip",
        "Authorization": "Sanitized",
        "User-Agent": "azsdk-go-armresources/v0.3.1 azsdk-go-azcore/v0.21.1 (go1.17; Windows_NT)"
      },
      "RequestBody": null,
      "StatusCode": 202,
      "ResponseHeaders": {
        "Cache-Control": "no-cache",
        "Content-Length": "0",
        "Date": "Thu, 24 Feb 2022 03:05:25 GMT",
        "Expires": "-1",
        "Location": "https://management.azure.com/subscriptions/00000000-0000-0000-0000-000000000000/operationresults/eyJqb2JJZCI6IlJFU09VUkNFR1JPVVBERUxFVElPTkpPQi1URVNUUkc6MkRWQUxJREFURTE5Mzg2MTI3MzEtV0VTVFVTIiwiam9iTG9jYXRpb24iOiJ3ZXN0dXMifQ?api-version=2021-04-01",
        "Pragma": "no-cache",
        "Retry-After": "15",
        "Strict-Transport-Security": "max-age=31536000; includeSubDomains",
        "X-Content-Type-Options": "nosniff",
        "x-ms-correlation-request-id": "c89427a1-ae69-40ee-bc48-30c629e405da",
        "x-ms-ratelimit-remaining-subscription-deletes": "14984",
        "x-ms-request-id": "c89427a1-ae69-40ee-bc48-30c629e405da",
        "x-ms-routing-request-id": "SOUTHEASTASIA:20220224T030525Z:c89427a1-ae69-40ee-bc48-30c629e405da"
      },
      "ResponseBody": null
    }
  ],
  "Variables": {}
}
